<!doctype html public "-//w3c//dtd html 4.0 transitional//en">
<html><head>
<title>Static Call Graph - [.\Objects\prj1.axf]</title></head>
<body><HR>
<H1>Static Call Graph for image .\Objects\prj1.axf</H1><HR>
<BR><P>#&#060CALLGRAPH&#062# ARM Linker, 5060750: Last Updated: Thu Apr 26 16:45:56 2018
<BR><P>
<H3>Maximum Stack Usage =        124 bytes + Unknown(Functions without stacksize, Cycles, Untraceable Function Pointers)</H3><H3>
Call chain for Maximum Stack Depth:</H3>
uart_receive_thread &rArr; uart_init &rArr; uart5_init &rArr; USART_Init &rArr; RCC_GetClocksFreq
<P>
<H3>
Functions with no stack information
</H3><UL>
 <LI><a href="#[86]">__user_initial_stackheap</a>
</UL>
</UL>
<P>
<H3>
Mutually Recursive functions
</H3> <LI><a href="#[4a]">rt_alloc_box</a>&nbsp;&nbsp;&nbsp;&rArr;&nbsp;&nbsp;&nbsp;<a href="#[4a]">rt_alloc_box</a><BR>
 <LI><a href="#[5]">NMI_Handler</a>&nbsp;&nbsp;&nbsp;&rArr;&nbsp;&nbsp;&nbsp;<a href="#[5]">NMI_Handler</a><BR>
 <LI><a href="#[6]">HardFault_Handler</a>&nbsp;&nbsp;&nbsp;&rArr;&nbsp;&nbsp;&nbsp;<a href="#[6]">HardFault_Handler</a><BR>
 <LI><a href="#[7]">MemManage_Handler</a>&nbsp;&nbsp;&nbsp;&rArr;&nbsp;&nbsp;&nbsp;<a href="#[7]">MemManage_Handler</a><BR>
 <LI><a href="#[8]">BusFault_Handler</a>&nbsp;&nbsp;&nbsp;&rArr;&nbsp;&nbsp;&nbsp;<a href="#[8]">BusFault_Handler</a><BR>
 <LI><a href="#[9]">UsageFault_Handler</a>&nbsp;&nbsp;&nbsp;&rArr;&nbsp;&nbsp;&nbsp;<a href="#[9]">UsageFault_Handler</a><BR>
 <LI><a href="#[b]">DebugMon_Handler</a>&nbsp;&nbsp;&nbsp;&rArr;&nbsp;&nbsp;&nbsp;<a href="#[b]">DebugMon_Handler</a><BR>
 <LI><a href="#[20]">ADC1_2_IRQHandler</a>&nbsp;&nbsp;&nbsp;&rArr;&nbsp;&nbsp;&nbsp;<a href="#[20]">ADC1_2_IRQHandler</a><BR>
</UL>
<P>
<H3>
Function Pointers
</H3><UL>
 <LI><a href="#[20]">ADC1_2_IRQHandler</a> from startup_stm32f10x_hd.o(.text) referenced from startup_stm32f10x_hd.o(RESET)
 <LI><a href="#[3d]">ADC3_IRQHandler</a> from startup_stm32f10x_hd.o(.text) referenced from startup_stm32f10x_hd.o(RESET)
 <LI><a href="#[8]">BusFault_Handler</a> from startup_stm32f10x_hd.o(.text) referenced from startup_stm32f10x_hd.o(RESET)
 <LI><a href="#[23]">CAN1_RX1_IRQHandler</a> from startup_stm32f10x_hd.o(.text) referenced from startup_stm32f10x_hd.o(RESET)
 <LI><a href="#[24]">CAN1_SCE_IRQHandler</a> from startup_stm32f10x_hd.o(.text) referenced from startup_stm32f10x_hd.o(RESET)
 <LI><a href="#[19]">DMA1_Channel1_IRQHandler</a> from dma_stm32f10x.o(i.DMA1_Channel1_IRQHandler) referenced from startup_stm32f10x_hd.o(RESET)
 <LI><a href="#[1a]">DMA1_Channel2_IRQHandler</a> from dma_stm32f10x.o(i.DMA1_Channel2_IRQHandler) referenced from startup_stm32f10x_hd.o(RESET)
 <LI><a href="#[1b]">DMA1_Channel3_IRQHandler</a> from dma_stm32f10x.o(i.DMA1_Channel3_IRQHandler) referenced from startup_stm32f10x_hd.o(RESET)
 <LI><a href="#[1c]">DMA1_Channel4_IRQHandler</a> from dma_stm32f10x.o(i.DMA1_Channel4_IRQHandler) referenced from startup_stm32f10x_hd.o(RESET)
 <LI><a href="#[1d]">DMA1_Channel5_IRQHandler</a> from dma_stm32f10x.o(i.DMA1_Channel5_IRQHandler) referenced from startup_stm32f10x_hd.o(RESET)
 <LI><a href="#[1e]">DMA1_Channel6_IRQHandler</a> from dma_stm32f10x.o(i.DMA1_Channel6_IRQHandler) referenced from startup_stm32f10x_hd.o(RESET)
 <LI><a href="#[1f]">DMA1_Channel7_IRQHandler</a> from dma_stm32f10x.o(i.DMA1_Channel7_IRQHandler) referenced from startup_stm32f10x_hd.o(RESET)
 <LI><a href="#[46]">DMA2_Channel1_IRQHandler</a> from dma_stm32f10x.o(i.DMA2_Channel1_IRQHandler) referenced from startup_stm32f10x_hd.o(RESET)
 <LI><a href="#[47]">DMA2_Channel2_IRQHandler</a> from dma_stm32f10x.o(i.DMA2_Channel2_IRQHandler) referenced from startup_stm32f10x_hd.o(RESET)
 <LI><a href="#[48]">DMA2_Channel3_IRQHandler</a> from dma_stm32f10x.o(i.DMA2_Channel3_IRQHandler) referenced from startup_stm32f10x_hd.o(RESET)
 <LI><a href="#[49]">DMA2_Channel4_5_IRQHandler</a> from dma_stm32f10x.o(i.DMA2_Channel4_5_IRQHandler) referenced from startup_stm32f10x_hd.o(RESET)
 <LI><a href="#[b]">DebugMon_Handler</a> from startup_stm32f10x_hd.o(.text) referenced from startup_stm32f10x_hd.o(RESET)
 <LI><a href="#[14]">EXTI0_IRQHandler</a> from startup_stm32f10x_hd.o(.text) referenced from startup_stm32f10x_hd.o(RESET)
 <LI><a href="#[36]">EXTI15_10_IRQHandler</a> from key.o(i.EXTI15_10_IRQHandler) referenced from startup_stm32f10x_hd.o(RESET)
 <LI><a href="#[15]">EXTI1_IRQHandler</a> from key.o(i.EXTI1_IRQHandler) referenced from startup_stm32f10x_hd.o(RESET)
 <LI><a href="#[16]">EXTI2_IRQHandler</a> from startup_stm32f10x_hd.o(.text) referenced from startup_stm32f10x_hd.o(RESET)
 <LI><a href="#[17]">EXTI3_IRQHandler</a> from startup_stm32f10x_hd.o(.text) referenced from startup_stm32f10x_hd.o(RESET)
 <LI><a href="#[18]">EXTI4_IRQHandler</a> from startup_stm32f10x_hd.o(.text) referenced from startup_stm32f10x_hd.o(RESET)
 <LI><a href="#[25]">EXTI9_5_IRQHandler</a> from startup_stm32f10x_hd.o(.text) referenced from startup_stm32f10x_hd.o(RESET)
 <LI><a href="#[12]">FLASH_IRQHandler</a> from startup_stm32f10x_hd.o(.text) referenced from startup_stm32f10x_hd.o(RESET)
 <LI><a href="#[3e]">FSMC_IRQHandler</a> from startup_stm32f10x_hd.o(.text) referenced from startup_stm32f10x_hd.o(RESET)
 <LI><a href="#[6]">HardFault_Handler</a> from startup_stm32f10x_hd.o(.text) referenced from startup_stm32f10x_hd.o(RESET)
 <LI><a href="#[2e]">I2C1_ER_IRQHandler</a> from startup_stm32f10x_hd.o(.text) referenced from startup_stm32f10x_hd.o(RESET)
 <LI><a href="#[2d]">I2C1_EV_IRQHandler</a> from startup_stm32f10x_hd.o(.text) referenced from startup_stm32f10x_hd.o(RESET)
 <LI><a href="#[30]">I2C2_ER_IRQHandler</a> from startup_stm32f10x_hd.o(.text) referenced from startup_stm32f10x_hd.o(RESET)
 <LI><a href="#[2f]">I2C2_EV_IRQHandler</a> from startup_stm32f10x_hd.o(.text) referenced from startup_stm32f10x_hd.o(RESET)
 <LI><a href="#[7]">MemManage_Handler</a> from startup_stm32f10x_hd.o(.text) referenced from startup_stm32f10x_hd.o(RESET)
 <LI><a href="#[5]">NMI_Handler</a> from startup_stm32f10x_hd.o(.text) referenced from startup_stm32f10x_hd.o(RESET)
 <LI><a href="#[f]">PVD_IRQHandler</a> from startup_stm32f10x_hd.o(.text) referenced from startup_stm32f10x_hd.o(RESET)
 <LI><a href="#[c]">PendSV_Handler</a> from hal_cm3.o(.emb_text) referenced from startup_stm32f10x_hd.o(RESET)
 <LI><a href="#[13]">RCC_IRQHandler</a> from startup_stm32f10x_hd.o(.text) referenced from startup_stm32f10x_hd.o(RESET)
 <LI><a href="#[37]">RTCAlarm_IRQHandler</a> from startup_stm32f10x_hd.o(.text) referenced from startup_stm32f10x_hd.o(RESET)
 <LI><a href="#[11]">RTC_IRQHandler</a> from startup_stm32f10x_hd.o(.text) referenced from startup_stm32f10x_hd.o(RESET)
 <LI><a href="#[4]">Reset_Handler</a> from startup_stm32f10x_hd.o(.text) referenced from startup_stm32f10x_hd.o(RESET)
 <LI><a href="#[3f]">SDIO_IRQHandler</a> from startup_stm32f10x_hd.o(.text) referenced from startup_stm32f10x_hd.o(RESET)
 <LI><a href="#[31]">SPI1_IRQHandler</a> from startup_stm32f10x_hd.o(.text) referenced from startup_stm32f10x_hd.o(RESET)
 <LI><a href="#[32]">SPI2_IRQHandler</a> from startup_stm32f10x_hd.o(.text) referenced from startup_stm32f10x_hd.o(RESET)
 <LI><a href="#[41]">SPI3_IRQHandler</a> from startup_stm32f10x_hd.o(.text) referenced from startup_stm32f10x_hd.o(RESET)
 <LI><a href="#[a]">SVC_Handler</a> from hal_cm3.o(.emb_text) referenced from startup_stm32f10x_hd.o(RESET)
 <LI><a href="#[d]">SysTick_Handler</a> from hal_cm3.o(.emb_text) referenced from startup_stm32f10x_hd.o(RESET)
 <LI><a href="#[4c]">SystemInit</a> from system_stm32f10x.o(i.SystemInit) referenced from startup_stm32f10x_hd.o(.text)
 <LI><a href="#[10]">TAMPER_IRQHandler</a> from startup_stm32f10x_hd.o(.text) referenced from startup_stm32f10x_hd.o(RESET)
 <LI><a href="#[26]">TIM1_BRK_IRQHandler</a> from startup_stm32f10x_hd.o(.text) referenced from startup_stm32f10x_hd.o(RESET)
 <LI><a href="#[29]">TIM1_CC_IRQHandler</a> from startup_stm32f10x_hd.o(.text) referenced from startup_stm32f10x_hd.o(RESET)
 <LI><a href="#[28]">TIM1_TRG_COM_IRQHandler</a> from startup_stm32f10x_hd.o(.text) referenced from startup_stm32f10x_hd.o(RESET)
 <LI><a href="#[27]">TIM1_UP_IRQHandler</a> from startup_stm32f10x_hd.o(.text) referenced from startup_stm32f10x_hd.o(RESET)
 <LI><a href="#[2a]">TIM2_IRQHandler</a> from timer2.o(i.TIM2_IRQHandler) referenced from startup_stm32f10x_hd.o(RESET)
 <LI><a href="#[2b]">TIM3_IRQHandler</a> from startup_stm32f10x_hd.o(.text) referenced from startup_stm32f10x_hd.o(RESET)
 <LI><a href="#[2c]">TIM4_IRQHandler</a> from startup_stm32f10x_hd.o(.text) referenced from startup_stm32f10x_hd.o(RESET)
 <LI><a href="#[40]">TIM5_IRQHandler</a> from startup_stm32f10x_hd.o(.text) referenced from startup_stm32f10x_hd.o(RESET)
 <LI><a href="#[44]">TIM6_IRQHandler</a> from startup_stm32f10x_hd.o(.text) referenced from startup_stm32f10x_hd.o(RESET)
 <LI><a href="#[45]">TIM7_IRQHandler</a> from startup_stm32f10x_hd.o(.text) referenced from startup_stm32f10x_hd.o(RESET)
 <LI><a href="#[39]">TIM8_BRK_IRQHandler</a> from startup_stm32f10x_hd.o(.text) referenced from startup_stm32f10x_hd.o(RESET)
 <LI><a href="#[3c]">TIM8_CC_IRQHandler</a> from startup_stm32f10x_hd.o(.text) referenced from startup_stm32f10x_hd.o(RESET)
 <LI><a href="#[3b]">TIM8_TRG_COM_IRQHandler</a> from startup_stm32f10x_hd.o(.text) referenced from startup_stm32f10x_hd.o(RESET)
 <LI><a href="#[3a]">TIM8_UP_IRQHandler</a> from startup_stm32f10x_hd.o(.text) referenced from startup_stm32f10x_hd.o(RESET)
 <LI><a href="#[42]">UART4_IRQHandler</a> from uartthread.o(i.UART4_IRQHandler) referenced from startup_stm32f10x_hd.o(RESET)
 <LI><a href="#[43]">UART5_IRQHandler</a> from uartthread.o(i.UART5_IRQHandler) referenced from startup_stm32f10x_hd.o(RESET)
 <LI><a href="#[33]">USART1_IRQHandler</a> from uartthread.o(i.USART1_IRQHandler) referenced from startup_stm32f10x_hd.o(RESET)
 <LI><a href="#[34]">USART2_IRQHandler</a> from uartthread.o(i.USART2_IRQHandler) referenced from startup_stm32f10x_hd.o(RESET)
 <LI><a href="#[35]">USART3_IRQHandler</a> from uartthread.o(i.USART3_IRQHandler) referenced from startup_stm32f10x_hd.o(RESET)
 <LI><a href="#[38]">USBWakeUp_IRQHandler</a> from startup_stm32f10x_hd.o(.text) referenced from startup_stm32f10x_hd.o(RESET)
 <LI><a href="#[21]">USB_HP_CAN1_TX_IRQHandler</a> from startup_stm32f10x_hd.o(.text) referenced from startup_stm32f10x_hd.o(RESET)
 <LI><a href="#[22]">USB_LP_CAN1_RX0_IRQHandler</a> from startup_stm32f10x_hd.o(.text) referenced from startup_stm32f10x_hd.o(RESET)
 <LI><a href="#[9]">UsageFault_Handler</a> from startup_stm32f10x_hd.o(.text) referenced from startup_stm32f10x_hd.o(RESET)
 <LI><a href="#[e]">WWDG_IRQHandler</a> from startup_stm32f10x_hd.o(.text) referenced from startup_stm32f10x_hd.o(RESET)
 <LI><a href="#[69]">__main</a> from __main.o(!!!main) referenced from startup_stm32f10x_hd.o(.text)
 <LI><a href="#[65]">key_thread</a> from keythread.o(i.key_thread) referenced from keythread.o(.constdata)
 <LI><a href="#[62]">led_thread</a> from ledthread.o(i.led_thread) referenced from ledthread.o(.constdata)
 <LI><a href="#[68]">main</a> from main.o(i.main) referenced from rtx_conf_cm.o(.constdata)
 <LI><a href="#[60]">osThreadExit</a> from rt_cmsis.o(i.osThreadExit) referenced from rt_cmsis.o(i.svcThreadCreate)
 <LI><a href="#[67]">osTimerThread</a> from rt_cmsis.o(i.osTimerThread) referenced from rtx_conf_cm.o(.constdata)
 <LI><a href="#[5f]">os_idle_demon</a> from rtx_conf_cm.o(i.os_idle_demon) referenced from rt_task.o(i.rt_sys_init)
 <LI><a href="#[4a]">rt_alloc_box</a> from rt_membox.o(i.rt_alloc_box) referenced from hal_cm3.o(.emb_text)
 <LI><a href="#[4b]">rt_free_box</a> from rt_membox.o(i.rt_free_box) referenced from hal_cm3.o(.emb_text)
 <LI><a href="#[4f]">rt_mut_release</a> from rt_mutex.o(i.rt_mut_release) referenced from rtx_conf_cm.o(i._mutex_release)
 <LI><a href="#[4e]">rt_mut_wait</a> from rt_mutex.o(i.rt_mut_wait) referenced from rtx_conf_cm.o(i._mutex_acquire)
 <LI><a href="#[50]">svcDelay</a> from rt_cmsis.o(i.svcDelay) referenced from rt_cmsis.o(i.osDelay)
 <LI><a href="#[51]">svcKernelInitialize</a> from rt_cmsis.o(i.svcKernelInitialize) referenced from rt_cmsis.o(i.osKernelInitialize)
 <LI><a href="#[52]">svcKernelStart</a> from rt_cmsis.o(i.svcKernelStart) referenced from rt_cmsis.o(i.osKernelStart)
 <LI><a href="#[53]">svcMessageCreate</a> from rt_cmsis.o(i.svcMessageCreate) referenced from rt_cmsis.o(i.osMessageCreate)
 <LI><a href="#[54]">svcMessageGet</a> from rt_cmsis.o(i.svcMessageGet) referenced from rt_cmsis.o(i.osMessageGet)
 <LI><a href="#[55]">svcMessagePut</a> from rt_cmsis.o(i.svcMessagePut) referenced from rt_cmsis.o(i.osMessagePut)
 <LI><a href="#[57]">svcPoolCreate</a> from rt_cmsis.o(i.svcPoolCreate) referenced from rt_cmsis.o(i.osPoolCreate)
 <LI><a href="#[59]">svcSignalSet</a> from rt_cmsis.o(i.svcSignalSet) referenced from rt_cmsis.o(i.osSignalSet)
 <LI><a href="#[5a]">svcSignalWait</a> from rt_cmsis.o(i.svcSignalWait) referenced from rt_cmsis.o(i.osSignalWait)
 <LI><a href="#[5b]">svcThreadCreate</a> from rt_cmsis.o(i.svcThreadCreate) referenced from rt_cmsis.o(i.osThreadCreate)
 <LI><a href="#[5c]">svcThreadGetId</a> from rt_cmsis.o(i.svcThreadGetId) referenced from rt_cmsis.o(i.osThreadExit)
 <LI><a href="#[5c]">svcThreadGetId</a> from rt_cmsis.o(i.svcThreadGetId) referenced from rt_cmsis.o(i.osThreadGetId)
 <LI><a href="#[5d]">svcThreadTerminate</a> from rt_cmsis.o(i.svcThreadTerminate) referenced from rt_cmsis.o(i.osThreadExit)
 <LI><a href="#[5e]">svcTimerCall</a> from rt_cmsis.o(i.svcTimerCall) referenced from rt_cmsis.o(i.osTimerCall)
 <LI><a href="#[56]">sysPoolAlloc</a> from rt_cmsis.o(i.sysPoolAlloc) referenced from rt_cmsis.o(i.osPoolAlloc)
 <LI><a href="#[58]">sysPoolFree</a> from rt_cmsis.o(i.sysPoolFree) referenced from rt_cmsis.o(i.osPoolFree)
 <LI><a href="#[66]">timeout_thread</a> from timeoutthread.o(i.timeout_thread) referenced from timeoutthread.o(.constdata)
 <LI><a href="#[64]">uart_receive_thread</a> from uartthread.o(i.uart_receive_thread) referenced from uartthread.o(.constdata)
 <LI><a href="#[63]">uart_send_thread</a> from uartthread.o(i.uart_send_thread) referenced from uartthread.o(.constdata)
 <LI><a href="#[61]">uart_test_thread</a> from uarttestthread.o(i.uart_test_thread) referenced from uarttestthread.o(.constdata)
</UL>
<P>
<H3>
Global Symbols
</H3>
<P><STRONG><a name="[69]"></a>__main</STRONG> (Thumb, 8 bytes, Stack size 0 bytes, __main.o(!!!main))
<BR><BR>[Calls]<UL><LI><a href="#[6d]">&gt;&gt;</a>&nbsp;&nbsp;&nbsp;__rt_entry
<LI><a href="#[6c]">&gt;&gt;</a>&nbsp;&nbsp;&nbsp;__scatterload
</UL>

<P><STRONG><a name="[6c]"></a>__scatterload</STRONG> (Thumb, 0 bytes, Stack size unknown bytes, __scatter.o(!!!scatter))
<BR><BR>[Called By]<UL><LI><a href="#[69]">&gt;&gt;</a>&nbsp;&nbsp;&nbsp;__main
</UL>

<P><STRONG><a name="[6e]"></a>__scatterload_rt2</STRONG> (Thumb, 44 bytes, Stack size unknown bytes, __scatter.o(!!!scatter), UNUSED)
<BR><BR>[Calls]<UL><LI><a href="#[6d]">&gt;&gt;</a>&nbsp;&nbsp;&nbsp;__rt_entry
</UL>

<P><STRONG><a name="[100]"></a>__scatterload_rt2_thumb_only</STRONG> (Thumb, 0 bytes, Stack size unknown bytes, __scatter.o(!!!scatter), UNUSED)

<P><STRONG><a name="[101]"></a>__scatterload_null</STRONG> (Thumb, 0 bytes, Stack size unknown bytes, __scatter.o(!!!scatter), UNUSED)

<P><STRONG><a name="[6f]"></a>__scatterload_copy</STRONG> (Thumb, 26 bytes, Stack size unknown bytes, __scatter_copy.o(!!handler_copy), UNUSED)
<BR><BR>[Calls]<UL><LI><a href="#[6f]">&gt;&gt;</a>&nbsp;&nbsp;&nbsp;__scatterload_copy
</UL>
<BR>[Called By]<UL><LI><a href="#[6f]">&gt;&gt;</a>&nbsp;&nbsp;&nbsp;__scatterload_copy
</UL>

<P><STRONG><a name="[102]"></a>__scatterload_zeroinit</STRONG> (Thumb, 28 bytes, Stack size unknown bytes, __scatter_zi.o(!!handler_zi), UNUSED)

<P><STRONG><a name="[73]"></a>__rt_lib_init</STRONG> (Thumb, 0 bytes, Stack size unknown bytes, libinit.o(.ARM.Collect$$libinit$$00000000))
<BR><BR>[Called By]<UL><LI><a href="#[72]">&gt;&gt;</a>&nbsp;&nbsp;&nbsp;__rt_entry_li
</UL>

<P><STRONG><a name="[103]"></a>__rt_lib_init_alloca_1</STRONG> (Thumb, 0 bytes, Stack size unknown bytes, libinit2.o(.ARM.Collect$$libinit$$0000002E))

<P><STRONG><a name="[104]"></a>__rt_lib_init_argv_1</STRONG> (Thumb, 0 bytes, Stack size unknown bytes, libinit2.o(.ARM.Collect$$libinit$$0000002C))

<P><STRONG><a name="[105]"></a>__rt_lib_init_atexit_1</STRONG> (Thumb, 0 bytes, Stack size unknown bytes, libinit2.o(.ARM.Collect$$libinit$$0000001B))

<P><STRONG><a name="[106]"></a>__rt_lib_init_clock_1</STRONG> (Thumb, 0 bytes, Stack size unknown bytes, libinit2.o(.ARM.Collect$$libinit$$00000021))

<P><STRONG><a name="[107]"></a>__rt_lib_init_cpp_1</STRONG> (Thumb, 0 bytes, Stack size unknown bytes, libinit2.o(.ARM.Collect$$libinit$$00000032))

<P><STRONG><a name="[108]"></a>__rt_lib_init_exceptions_1</STRONG> (Thumb, 0 bytes, Stack size unknown bytes, libinit2.o(.ARM.Collect$$libinit$$00000030))

<P><STRONG><a name="[109]"></a>__rt_lib_init_fp_1</STRONG> (Thumb, 0 bytes, Stack size unknown bytes, libinit2.o(.ARM.Collect$$libinit$$00000002))

<P><STRONG><a name="[10a]"></a>__rt_lib_init_fp_trap_1</STRONG> (Thumb, 0 bytes, Stack size unknown bytes, libinit2.o(.ARM.Collect$$libinit$$0000001F))

<P><STRONG><a name="[10b]"></a>__rt_lib_init_getenv_1</STRONG> (Thumb, 0 bytes, Stack size unknown bytes, libinit2.o(.ARM.Collect$$libinit$$00000023))

<P><STRONG><a name="[10c]"></a>__rt_lib_init_heap_1</STRONG> (Thumb, 0 bytes, Stack size unknown bytes, libinit2.o(.ARM.Collect$$libinit$$0000000A))

<P><STRONG><a name="[10d]"></a>__rt_lib_init_lc_collate_1</STRONG> (Thumb, 0 bytes, Stack size unknown bytes, libinit2.o(.ARM.Collect$$libinit$$00000011))

<P><STRONG><a name="[10e]"></a>__rt_lib_init_lc_ctype_1</STRONG> (Thumb, 0 bytes, Stack size unknown bytes, libinit2.o(.ARM.Collect$$libinit$$00000013))

<P><STRONG><a name="[10f]"></a>__rt_lib_init_lc_monetary_1</STRONG> (Thumb, 0 bytes, Stack size unknown bytes, libinit2.o(.ARM.Collect$$libinit$$00000015))

<P><STRONG><a name="[110]"></a>__rt_lib_init_lc_numeric_1</STRONG> (Thumb, 0 bytes, Stack size unknown bytes, libinit2.o(.ARM.Collect$$libinit$$00000017))

<P><STRONG><a name="[111]"></a>__rt_lib_init_lc_time_1</STRONG> (Thumb, 0 bytes, Stack size unknown bytes, libinit2.o(.ARM.Collect$$libinit$$00000019))

<P><STRONG><a name="[112]"></a>__rt_lib_init_preinit_1</STRONG> (Thumb, 0 bytes, Stack size unknown bytes, libinit2.o(.ARM.Collect$$libinit$$00000004))

<P><STRONG><a name="[113]"></a>__rt_lib_init_rand_1</STRONG> (Thumb, 0 bytes, Stack size unknown bytes, libinit2.o(.ARM.Collect$$libinit$$0000000E))

<P><STRONG><a name="[114]"></a>__rt_lib_init_return</STRONG> (Thumb, 0 bytes, Stack size unknown bytes, libinit2.o(.ARM.Collect$$libinit$$00000033))

<P><STRONG><a name="[115]"></a>__rt_lib_init_signal_1</STRONG> (Thumb, 0 bytes, Stack size unknown bytes, libinit2.o(.ARM.Collect$$libinit$$0000001D))

<P><STRONG><a name="[116]"></a>__rt_lib_init_stdio_1</STRONG> (Thumb, 0 bytes, Stack size unknown bytes, libinit2.o(.ARM.Collect$$libinit$$00000025))

<P><STRONG><a name="[117]"></a>__rt_lib_init_user_alloc_1</STRONG> (Thumb, 0 bytes, Stack size unknown bytes, libinit2.o(.ARM.Collect$$libinit$$0000000C))

<P><STRONG><a name="[79]"></a>__rt_lib_shutdown</STRONG> (Thumb, 0 bytes, Stack size unknown bytes, libshutdown.o(.ARM.Collect$$libshutdown$$00000000))
<BR><BR>[Called By]<UL><LI><a href="#[78]">&gt;&gt;</a>&nbsp;&nbsp;&nbsp;__rt_exit_ls
</UL>

<P><STRONG><a name="[118]"></a>__rt_lib_shutdown_cpp_1</STRONG> (Thumb, 0 bytes, Stack size unknown bytes, libshutdown2.o(.ARM.Collect$$libshutdown$$00000002))

<P><STRONG><a name="[119]"></a>__rt_lib_shutdown_fp_trap_1</STRONG> (Thumb, 0 bytes, Stack size unknown bytes, libshutdown2.o(.ARM.Collect$$libshutdown$$00000007))

<P><STRONG><a name="[11a]"></a>__rt_lib_shutdown_heap_1</STRONG> (Thumb, 0 bytes, Stack size unknown bytes, libshutdown2.o(.ARM.Collect$$libshutdown$$0000000F))

<P><STRONG><a name="[11b]"></a>__rt_lib_shutdown_return</STRONG> (Thumb, 0 bytes, Stack size unknown bytes, libshutdown2.o(.ARM.Collect$$libshutdown$$00000010))

<P><STRONG><a name="[11c]"></a>__rt_lib_shutdown_signal_1</STRONG> (Thumb, 0 bytes, Stack size unknown bytes, libshutdown2.o(.ARM.Collect$$libshutdown$$0000000A))

<P><STRONG><a name="[11d]"></a>__rt_lib_shutdown_stdio_1</STRONG> (Thumb, 0 bytes, Stack size unknown bytes, libshutdown2.o(.ARM.Collect$$libshutdown$$00000004))

<P><STRONG><a name="[11e]"></a>__rt_lib_shutdown_user_alloc_1</STRONG> (Thumb, 0 bytes, Stack size unknown bytes, libshutdown2.o(.ARM.Collect$$libshutdown$$0000000C))

<P><STRONG><a name="[6d]"></a>__rt_entry</STRONG> (Thumb, 0 bytes, Stack size unknown bytes, __rtentry.o(.ARM.Collect$$rtentry$$00000000))
<BR><BR>[Called By]<UL><LI><a href="#[69]">&gt;&gt;</a>&nbsp;&nbsp;&nbsp;__main
<LI><a href="#[6e]">&gt;&gt;</a>&nbsp;&nbsp;&nbsp;__scatterload_rt2
</UL>

<P><STRONG><a name="[11f]"></a>__rt_entry_presh_1</STRONG> (Thumb, 0 bytes, Stack size unknown bytes, __rtentry2.o(.ARM.Collect$$rtentry$$00000002))

<P><STRONG><a name="[70]"></a>__rt_entry_sh</STRONG> (Thumb, 0 bytes, Stack size unknown bytes, __rtentry4.o(.ARM.Collect$$rtentry$$00000004))
<BR><BR>[Stack]<UL><LI>Max Depth = 8 + Unknown Stack Size
<LI>Call Chain = __rt_entry_sh &rArr; __user_setup_stackheap
</UL>
<BR>[Calls]<UL><LI><a href="#[71]">&gt;&gt;</a>&nbsp;&nbsp;&nbsp;__user_setup_stackheap
</UL>

<P><STRONG><a name="[72]"></a>__rt_entry_li</STRONG> (Thumb, 0 bytes, Stack size unknown bytes, __rtentry2.o(.ARM.Collect$$rtentry$$0000000A))
<BR><BR>[Calls]<UL><LI><a href="#[73]">&gt;&gt;</a>&nbsp;&nbsp;&nbsp;__rt_lib_init
</UL>

<P><STRONG><a name="[120]"></a>__rt_entry_postsh_1</STRONG> (Thumb, 0 bytes, Stack size unknown bytes, __rtentry2.o(.ARM.Collect$$rtentry$$00000009))

<P><STRONG><a name="[74]"></a>__rt_entry_postli_1</STRONG> (Thumb, 0 bytes, Stack size unknown bytes, __rtentry2.o(.ARM.Collect$$rtentry$$0000000B))
<BR><BR>[Stack]<UL><LI>Max Depth = 80 + Unknown Stack Size
<LI>Call Chain = __rt_entry_postli_1 &rArr; _platform_post_lib_init &rArr; osKernelInitialize &rArr; svcKernelInitialize &rArr; svcThreadCreate &rArr; rt_tsk_create &rArr; rt_init_context &rArr; rt_init_stack
</UL>
<BR>[Calls]<UL><LI><a href="#[75]">&gt;&gt;</a>&nbsp;&nbsp;&nbsp;_platform_post_lib_init
</UL>

<P><STRONG><a name="[76]"></a>__rt_entry_main</STRONG> (Thumb, 0 bytes, Stack size unknown bytes, __rtentry2.o(.ARM.Collect$$rtentry$$0000000D))
<BR><BR>[Stack]<UL><LI>Max Depth = 88 + Unknown Stack Size
<LI>Call Chain = __rt_entry_main &rArr; main &rArr; osKernelInitialize &rArr; svcKernelInitialize &rArr; svcThreadCreate &rArr; rt_tsk_create &rArr; rt_init_context &rArr; rt_init_stack
</UL>
<BR>[Calls]<UL><LI><a href="#[68]">&gt;&gt;</a>&nbsp;&nbsp;&nbsp;main
<LI><a href="#[77]">&gt;&gt;</a>&nbsp;&nbsp;&nbsp;exit
</UL>

<P><STRONG><a name="[84]"></a>__rt_exit</STRONG> (Thumb, 0 bytes, Stack size unknown bytes, rtexit.o(.ARM.Collect$$rtexit$$00000000))
<BR><BR>[Called By]<UL><LI><a href="#[77]">&gt;&gt;</a>&nbsp;&nbsp;&nbsp;exit
</UL>

<P><STRONG><a name="[78]"></a>__rt_exit_ls</STRONG> (Thumb, 0 bytes, Stack size unknown bytes, rtexit2.o(.ARM.Collect$$rtexit$$00000003))
<BR><BR>[Calls]<UL><LI><a href="#[79]">&gt;&gt;</a>&nbsp;&nbsp;&nbsp;__rt_lib_shutdown
</UL>

<P><STRONG><a name="[121]"></a>__rt_exit_prels_1</STRONG> (Thumb, 0 bytes, Stack size unknown bytes, rtexit2.o(.ARM.Collect$$rtexit$$00000002))

<P><STRONG><a name="[7a]"></a>__rt_exit_exit</STRONG> (Thumb, 0 bytes, Stack size unknown bytes, rtexit2.o(.ARM.Collect$$rtexit$$00000004))
<BR><BR>[Calls]<UL><LI><a href="#[7b]">&gt;&gt;</a>&nbsp;&nbsp;&nbsp;_sys_exit
</UL>

<P><STRONG><a name="[75]"></a>_platform_post_lib_init</STRONG> (Thumb, 24 bytes, Stack size 0 bytes, rtx_conf_cm.o(.emb_text))
<BR><BR>[Stack]<UL><LI>Max Depth = 80 + Unknown Stack Size
<LI>Call Chain = _platform_post_lib_init &rArr; osKernelInitialize &rArr; svcKernelInitialize &rArr; svcThreadCreate &rArr; rt_tsk_create &rArr; rt_init_context &rArr; rt_init_stack
</UL>
<BR>[Calls]<UL><LI><a href="#[7d]">&gt;&gt;</a>&nbsp;&nbsp;&nbsp;osThreadCreate
<LI><a href="#[7e]">&gt;&gt;</a>&nbsp;&nbsp;&nbsp;osKernelStart
<LI><a href="#[7c]">&gt;&gt;</a>&nbsp;&nbsp;&nbsp;osKernelInitialize
<LI><a href="#[77]">&gt;&gt;</a>&nbsp;&nbsp;&nbsp;exit
</UL>
<BR>[Called By]<UL><LI><a href="#[74]">&gt;&gt;</a>&nbsp;&nbsp;&nbsp;__rt_entry_postli_1
</UL>

<P><STRONG><a name="[122]"></a>rt_set_PSP</STRONG> (Thumb, 6 bytes, Stack size 0 bytes, hal_cm3.o(.emb_text), UNUSED)

<P><STRONG><a name="[ea]"></a>rt_get_PSP</STRONG> (Thumb, 6 bytes, Stack size 0 bytes, hal_cm3.o(.emb_text))
<BR><BR>[Called By]<UL><LI><a href="#[e9]">&gt;&gt;</a>&nbsp;&nbsp;&nbsp;rt_tsk_delete
</UL>

<P><STRONG><a name="[123]"></a>os_set_env</STRONG> (Thumb, 24 bytes, Stack size 0 bytes, hal_cm3.o(.emb_text), UNUSED)

<P><STRONG><a name="[124]"></a>_alloc_box</STRONG> (Thumb, 28 bytes, Stack size 0 bytes, hal_cm3.o(.emb_text), UNUSED)

<P><STRONG><a name="[125]"></a>_free_box</STRONG> (Thumb, 28 bytes, Stack size 0 bytes, hal_cm3.o(.emb_text), UNUSED)

<P><STRONG><a name="[a]"></a>SVC_Handler</STRONG> (Thumb, 108 bytes, Stack size 0 bytes, hal_cm3.o(.emb_text))
<BR><BR>[Calls]<UL><LI><a href="#[7f]">&gt;&gt;</a>&nbsp;&nbsp;&nbsp;rt_stk_check
</UL>
<BR>[Address Reference Count : 1]<UL><LI> startup_stm32f10x_hd.o(RESET)
</UL>
<P><STRONG><a name="[c]"></a>PendSV_Handler</STRONG> (Thumb, 56 bytes, Stack size 0 bytes, hal_cm3.o(.emb_text))
<BR><BR>[Stack]<UL><LI>Max Depth = 52<LI>Call Chain = PendSV_Handler &rArr; rt_pop_req &rArr; rt_mbx_psh &rArr; rt_put_prio
</UL>
<BR>[Calls]<UL><LI><a href="#[80]">&gt;&gt;</a>&nbsp;&nbsp;&nbsp;rt_pop_req
<LI><a href="#[7f]">&gt;&gt;</a>&nbsp;&nbsp;&nbsp;rt_stk_check
</UL>
<BR>[Address Reference Count : 1]<UL><LI> startup_stm32f10x_hd.o(RESET)
</UL>
<P><STRONG><a name="[d]"></a>SysTick_Handler</STRONG> (Thumb, 8 bytes, Stack size 0 bytes, hal_cm3.o(.emb_text))
<BR><BR>[Stack]<UL><LI>Max Depth = 72<LI>Call Chain = SysTick_Handler &rArr; rt_systick &rArr; sysTimerTick &rArr; isrMessagePut &rArr; isr_mbx_send &rArr; rt_psq_enq
</UL>
<BR>[Calls]<UL><LI><a href="#[81]">&gt;&gt;</a>&nbsp;&nbsp;&nbsp;rt_systick
</UL>
<BR>[Address Reference Count : 1]<UL><LI> startup_stm32f10x_hd.o(RESET)
</UL>
<P><STRONG><a name="[82]"></a>OS_Tick_Handler</STRONG> (Thumb, 12 bytes, Stack size 0 bytes, hal_cm3.o(.emb_text), UNUSED)
<BR><BR>[Calls]<UL><LI><a href="#[83]">&gt;&gt;</a>&nbsp;&nbsp;&nbsp;os_tick_irqack
<LI><a href="#[81]">&gt;&gt;</a>&nbsp;&nbsp;&nbsp;rt_systick
</UL>

<P><STRONG><a name="[4]"></a>Reset_Handler</STRONG> (Thumb, 8 bytes, Stack size 0 bytes, startup_stm32f10x_hd.o(.text))
<BR>[Address Reference Count : 1]<UL><LI> startup_stm32f10x_hd.o(RESET)
</UL>
<P><STRONG><a name="[5]"></a>NMI_Handler</STRONG> (Thumb, 2 bytes, Stack size 0 bytes, startup_stm32f10x_hd.o(.text))
<BR><BR>[Calls]<UL><LI><a href="#[5]">&gt;&gt;</a>&nbsp;&nbsp;&nbsp;NMI_Handler
</UL>
<BR>[Called By]<UL><LI><a href="#[5]">&gt;&gt;</a>&nbsp;&nbsp;&nbsp;NMI_Handler
</UL>
<BR>[Address Reference Count : 1]<UL><LI> startup_stm32f10x_hd.o(RESET)
</UL>
<P><STRONG><a name="[6]"></a>HardFault_Handler</STRONG> (Thumb, 2 bytes, Stack size 0 bytes, startup_stm32f10x_hd.o(.text))
<BR><BR>[Calls]<UL><LI><a href="#[6]">&gt;&gt;</a>&nbsp;&nbsp;&nbsp;HardFault_Handler
</UL>
<BR>[Called By]<UL><LI><a href="#[6]">&gt;&gt;</a>&nbsp;&nbsp;&nbsp;HardFault_Handler
</UL>
<BR>[Address Reference Count : 1]<UL><LI> startup_stm32f10x_hd.o(RESET)
</UL>
<P><STRONG><a name="[7]"></a>MemManage_Handler</STRONG> (Thumb, 2 bytes, Stack size 0 bytes, startup_stm32f10x_hd.o(.text))
<BR><BR>[Calls]<UL><LI><a href="#[7]">&gt;&gt;</a>&nbsp;&nbsp;&nbsp;MemManage_Handler
</UL>
<BR>[Called By]<UL><LI><a href="#[7]">&gt;&gt;</a>&nbsp;&nbsp;&nbsp;MemManage_Handler
</UL>
<BR>[Address Reference Count : 1]<UL><LI> startup_stm32f10x_hd.o(RESET)
</UL>
<P><STRONG><a name="[8]"></a>BusFault_Handler</STRONG> (Thumb, 2 bytes, Stack size 0 bytes, startup_stm32f10x_hd.o(.text))
<BR><BR>[Calls]<UL><LI><a href="#[8]">&gt;&gt;</a>&nbsp;&nbsp;&nbsp;BusFault_Handler
</UL>
<BR>[Called By]<UL><LI><a href="#[8]">&gt;&gt;</a>&nbsp;&nbsp;&nbsp;BusFault_Handler
</UL>
<BR>[Address Reference Count : 1]<UL><LI> startup_stm32f10x_hd.o(RESET)
</UL>
<P><STRONG><a name="[9]"></a>UsageFault_Handler</STRONG> (Thumb, 2 bytes, Stack size 0 bytes, startup_stm32f10x_hd.o(.text))
<BR><BR>[Calls]<UL><LI><a href="#[9]">&gt;&gt;</a>&nbsp;&nbsp;&nbsp;UsageFault_Handler
</UL>
<BR>[Called By]<UL><LI><a href="#[9]">&gt;&gt;</a>&nbsp;&nbsp;&nbsp;UsageFault_Handler
</UL>
<BR>[Address Reference Count : 1]<UL><LI> startup_stm32f10x_hd.o(RESET)
</UL>
<P><STRONG><a name="[b]"></a>DebugMon_Handler</STRONG> (Thumb, 2 bytes, Stack size 0 bytes, startup_stm32f10x_hd.o(.text))
<BR><BR>[Calls]<UL><LI><a href="#[b]">&gt;&gt;</a>&nbsp;&nbsp;&nbsp;DebugMon_Handler
</UL>
<BR>[Called By]<UL><LI><a href="#[b]">&gt;&gt;</a>&nbsp;&nbsp;&nbsp;DebugMon_Handler
</UL>
<BR>[Address Reference Count : 1]<UL><LI> startup_stm32f10x_hd.o(RESET)
</UL>
<P><STRONG><a name="[20]"></a>ADC1_2_IRQHandler</STRONG> (Thumb, 0 bytes, Stack size 0 bytes, startup_stm32f10x_hd.o(.text))
<BR><BR>[Calls]<UL><LI><a href="#[20]">&gt;&gt;</a>&nbsp;&nbsp;&nbsp;ADC1_2_IRQHandler
</UL>
<BR>[Called By]<UL><LI><a href="#[20]">&gt;&gt;</a>&nbsp;&nbsp;&nbsp;ADC1_2_IRQHandler
</UL>
<BR>[Address Reference Count : 1]<UL><LI> startup_stm32f10x_hd.o(RESET)
</UL>
<P><STRONG><a name="[3d]"></a>ADC3_IRQHandler</STRONG> (Thumb, 0 bytes, Stack size 0 bytes, startup_stm32f10x_hd.o(.text))
<BR>[Address Reference Count : 1]<UL><LI> startup_stm32f10x_hd.o(RESET)
</UL>
<P><STRONG><a name="[23]"></a>CAN1_RX1_IRQHandler</STRONG> (Thumb, 0 bytes, Stack size 0 bytes, startup_stm32f10x_hd.o(.text))
<BR>[Address Reference Count : 1]<UL><LI> startup_stm32f10x_hd.o(RESET)
</UL>
<P><STRONG><a name="[24]"></a>CAN1_SCE_IRQHandler</STRONG> (Thumb, 0 bytes, Stack size 0 bytes, startup_stm32f10x_hd.o(.text))
<BR>[Address Reference Count : 1]<UL><LI> startup_stm32f10x_hd.o(RESET)
</UL>
<P><STRONG><a name="[14]"></a>EXTI0_IRQHandler</STRONG> (Thumb, 0 bytes, Stack size 0 bytes, startup_stm32f10x_hd.o(.text))
<BR>[Address Reference Count : 1]<UL><LI> startup_stm32f10x_hd.o(RESET)
</UL>
<P><STRONG><a name="[16]"></a>EXTI2_IRQHandler</STRONG> (Thumb, 0 bytes, Stack size 0 bytes, startup_stm32f10x_hd.o(.text))
<BR>[Address Reference Count : 1]<UL><LI> startup_stm32f10x_hd.o(RESET)
</UL>
<P><STRONG><a name="[17]"></a>EXTI3_IRQHandler</STRONG> (Thumb, 0 bytes, Stack size 0 bytes, startup_stm32f10x_hd.o(.text))
<BR>[Address Reference Count : 1]<UL><LI> startup_stm32f10x_hd.o(RESET)
</UL>
<P><STRONG><a name="[18]"></a>EXTI4_IRQHandler</STRONG> (Thumb, 0 bytes, Stack size 0 bytes, startup_stm32f10x_hd.o(.text))
<BR>[Address Reference Count : 1]<UL><LI> startup_stm32f10x_hd.o(RESET)
</UL>
<P><STRONG><a name="[25]"></a>EXTI9_5_IRQHandler</STRONG> (Thumb, 0 bytes, Stack size 0 bytes, startup_stm32f10x_hd.o(.text))
<BR>[Address Reference Count : 1]<UL><LI> startup_stm32f10x_hd.o(RESET)
</UL>
<P><STRONG><a name="[12]"></a>FLASH_IRQHandler</STRONG> (Thumb, 0 bytes, Stack size 0 bytes, startup_stm32f10x_hd.o(.text))
<BR>[Address Reference Count : 1]<UL><LI> startup_stm32f10x_hd.o(RESET)
</UL>
<P><STRONG><a name="[3e]"></a>FSMC_IRQHandler</STRONG> (Thumb, 0 bytes, Stack size 0 bytes, startup_stm32f10x_hd.o(.text))
<BR>[Address Reference Count : 1]<UL><LI> startup_stm32f10x_hd.o(RESET)
</UL>
<P><STRONG><a name="[2e]"></a>I2C1_ER_IRQHandler</STRONG> (Thumb, 0 bytes, Stack size 0 bytes, startup_stm32f10x_hd.o(.text))
<BR>[Address Reference Count : 1]<UL><LI> startup_stm32f10x_hd.o(RESET)
</UL>
<P><STRONG><a name="[2d]"></a>I2C1_EV_IRQHandler</STRONG> (Thumb, 0 bytes, Stack size 0 bytes, startup_stm32f10x_hd.o(.text))
<BR>[Address Reference Count : 1]<UL><LI> startup_stm32f10x_hd.o(RESET)
</UL>
<P><STRONG><a name="[30]"></a>I2C2_ER_IRQHandler</STRONG> (Thumb, 0 bytes, Stack size 0 bytes, startup_stm32f10x_hd.o(.text))
<BR>[Address Reference Count : 1]<UL><LI> startup_stm32f10x_hd.o(RESET)
</UL>
<P><STRONG><a name="[2f]"></a>I2C2_EV_IRQHandler</STRONG> (Thumb, 0 bytes, Stack size 0 bytes, startup_stm32f10x_hd.o(.text))
<BR>[Address Reference Count : 1]<UL><LI> startup_stm32f10x_hd.o(RESET)
</UL>
<P><STRONG><a name="[f]"></a>PVD_IRQHandler</STRONG> (Thumb, 0 bytes, Stack size 0 bytes, startup_stm32f10x_hd.o(.text))
<BR>[Address Reference Count : 1]<UL><LI> startup_stm32f10x_hd.o(RESET)
</UL>
<P><STRONG><a name="[13]"></a>RCC_IRQHandler</STRONG> (Thumb, 0 bytes, Stack size 0 bytes, startup_stm32f10x_hd.o(.text))
<BR>[Address Reference Count : 1]<UL><LI> startup_stm32f10x_hd.o(RESET)
</UL>
<P><STRONG><a name="[37]"></a>RTCAlarm_IRQHandler</STRONG> (Thumb, 0 bytes, Stack size 0 bytes, startup_stm32f10x_hd.o(.text))
<BR>[Address Reference Count : 1]<UL><LI> startup_stm32f10x_hd.o(RESET)
</UL>
<P><STRONG><a name="[11]"></a>RTC_IRQHandler</STRONG> (Thumb, 0 bytes, Stack size 0 bytes, startup_stm32f10x_hd.o(.text))
<BR>[Address Reference Count : 1]<UL><LI> startup_stm32f10x_hd.o(RESET)
</UL>
<P><STRONG><a name="[3f]"></a>SDIO_IRQHandler</STRONG> (Thumb, 0 bytes, Stack size 0 bytes, startup_stm32f10x_hd.o(.text))
<BR>[Address Reference Count : 1]<UL><LI> startup_stm32f10x_hd.o(RESET)
</UL>
<P><STRONG><a name="[31]"></a>SPI1_IRQHandler</STRONG> (Thumb, 0 bytes, Stack size 0 bytes, startup_stm32f10x_hd.o(.text))
<BR>[Address Reference Count : 1]<UL><LI> startup_stm32f10x_hd.o(RESET)
</UL>
<P><STRONG><a name="[32]"></a>SPI2_IRQHandler</STRONG> (Thumb, 0 bytes, Stack size 0 bytes, startup_stm32f10x_hd.o(.text))
<BR>[Address Reference Count : 1]<UL><LI> startup_stm32f10x_hd.o(RESET)
</UL>
<P><STRONG><a name="[41]"></a>SPI3_IRQHandler</STRONG> (Thumb, 0 bytes, Stack size 0 bytes, startup_stm32f10x_hd.o(.text))
<BR>[Address Reference Count : 1]<UL><LI> startup_stm32f10x_hd.o(RESET)
</UL>
<P><STRONG><a name="[10]"></a>TAMPER_IRQHandler</STRONG> (Thumb, 0 bytes, Stack size 0 bytes, startup_stm32f10x_hd.o(.text))
<BR>[Address Reference Count : 1]<UL><LI> startup_stm32f10x_hd.o(RESET)
</UL>
<P><STRONG><a name="[26]"></a>TIM1_BRK_IRQHandler</STRONG> (Thumb, 0 bytes, Stack size 0 bytes, startup_stm32f10x_hd.o(.text))
<BR>[Address Reference Count : 1]<UL><LI> startup_stm32f10x_hd.o(RESET)
</UL>
<P><STRONG><a name="[29]"></a>TIM1_CC_IRQHandler</STRONG> (Thumb, 0 bytes, Stack size 0 bytes, startup_stm32f10x_hd.o(.text))
<BR>[Address Reference Count : 1]<UL><LI> startup_stm32f10x_hd.o(RESET)
</UL>
<P><STRONG><a name="[28]"></a>TIM1_TRG_COM_IRQHandler</STRONG> (Thumb, 0 bytes, Stack size 0 bytes, startup_stm32f10x_hd.o(.text))
<BR>[Address Reference Count : 1]<UL><LI> startup_stm32f10x_hd.o(RESET)
</UL>
<P><STRONG><a name="[27]"></a>TIM1_UP_IRQHandler</STRONG> (Thumb, 0 bytes, Stack size 0 bytes, startup_stm32f10x_hd.o(.text))
<BR>[Address Reference Count : 1]<UL><LI> startup_stm32f10x_hd.o(RESET)
</UL>
<P><STRONG><a name="[2b]"></a>TIM3_IRQHandler</STRONG> (Thumb, 0 bytes, Stack size 0 bytes, startup_stm32f10x_hd.o(.text))
<BR>[Address Reference Count : 1]<UL><LI> startup_stm32f10x_hd.o(RESET)
</UL>
<P><STRONG><a name="[2c]"></a>TIM4_IRQHandler</STRONG> (Thumb, 0 bytes, Stack size 0 bytes, startup_stm32f10x_hd.o(.text))
<BR>[Address Reference Count : 1]<UL><LI> startup_stm32f10x_hd.o(RESET)
</UL>
<P><STRONG><a name="[40]"></a>TIM5_IRQHandler</STRONG> (Thumb, 0 bytes, Stack size 0 bytes, startup_stm32f10x_hd.o(.text))
<BR>[Address Reference Count : 1]<UL><LI> startup_stm32f10x_hd.o(RESET)
</UL>
<P><STRONG><a name="[44]"></a>TIM6_IRQHandler</STRONG> (Thumb, 0 bytes, Stack size 0 bytes, startup_stm32f10x_hd.o(.text))
<BR>[Address Reference Count : 1]<UL><LI> startup_stm32f10x_hd.o(RESET)
</UL>
<P><STRONG><a name="[45]"></a>TIM7_IRQHandler</STRONG> (Thumb, 0 bytes, Stack size 0 bytes, startup_stm32f10x_hd.o(.text))
<BR>[Address Reference Count : 1]<UL><LI> startup_stm32f10x_hd.o(RESET)
</UL>
<P><STRONG><a name="[39]"></a>TIM8_BRK_IRQHandler</STRONG> (Thumb, 0 bytes, Stack size 0 bytes, startup_stm32f10x_hd.o(.text))
<BR>[Address Reference Count : 1]<UL><LI> startup_stm32f10x_hd.o(RESET)
</UL>
<P><STRONG><a name="[3c]"></a>TIM8_CC_IRQHandler</STRONG> (Thumb, 0 bytes, Stack size 0 bytes, startup_stm32f10x_hd.o(.text))
<BR>[Address Reference Count : 1]<UL><LI> startup_stm32f10x_hd.o(RESET)
</UL>
<P><STRONG><a name="[3b]"></a>TIM8_TRG_COM_IRQHandler</STRONG> (Thumb, 0 bytes, Stack size 0 bytes, startup_stm32f10x_hd.o(.text))
<BR>[Address Reference Count : 1]<UL><LI> startup_stm32f10x_hd.o(RESET)
</UL>
<P><STRONG><a name="[3a]"></a>TIM8_UP_IRQHandler</STRONG> (Thumb, 0 bytes, Stack size 0 bytes, startup_stm32f10x_hd.o(.text))
<BR>[Address Reference Count : 1]<UL><LI> startup_stm32f10x_hd.o(RESET)
</UL>
<P><STRONG><a name="[38]"></a>USBWakeUp_IRQHandler</STRONG> (Thumb, 0 bytes, Stack size 0 bytes, startup_stm32f10x_hd.o(.text))
<BR>[Address Reference Count : 1]<UL><LI> startup_stm32f10x_hd.o(RESET)
</UL>
<P><STRONG><a name="[21]"></a>USB_HP_CAN1_TX_IRQHandler</STRONG> (Thumb, 0 bytes, Stack size 0 bytes, startup_stm32f10x_hd.o(.text))
<BR>[Address Reference Count : 1]<UL><LI> startup_stm32f10x_hd.o(RESET)
</UL>
<P><STRONG><a name="[22]"></a>USB_LP_CAN1_RX0_IRQHandler</STRONG> (Thumb, 0 bytes, Stack size 0 bytes, startup_stm32f10x_hd.o(.text))
<BR>[Address Reference Count : 1]<UL><LI> startup_stm32f10x_hd.o(RESET)
</UL>
<P><STRONG><a name="[e]"></a>WWDG_IRQHandler</STRONG> (Thumb, 0 bytes, Stack size 0 bytes, startup_stm32f10x_hd.o(.text))
<BR>[Address Reference Count : 1]<UL><LI> startup_stm32f10x_hd.o(RESET)
</UL>
<P><STRONG><a name="[86]"></a>__user_initial_stackheap</STRONG> (Thumb, 0 bytes, Stack size unknown bytes, startup_stm32f10x_hd.o(.text))
<BR><BR>[Called By]<UL><LI><a href="#[71]">&gt;&gt;</a>&nbsp;&nbsp;&nbsp;__user_setup_stackheap
</UL>

<P><STRONG><a name="[126]"></a>__user_libspace</STRONG> (Thumb, 8 bytes, Stack size 0 bytes, libspace.o(.text), UNUSED)

<P><STRONG><a name="[85]"></a>__user_perproc_libspace</STRONG> (Thumb, 0 bytes, Stack size 0 bytes, libspace.o(.text))
<BR><BR>[Called By]<UL><LI><a href="#[71]">&gt;&gt;</a>&nbsp;&nbsp;&nbsp;__user_setup_stackheap
</UL>

<P><STRONG><a name="[77]"></a>exit</STRONG> (Thumb, 18 bytes, Stack size 8 bytes, exit.o(.text))
<BR><BR>[Stack]<UL><LI>Max Depth = 8 + Unknown Stack Size
<LI>Call Chain = exit
</UL>
<BR>[Calls]<UL><LI><a href="#[84]">&gt;&gt;</a>&nbsp;&nbsp;&nbsp;__rt_exit
</UL>
<BR>[Called By]<UL><LI><a href="#[75]">&gt;&gt;</a>&nbsp;&nbsp;&nbsp;_platform_post_lib_init
<LI><a href="#[76]">&gt;&gt;</a>&nbsp;&nbsp;&nbsp;__rt_entry_main
</UL>

<P><STRONG><a name="[127]"></a>__use_two_region_memory</STRONG> (Thumb, 2 bytes, Stack size 0 bytes, heapauxi.o(.text), UNUSED)

<P><STRONG><a name="[128]"></a>__rt_heap_escrow$2region</STRONG> (Thumb, 2 bytes, Stack size 0 bytes, heapauxi.o(.text), UNUSED)

<P><STRONG><a name="[129]"></a>__rt_heap_expand$2region</STRONG> (Thumb, 2 bytes, Stack size 0 bytes, heapauxi.o(.text), UNUSED)

<P><STRONG><a name="[7b]"></a>_sys_exit</STRONG> (Thumb, 8 bytes, Stack size 0 bytes, sys_exit.o(.text))
<BR><BR>[Called By]<UL><LI><a href="#[7a]">&gt;&gt;</a>&nbsp;&nbsp;&nbsp;__rt_exit_exit
</UL>

<P><STRONG><a name="[71]"></a>__user_setup_stackheap</STRONG> (Thumb, 74 bytes, Stack size 8 bytes, sys_stackheap_outer.o(.text))
<BR><BR>[Stack]<UL><LI>Max Depth = 8 + Unknown Stack Size
<LI>Call Chain = __user_setup_stackheap
</UL>
<BR>[Calls]<UL><LI><a href="#[86]">&gt;&gt;</a>&nbsp;&nbsp;&nbsp;__user_initial_stackheap
<LI><a href="#[85]">&gt;&gt;</a>&nbsp;&nbsp;&nbsp;__user_perproc_libspace
</UL>
<BR>[Called By]<UL><LI><a href="#[70]">&gt;&gt;</a>&nbsp;&nbsp;&nbsp;__rt_entry_sh
</UL>

<P><STRONG><a name="[12a]"></a>__I$use$semihosting</STRONG> (Thumb, 0 bytes, Stack size 0 bytes, use_no_semi.o(.text), UNUSED)

<P><STRONG><a name="[12b]"></a>__use_no_semihosting_swi</STRONG> (Thumb, 2 bytes, Stack size 0 bytes, use_no_semi.o(.text), UNUSED)

<P><STRONG><a name="[12c]"></a>__semihosting_library_function</STRONG> (Thumb, 0 bytes, Stack size unknown bytes, indicate_semi.o(.text), UNUSED)

<P><STRONG><a name="[87]"></a>DMA1_Channel1_Event</STRONG> (Thumb, 2 bytes, Stack size 0 bytes, dma_stm32f10x.o(i.DMA1_Channel1_Event))
<BR><BR>[Called By]<UL><LI><a href="#[19]">&gt;&gt;</a>&nbsp;&nbsp;&nbsp;DMA1_Channel1_IRQHandler
</UL>

<P><STRONG><a name="[19]"></a>DMA1_Channel1_IRQHandler</STRONG> (Thumb, 22 bytes, Stack size 8 bytes, dma_stm32f10x.o(i.DMA1_Channel1_IRQHandler))
<BR><BR>[Stack]<UL><LI>Max Depth = 8<LI>Call Chain = DMA1_Channel1_IRQHandler
</UL>
<BR>[Calls]<UL><LI><a href="#[87]">&gt;&gt;</a>&nbsp;&nbsp;&nbsp;DMA1_Channel1_Event
</UL>
<BR>[Address Reference Count : 1]<UL><LI> startup_stm32f10x_hd.o(RESET)
</UL>
<P><STRONG><a name="[88]"></a>DMA1_Channel2_Event</STRONG> (Thumb, 2 bytes, Stack size 0 bytes, dma_stm32f10x.o(i.DMA1_Channel2_Event))
<BR><BR>[Called By]<UL><LI><a href="#[1a]">&gt;&gt;</a>&nbsp;&nbsp;&nbsp;DMA1_Channel2_IRQHandler
</UL>

<P><STRONG><a name="[1a]"></a>DMA1_Channel2_IRQHandler</STRONG> (Thumb, 24 bytes, Stack size 8 bytes, dma_stm32f10x.o(i.DMA1_Channel2_IRQHandler))
<BR><BR>[Stack]<UL><LI>Max Depth = 8<LI>Call Chain = DMA1_Channel2_IRQHandler
</UL>
<BR>[Calls]<UL><LI><a href="#[88]">&gt;&gt;</a>&nbsp;&nbsp;&nbsp;DMA1_Channel2_Event
</UL>
<BR>[Address Reference Count : 1]<UL><LI> startup_stm32f10x_hd.o(RESET)
</UL>
<P><STRONG><a name="[89]"></a>DMA1_Channel3_Event</STRONG> (Thumb, 2 bytes, Stack size 0 bytes, dma_stm32f10x.o(i.DMA1_Channel3_Event))
<BR><BR>[Called By]<UL><LI><a href="#[1b]">&gt;&gt;</a>&nbsp;&nbsp;&nbsp;DMA1_Channel3_IRQHandler
</UL>

<P><STRONG><a name="[1b]"></a>DMA1_Channel3_IRQHandler</STRONG> (Thumb, 24 bytes, Stack size 8 bytes, dma_stm32f10x.o(i.DMA1_Channel3_IRQHandler))
<BR><BR>[Stack]<UL><LI>Max Depth = 8<LI>Call Chain = DMA1_Channel3_IRQHandler
</UL>
<BR>[Calls]<UL><LI><a href="#[89]">&gt;&gt;</a>&nbsp;&nbsp;&nbsp;DMA1_Channel3_Event
</UL>
<BR>[Address Reference Count : 1]<UL><LI> startup_stm32f10x_hd.o(RESET)
</UL>
<P><STRONG><a name="[8a]"></a>DMA1_Channel4_Event</STRONG> (Thumb, 2 bytes, Stack size 0 bytes, dma_stm32f10x.o(i.DMA1_Channel4_Event))
<BR><BR>[Called By]<UL><LI><a href="#[1c]">&gt;&gt;</a>&nbsp;&nbsp;&nbsp;DMA1_Channel4_IRQHandler
</UL>

<P><STRONG><a name="[1c]"></a>DMA1_Channel4_IRQHandler</STRONG> (Thumb, 24 bytes, Stack size 8 bytes, dma_stm32f10x.o(i.DMA1_Channel4_IRQHandler))
<BR><BR>[Stack]<UL><LI>Max Depth = 8<LI>Call Chain = DMA1_Channel4_IRQHandler
</UL>
<BR>[Calls]<UL><LI><a href="#[8a]">&gt;&gt;</a>&nbsp;&nbsp;&nbsp;DMA1_Channel4_Event
</UL>
<BR>[Address Reference Count : 1]<UL><LI> startup_stm32f10x_hd.o(RESET)
</UL>
<P><STRONG><a name="[8b]"></a>DMA1_Channel5_Event</STRONG> (Thumb, 2 bytes, Stack size 0 bytes, dma_stm32f10x.o(i.DMA1_Channel5_Event))
<BR><BR>[Called By]<UL><LI><a href="#[1d]">&gt;&gt;</a>&nbsp;&nbsp;&nbsp;DMA1_Channel5_IRQHandler
</UL>

<P><STRONG><a name="[1d]"></a>DMA1_Channel5_IRQHandler</STRONG> (Thumb, 24 bytes, Stack size 8 bytes, dma_stm32f10x.o(i.DMA1_Channel5_IRQHandler))
<BR><BR>[Stack]<UL><LI>Max Depth = 8<LI>Call Chain = DMA1_Channel5_IRQHandler
</UL>
<BR>[Calls]<UL><LI><a href="#[8b]">&gt;&gt;</a>&nbsp;&nbsp;&nbsp;DMA1_Channel5_Event
</UL>
<BR>[Address Reference Count : 1]<UL><LI> startup_stm32f10x_hd.o(RESET)
</UL>
<P><STRONG><a name="[8c]"></a>DMA1_Channel6_Event</STRONG> (Thumb, 2 bytes, Stack size 0 bytes, dma_stm32f10x.o(i.DMA1_Channel6_Event))
<BR><BR>[Called By]<UL><LI><a href="#[1e]">&gt;&gt;</a>&nbsp;&nbsp;&nbsp;DMA1_Channel6_IRQHandler
</UL>

<P><STRONG><a name="[1e]"></a>DMA1_Channel6_IRQHandler</STRONG> (Thumb, 24 bytes, Stack size 8 bytes, dma_stm32f10x.o(i.DMA1_Channel6_IRQHandler))
<BR><BR>[Stack]<UL><LI>Max Depth = 8<LI>Call Chain = DMA1_Channel6_IRQHandler
</UL>
<BR>[Calls]<UL><LI><a href="#[8c]">&gt;&gt;</a>&nbsp;&nbsp;&nbsp;DMA1_Channel6_Event
</UL>
<BR>[Address Reference Count : 1]<UL><LI> startup_stm32f10x_hd.o(RESET)
</UL>
<P><STRONG><a name="[8d]"></a>DMA1_Channel7_Event</STRONG> (Thumb, 2 bytes, Stack size 0 bytes, dma_stm32f10x.o(i.DMA1_Channel7_Event))
<BR><BR>[Called By]<UL><LI><a href="#[1f]">&gt;&gt;</a>&nbsp;&nbsp;&nbsp;DMA1_Channel7_IRQHandler
</UL>

<P><STRONG><a name="[1f]"></a>DMA1_Channel7_IRQHandler</STRONG> (Thumb, 24 bytes, Stack size 8 bytes, dma_stm32f10x.o(i.DMA1_Channel7_IRQHandler))
<BR><BR>[Stack]<UL><LI>Max Depth = 8<LI>Call Chain = DMA1_Channel7_IRQHandler
</UL>
<BR>[Calls]<UL><LI><a href="#[8d]">&gt;&gt;</a>&nbsp;&nbsp;&nbsp;DMA1_Channel7_Event
</UL>
<BR>[Address Reference Count : 1]<UL><LI> startup_stm32f10x_hd.o(RESET)
</UL>
<P><STRONG><a name="[8e]"></a>DMA2_Channel1_Event</STRONG> (Thumb, 2 bytes, Stack size 0 bytes, dma_stm32f10x.o(i.DMA2_Channel1_Event))
<BR><BR>[Called By]<UL><LI><a href="#[46]">&gt;&gt;</a>&nbsp;&nbsp;&nbsp;DMA2_Channel1_IRQHandler
</UL>

<P><STRONG><a name="[46]"></a>DMA2_Channel1_IRQHandler</STRONG> (Thumb, 24 bytes, Stack size 8 bytes, dma_stm32f10x.o(i.DMA2_Channel1_IRQHandler))
<BR><BR>[Stack]<UL><LI>Max Depth = 8<LI>Call Chain = DMA2_Channel1_IRQHandler
</UL>
<BR>[Calls]<UL><LI><a href="#[8e]">&gt;&gt;</a>&nbsp;&nbsp;&nbsp;DMA2_Channel1_Event
</UL>
<BR>[Address Reference Count : 1]<UL><LI> startup_stm32f10x_hd.o(RESET)
</UL>
<P><STRONG><a name="[8f]"></a>DMA2_Channel2_Event</STRONG> (Thumb, 2 bytes, Stack size 0 bytes, dma_stm32f10x.o(i.DMA2_Channel2_Event))
<BR><BR>[Called By]<UL><LI><a href="#[47]">&gt;&gt;</a>&nbsp;&nbsp;&nbsp;DMA2_Channel2_IRQHandler
</UL>

<P><STRONG><a name="[47]"></a>DMA2_Channel2_IRQHandler</STRONG> (Thumb, 26 bytes, Stack size 8 bytes, dma_stm32f10x.o(i.DMA2_Channel2_IRQHandler))
<BR><BR>[Stack]<UL><LI>Max Depth = 8<LI>Call Chain = DMA2_Channel2_IRQHandler
</UL>
<BR>[Calls]<UL><LI><a href="#[8f]">&gt;&gt;</a>&nbsp;&nbsp;&nbsp;DMA2_Channel2_Event
</UL>
<BR>[Address Reference Count : 1]<UL><LI> startup_stm32f10x_hd.o(RESET)
</UL>
<P><STRONG><a name="[90]"></a>DMA2_Channel3_Event</STRONG> (Thumb, 2 bytes, Stack size 0 bytes, dma_stm32f10x.o(i.DMA2_Channel3_Event))
<BR><BR>[Called By]<UL><LI><a href="#[48]">&gt;&gt;</a>&nbsp;&nbsp;&nbsp;DMA2_Channel3_IRQHandler
</UL>

<P><STRONG><a name="[48]"></a>DMA2_Channel3_IRQHandler</STRONG> (Thumb, 26 bytes, Stack size 8 bytes, dma_stm32f10x.o(i.DMA2_Channel3_IRQHandler))
<BR><BR>[Stack]<UL><LI>Max Depth = 8<LI>Call Chain = DMA2_Channel3_IRQHandler
</UL>
<BR>[Calls]<UL><LI><a href="#[90]">&gt;&gt;</a>&nbsp;&nbsp;&nbsp;DMA2_Channel3_Event
</UL>
<BR>[Address Reference Count : 1]<UL><LI> startup_stm32f10x_hd.o(RESET)
</UL>
<P><STRONG><a name="[49]"></a>DMA2_Channel4_5_IRQHandler</STRONG> (Thumb, 52 bytes, Stack size 8 bytes, dma_stm32f10x.o(i.DMA2_Channel4_5_IRQHandler))
<BR><BR>[Stack]<UL><LI>Max Depth = 8<LI>Call Chain = DMA2_Channel4_5_IRQHandler
</UL>
<BR>[Calls]<UL><LI><a href="#[92]">&gt;&gt;</a>&nbsp;&nbsp;&nbsp;DMA2_Channel5_Event
<LI><a href="#[91]">&gt;&gt;</a>&nbsp;&nbsp;&nbsp;DMA2_Channel4_Event
</UL>
<BR>[Address Reference Count : 1]<UL><LI> startup_stm32f10x_hd.o(RESET)
</UL>
<P><STRONG><a name="[91]"></a>DMA2_Channel4_Event</STRONG> (Thumb, 2 bytes, Stack size 0 bytes, dma_stm32f10x.o(i.DMA2_Channel4_Event))
<BR><BR>[Called By]<UL><LI><a href="#[49]">&gt;&gt;</a>&nbsp;&nbsp;&nbsp;DMA2_Channel4_5_IRQHandler
</UL>

<P><STRONG><a name="[92]"></a>DMA2_Channel5_Event</STRONG> (Thumb, 2 bytes, Stack size 0 bytes, dma_stm32f10x.o(i.DMA2_Channel5_Event))
<BR><BR>[Called By]<UL><LI><a href="#[49]">&gt;&gt;</a>&nbsp;&nbsp;&nbsp;DMA2_Channel4_5_IRQHandler
</UL>

<P><STRONG><a name="[36]"></a>EXTI15_10_IRQHandler</STRONG> (Thumb, 26 bytes, Stack size 8 bytes, key.o(i.EXTI15_10_IRQHandler))
<BR><BR>[Stack]<UL><LI>Max Depth = 48<LI>Call Chain = EXTI15_10_IRQHandler &rArr; osSignalSet &rArr; isrSignalSet &rArr; isr_evt_set &rArr; rt_psq_enq
</UL>
<BR>[Calls]<UL><LI><a href="#[93]">&gt;&gt;</a>&nbsp;&nbsp;&nbsp;osSignalSet
</UL>
<BR>[Address Reference Count : 1]<UL><LI> startup_stm32f10x_hd.o(RESET)
</UL>
<P><STRONG><a name="[15]"></a>EXTI1_IRQHandler</STRONG> (Thumb, 26 bytes, Stack size 8 bytes, key.o(i.EXTI1_IRQHandler))
<BR><BR>[Stack]<UL><LI>Max Depth = 48<LI>Call Chain = EXTI1_IRQHandler &rArr; osSignalSet &rArr; isrSignalSet &rArr; isr_evt_set &rArr; rt_psq_enq
</UL>
<BR>[Calls]<UL><LI><a href="#[93]">&gt;&gt;</a>&nbsp;&nbsp;&nbsp;osSignalSet
</UL>
<BR>[Address Reference Count : 1]<UL><LI> startup_stm32f10x_hd.o(RESET)
</UL>
<P><STRONG><a name="[a2]"></a>EXTI_Init</STRONG> (Thumb, 142 bytes, Stack size 0 bytes, stm32f10x_exti.o(i.EXTI_Init))
<BR><BR>[Called By]<UL><LI><a href="#[9d]">&gt;&gt;</a>&nbsp;&nbsp;&nbsp;KEY_Init
</UL>

<P><STRONG><a name="[a1]"></a>GPIO_EXTILineConfig</STRONG> (Thumb, 60 bytes, Stack size 12 bytes, stm32f10x_gpio.o(i.GPIO_EXTILineConfig))
<BR><BR>[Stack]<UL><LI>Max Depth = 12<LI>Call Chain = GPIO_EXTILineConfig
</UL>
<BR>[Called By]<UL><LI><a href="#[9d]">&gt;&gt;</a>&nbsp;&nbsp;&nbsp;KEY_Init
</UL>

<P><STRONG><a name="[95]"></a>GPIO_GetPortClockState</STRONG> (Thumb, 118 bytes, Stack size 0 bytes, gpio_stm32f10x.o(i.GPIO_GetPortClockState))
<BR><BR>[Called By]<UL><LI><a href="#[94]">&gt;&gt;</a>&nbsp;&nbsp;&nbsp;GPIO_PinConfigure
</UL>

<P><STRONG><a name="[9f]"></a>GPIO_Init</STRONG> (Thumb, 278 bytes, Stack size 24 bytes, stm32f10x_gpio.o(i.GPIO_Init))
<BR><BR>[Stack]<UL><LI>Max Depth = 24<LI>Call Chain = GPIO_Init
</UL>
<BR>[Called By]<UL><LI><a href="#[fc]">&gt;&gt;</a>&nbsp;&nbsp;&nbsp;uart5_init
<LI><a href="#[fb]">&gt;&gt;</a>&nbsp;&nbsp;&nbsp;uart4_init
<LI><a href="#[fa]">&gt;&gt;</a>&nbsp;&nbsp;&nbsp;uart3_init
<LI><a href="#[f9]">&gt;&gt;</a>&nbsp;&nbsp;&nbsp;uart2_init
<LI><a href="#[f4]">&gt;&gt;</a>&nbsp;&nbsp;&nbsp;uart1_init
<LI><a href="#[9d]">&gt;&gt;</a>&nbsp;&nbsp;&nbsp;KEY_Init
</UL>

<P><STRONG><a name="[94]"></a>GPIO_PinConfigure</STRONG> (Thumb, 120 bytes, Stack size 24 bytes, gpio_stm32f10x.o(i.GPIO_PinConfigure))
<BR><BR>[Stack]<UL><LI>Max Depth = 24<LI>Call Chain = GPIO_PinConfigure
</UL>
<BR>[Calls]<UL><LI><a href="#[96]">&gt;&gt;</a>&nbsp;&nbsp;&nbsp;GPIO_PortClock
<LI><a href="#[95]">&gt;&gt;</a>&nbsp;&nbsp;&nbsp;GPIO_GetPortClockState
</UL>
<BR>[Called By]<UL><LI><a href="#[a3]">&gt;&gt;</a>&nbsp;&nbsp;&nbsp;LED_Initialize
</UL>

<P><STRONG><a name="[96]"></a>GPIO_PortClock</STRONG> (Thumb, 284 bytes, Stack size 0 bytes, gpio_stm32f10x.o(i.GPIO_PortClock))
<BR><BR>[Called By]<UL><LI><a href="#[94]">&gt;&gt;</a>&nbsp;&nbsp;&nbsp;GPIO_PinConfigure
<LI><a href="#[a3]">&gt;&gt;</a>&nbsp;&nbsp;&nbsp;LED_Initialize
</UL>

<P><STRONG><a name="[97]"></a>Init_key_thread</STRONG> (Thumb, 30 bytes, Stack size 8 bytes, keythread.o(i.Init_key_thread))
<BR><BR>[Stack]<UL><LI>Max Depth = 80<LI>Call Chain = Init_key_thread &rArr; osThreadCreate &rArr; svcThreadCreate &rArr; rt_tsk_create &rArr; rt_init_context &rArr; rt_init_stack
</UL>
<BR>[Calls]<UL><LI><a href="#[7d]">&gt;&gt;</a>&nbsp;&nbsp;&nbsp;osThreadCreate
</UL>
<BR>[Called By]<UL><LI><a href="#[68]">&gt;&gt;</a>&nbsp;&nbsp;&nbsp;main
</UL>

<P><STRONG><a name="[98]"></a>Init_led_thread</STRONG> (Thumb, 30 bytes, Stack size 8 bytes, ledthread.o(i.Init_led_thread))
<BR><BR>[Stack]<UL><LI>Max Depth = 80<LI>Call Chain = Init_led_thread &rArr; osThreadCreate &rArr; svcThreadCreate &rArr; rt_tsk_create &rArr; rt_init_context &rArr; rt_init_stack
</UL>
<BR>[Calls]<UL><LI><a href="#[7d]">&gt;&gt;</a>&nbsp;&nbsp;&nbsp;osThreadCreate
</UL>
<BR>[Called By]<UL><LI><a href="#[68]">&gt;&gt;</a>&nbsp;&nbsp;&nbsp;main
</UL>

<P><STRONG><a name="[99]"></a>Init_timeout_thread</STRONG> (Thumb, 30 bytes, Stack size 8 bytes, timeoutthread.o(i.Init_timeout_thread))
<BR><BR>[Stack]<UL><LI>Max Depth = 80<LI>Call Chain = Init_timeout_thread &rArr; osThreadCreate &rArr; svcThreadCreate &rArr; rt_tsk_create &rArr; rt_init_context &rArr; rt_init_stack
</UL>
<BR>[Calls]<UL><LI><a href="#[7d]">&gt;&gt;</a>&nbsp;&nbsp;&nbsp;osThreadCreate
</UL>
<BR>[Called By]<UL><LI><a href="#[68]">&gt;&gt;</a>&nbsp;&nbsp;&nbsp;main
</UL>

<P><STRONG><a name="[9a]"></a>Init_uart_receive_thread</STRONG> (Thumb, 154 bytes, Stack size 8 bytes, uartthread.o(i.Init_uart_receive_thread))
<BR><BR>[Stack]<UL><LI>Max Depth = 80<LI>Call Chain = Init_uart_receive_thread &rArr; osThreadCreate &rArr; svcThreadCreate &rArr; rt_tsk_create &rArr; rt_init_context &rArr; rt_init_stack
</UL>
<BR>[Calls]<UL><LI><a href="#[7d]">&gt;&gt;</a>&nbsp;&nbsp;&nbsp;osThreadCreate
</UL>
<BR>[Called By]<UL><LI><a href="#[68]">&gt;&gt;</a>&nbsp;&nbsp;&nbsp;main
</UL>

<P><STRONG><a name="[9b]"></a>Init_uart_send_thread</STRONG> (Thumb, 154 bytes, Stack size 8 bytes, uartthread.o(i.Init_uart_send_thread))
<BR><BR>[Stack]<UL><LI>Max Depth = 80<LI>Call Chain = Init_uart_send_thread &rArr; osThreadCreate &rArr; svcThreadCreate &rArr; rt_tsk_create &rArr; rt_init_context &rArr; rt_init_stack
</UL>
<BR>[Calls]<UL><LI><a href="#[7d]">&gt;&gt;</a>&nbsp;&nbsp;&nbsp;osThreadCreate
</UL>
<BR>[Called By]<UL><LI><a href="#[68]">&gt;&gt;</a>&nbsp;&nbsp;&nbsp;main
</UL>

<P><STRONG><a name="[9c]"></a>Init_uart_test_thread</STRONG> (Thumb, 30 bytes, Stack size 8 bytes, uarttestthread.o(i.Init_uart_test_thread))
<BR><BR>[Stack]<UL><LI>Max Depth = 80<LI>Call Chain = Init_uart_test_thread &rArr; osThreadCreate &rArr; svcThreadCreate &rArr; rt_tsk_create &rArr; rt_init_context &rArr; rt_init_stack
</UL>
<BR>[Calls]<UL><LI><a href="#[7d]">&gt;&gt;</a>&nbsp;&nbsp;&nbsp;osThreadCreate
</UL>
<BR>[Called By]<UL><LI><a href="#[68]">&gt;&gt;</a>&nbsp;&nbsp;&nbsp;main
</UL>

<P><STRONG><a name="[9d]"></a>KEY_Init</STRONG> (Thumb, 154 bytes, Stack size 24 bytes, key.o(i.KEY_Init))
<BR><BR>[Stack]<UL><LI>Max Depth = 48<LI>Call Chain = KEY_Init &rArr; GPIO_Init
</UL>
<BR>[Calls]<UL><LI><a href="#[a1]">&gt;&gt;</a>&nbsp;&nbsp;&nbsp;GPIO_EXTILineConfig
<LI><a href="#[a2]">&gt;&gt;</a>&nbsp;&nbsp;&nbsp;EXTI_Init
<LI><a href="#[9e]">&gt;&gt;</a>&nbsp;&nbsp;&nbsp;RCC_APB2PeriphClockCmd
<LI><a href="#[a0]">&gt;&gt;</a>&nbsp;&nbsp;&nbsp;NVIC_Init
<LI><a href="#[9f]">&gt;&gt;</a>&nbsp;&nbsp;&nbsp;GPIO_Init
</UL>
<BR>[Called By]<UL><LI><a href="#[65]">&gt;&gt;</a>&nbsp;&nbsp;&nbsp;key_thread
</UL>

<P><STRONG><a name="[a3]"></a>LED_Initialize</STRONG> (Thumb, 86 bytes, Stack size 16 bytes, led.o(i.LED_Initialize))
<BR><BR>[Stack]<UL><LI>Max Depth = 40<LI>Call Chain = LED_Initialize &rArr; GPIO_PinConfigure
</UL>
<BR>[Calls]<UL><LI><a href="#[96]">&gt;&gt;</a>&nbsp;&nbsp;&nbsp;GPIO_PortClock
<LI><a href="#[94]">&gt;&gt;</a>&nbsp;&nbsp;&nbsp;GPIO_PinConfigure
</UL>
<BR>[Called By]<UL><LI><a href="#[62]">&gt;&gt;</a>&nbsp;&nbsp;&nbsp;led_thread
</UL>

<P><STRONG><a name="[bd]"></a>LED_Off</STRONG> (Thumb, 44 bytes, Stack size 12 bytes, led.o(i.LED_Off))
<BR><BR>[Stack]<UL><LI>Max Depth = 12<LI>Call Chain = LED_Off
</UL>
<BR>[Called By]<UL><LI><a href="#[62]">&gt;&gt;</a>&nbsp;&nbsp;&nbsp;led_thread
</UL>

<P><STRONG><a name="[bc]"></a>LED_On</STRONG> (Thumb, 44 bytes, Stack size 12 bytes, led.o(i.LED_On))
<BR><BR>[Stack]<UL><LI>Max Depth = 12<LI>Call Chain = LED_On
</UL>
<BR>[Called By]<UL><LI><a href="#[62]">&gt;&gt;</a>&nbsp;&nbsp;&nbsp;led_thread
</UL>

<P><STRONG><a name="[a0]"></a>NVIC_Init</STRONG> (Thumb, 100 bytes, Stack size 16 bytes, misc.o(i.NVIC_Init))
<BR><BR>[Stack]<UL><LI>Max Depth = 16<LI>Call Chain = NVIC_Init
</UL>
<BR>[Called By]<UL><LI><a href="#[fc]">&gt;&gt;</a>&nbsp;&nbsp;&nbsp;uart5_init
<LI><a href="#[fb]">&gt;&gt;</a>&nbsp;&nbsp;&nbsp;uart4_init
<LI><a href="#[fa]">&gt;&gt;</a>&nbsp;&nbsp;&nbsp;uart3_init
<LI><a href="#[f9]">&gt;&gt;</a>&nbsp;&nbsp;&nbsp;uart2_init
<LI><a href="#[f4]">&gt;&gt;</a>&nbsp;&nbsp;&nbsp;uart1_init
<LI><a href="#[a6]">&gt;&gt;</a>&nbsp;&nbsp;&nbsp;TIM2_Int_Init
<LI><a href="#[9d]">&gt;&gt;</a>&nbsp;&nbsp;&nbsp;KEY_Init
</UL>

<P><STRONG><a name="[a7]"></a>RCC_APB1PeriphClockCmd</STRONG> (Thumb, 26 bytes, Stack size 0 bytes, stm32f10x_rcc.o(i.RCC_APB1PeriphClockCmd))
<BR><BR>[Called By]<UL><LI><a href="#[fc]">&gt;&gt;</a>&nbsp;&nbsp;&nbsp;uart5_init
<LI><a href="#[fb]">&gt;&gt;</a>&nbsp;&nbsp;&nbsp;uart4_init
<LI><a href="#[fa]">&gt;&gt;</a>&nbsp;&nbsp;&nbsp;uart3_init
<LI><a href="#[f9]">&gt;&gt;</a>&nbsp;&nbsp;&nbsp;uart2_init
<LI><a href="#[a6]">&gt;&gt;</a>&nbsp;&nbsp;&nbsp;TIM2_Int_Init
</UL>

<P><STRONG><a name="[ad]"></a>RCC_APB1PeriphResetCmd</STRONG> (Thumb, 26 bytes, Stack size 0 bytes, stm32f10x_rcc.o(i.RCC_APB1PeriphResetCmd))
<BR><BR>[Called By]<UL><LI><a href="#[ab]">&gt;&gt;</a>&nbsp;&nbsp;&nbsp;USART_DeInit
</UL>

<P><STRONG><a name="[9e]"></a>RCC_APB2PeriphClockCmd</STRONG> (Thumb, 26 bytes, Stack size 0 bytes, stm32f10x_rcc.o(i.RCC_APB2PeriphClockCmd))
<BR><BR>[Called By]<UL><LI><a href="#[fc]">&gt;&gt;</a>&nbsp;&nbsp;&nbsp;uart5_init
<LI><a href="#[fb]">&gt;&gt;</a>&nbsp;&nbsp;&nbsp;uart4_init
<LI><a href="#[fa]">&gt;&gt;</a>&nbsp;&nbsp;&nbsp;uart3_init
<LI><a href="#[f9]">&gt;&gt;</a>&nbsp;&nbsp;&nbsp;uart2_init
<LI><a href="#[f4]">&gt;&gt;</a>&nbsp;&nbsp;&nbsp;uart1_init
<LI><a href="#[9d]">&gt;&gt;</a>&nbsp;&nbsp;&nbsp;KEY_Init
</UL>

<P><STRONG><a name="[ac]"></a>RCC_APB2PeriphResetCmd</STRONG> (Thumb, 26 bytes, Stack size 0 bytes, stm32f10x_rcc.o(i.RCC_APB2PeriphResetCmd))
<BR><BR>[Called By]<UL><LI><a href="#[ab]">&gt;&gt;</a>&nbsp;&nbsp;&nbsp;USART_DeInit
</UL>

<P><STRONG><a name="[af]"></a>RCC_GetClocksFreq</STRONG> (Thumb, 192 bytes, Stack size 12 bytes, stm32f10x_rcc.o(i.RCC_GetClocksFreq))
<BR><BR>[Stack]<UL><LI>Max Depth = 12<LI>Call Chain = RCC_GetClocksFreq
</UL>
<BR>[Called By]<UL><LI><a href="#[ae]">&gt;&gt;</a>&nbsp;&nbsp;&nbsp;USART_Init
</UL>

<P><STRONG><a name="[4c]"></a>SystemInit</STRONG> (Thumb, 78 bytes, Stack size 8 bytes, system_stm32f10x.o(i.SystemInit))
<BR><BR>[Stack]<UL><LI>Max Depth = 28<LI>Call Chain = SystemInit &rArr; SetSysClock &rArr; SetSysClockTo72
</UL>
<BR>[Calls]<UL><LI><a href="#[a4]">&gt;&gt;</a>&nbsp;&nbsp;&nbsp;SetSysClock
</UL>
<BR>[Address Reference Count : 1]<UL><LI> startup_stm32f10x_hd.o(.text)
</UL>
<P><STRONG><a name="[2a]"></a>TIM2_IRQHandler</STRONG> (Thumb, 72 bytes, Stack size 8 bytes, timer2.o(i.TIM2_IRQHandler))
<BR><BR>[Stack]<UL><LI>Max Depth = 48<LI>Call Chain = TIM2_IRQHandler &rArr; osSignalSet &rArr; isrSignalSet &rArr; isr_evt_set &rArr; rt_psq_enq
</UL>
<BR>[Calls]<UL><LI><a href="#[93]">&gt;&gt;</a>&nbsp;&nbsp;&nbsp;osSignalSet
</UL>
<BR>[Address Reference Count : 1]<UL><LI> startup_stm32f10x_hd.o(RESET)
</UL>
<P><STRONG><a name="[a6]"></a>TIM2_Int_Init</STRONG> (Thumb, 92 bytes, Stack size 24 bytes, timer2.o(i.TIM2_Int_Init))
<BR><BR>[Stack]<UL><LI>Max Depth = 40<LI>Call Chain = TIM2_Int_Init &rArr; NVIC_Init
</UL>
<BR>[Calls]<UL><LI><a href="#[a8]">&gt;&gt;</a>&nbsp;&nbsp;&nbsp;TIM_TimeBaseInit
<LI><a href="#[a9]">&gt;&gt;</a>&nbsp;&nbsp;&nbsp;TIM_ITConfig
<LI><a href="#[aa]">&gt;&gt;</a>&nbsp;&nbsp;&nbsp;TIM_Cmd
<LI><a href="#[a7]">&gt;&gt;</a>&nbsp;&nbsp;&nbsp;RCC_APB1PeriphClockCmd
<LI><a href="#[a0]">&gt;&gt;</a>&nbsp;&nbsp;&nbsp;NVIC_Init
</UL>
<BR>[Called By]<UL><LI><a href="#[66]">&gt;&gt;</a>&nbsp;&nbsp;&nbsp;timeout_thread
</UL>

<P><STRONG><a name="[aa]"></a>TIM_Cmd</STRONG> (Thumb, 24 bytes, Stack size 0 bytes, stm32f10x_tim.o(i.TIM_Cmd))
<BR><BR>[Called By]<UL><LI><a href="#[a6]">&gt;&gt;</a>&nbsp;&nbsp;&nbsp;TIM2_Int_Init
</UL>

<P><STRONG><a name="[a9]"></a>TIM_ITConfig</STRONG> (Thumb, 18 bytes, Stack size 0 bytes, stm32f10x_tim.o(i.TIM_ITConfig))
<BR><BR>[Called By]<UL><LI><a href="#[a6]">&gt;&gt;</a>&nbsp;&nbsp;&nbsp;TIM2_Int_Init
</UL>

<P><STRONG><a name="[a8]"></a>TIM_TimeBaseInit</STRONG> (Thumb, 122 bytes, Stack size 0 bytes, stm32f10x_tim.o(i.TIM_TimeBaseInit))
<BR><BR>[Called By]<UL><LI><a href="#[a6]">&gt;&gt;</a>&nbsp;&nbsp;&nbsp;TIM2_Int_Init
</UL>

<P><STRONG><a name="[42]"></a>UART4_IRQHandler</STRONG> (Thumb, 84 bytes, Stack size 8 bytes, uartthread.o(i.UART4_IRQHandler))
<BR><BR>[Stack]<UL><LI>Max Depth = 48<LI>Call Chain = UART4_IRQHandler &rArr; osSignalSet &rArr; isrSignalSet &rArr; isr_evt_set &rArr; rt_psq_enq
</UL>
<BR>[Calls]<UL><LI><a href="#[93]">&gt;&gt;</a>&nbsp;&nbsp;&nbsp;osSignalSet
</UL>
<BR>[Address Reference Count : 1]<UL><LI> startup_stm32f10x_hd.o(RESET)
</UL>
<P><STRONG><a name="[43]"></a>UART5_IRQHandler</STRONG> (Thumb, 84 bytes, Stack size 8 bytes, uartthread.o(i.UART5_IRQHandler))
<BR><BR>[Stack]<UL><LI>Max Depth = 48<LI>Call Chain = UART5_IRQHandler &rArr; osSignalSet &rArr; isrSignalSet &rArr; isr_evt_set &rArr; rt_psq_enq
</UL>
<BR>[Calls]<UL><LI><a href="#[93]">&gt;&gt;</a>&nbsp;&nbsp;&nbsp;osSignalSet
</UL>
<BR>[Address Reference Count : 1]<UL><LI> startup_stm32f10x_hd.o(RESET)
</UL>
<P><STRONG><a name="[33]"></a>USART1_IRQHandler</STRONG> (Thumb, 84 bytes, Stack size 8 bytes, uartthread.o(i.USART1_IRQHandler))
<BR><BR>[Stack]<UL><LI>Max Depth = 48<LI>Call Chain = USART1_IRQHandler &rArr; osSignalSet &rArr; isrSignalSet &rArr; isr_evt_set &rArr; rt_psq_enq
</UL>
<BR>[Calls]<UL><LI><a href="#[93]">&gt;&gt;</a>&nbsp;&nbsp;&nbsp;osSignalSet
</UL>
<BR>[Address Reference Count : 1]<UL><LI> startup_stm32f10x_hd.o(RESET)
</UL>
<P><STRONG><a name="[34]"></a>USART2_IRQHandler</STRONG> (Thumb, 84 bytes, Stack size 8 bytes, uartthread.o(i.USART2_IRQHandler))
<BR><BR>[Stack]<UL><LI>Max Depth = 48<LI>Call Chain = USART2_IRQHandler &rArr; osSignalSet &rArr; isrSignalSet &rArr; isr_evt_set &rArr; rt_psq_enq
</UL>
<BR>[Calls]<UL><LI><a href="#[93]">&gt;&gt;</a>&nbsp;&nbsp;&nbsp;osSignalSet
</UL>
<BR>[Address Reference Count : 1]<UL><LI> startup_stm32f10x_hd.o(RESET)
</UL>
<P><STRONG><a name="[35]"></a>USART3_IRQHandler</STRONG> (Thumb, 84 bytes, Stack size 8 bytes, uartthread.o(i.USART3_IRQHandler))
<BR><BR>[Stack]<UL><LI>Max Depth = 48<LI>Call Chain = USART3_IRQHandler &rArr; osSignalSet &rArr; isrSignalSet &rArr; isr_evt_set &rArr; rt_psq_enq
</UL>
<BR>[Calls]<UL><LI><a href="#[93]">&gt;&gt;</a>&nbsp;&nbsp;&nbsp;osSignalSet
</UL>
<BR>[Address Reference Count : 1]<UL><LI> startup_stm32f10x_hd.o(RESET)
</UL>
<P><STRONG><a name="[f8]"></a>USART_ClearFlag</STRONG> (Thumb, 18 bytes, Stack size 0 bytes, stm32f10x_usart.o(i.USART_ClearFlag))
<BR><BR>[Called By]<UL><LI><a href="#[fc]">&gt;&gt;</a>&nbsp;&nbsp;&nbsp;uart5_init
<LI><a href="#[fb]">&gt;&gt;</a>&nbsp;&nbsp;&nbsp;uart4_init
<LI><a href="#[fa]">&gt;&gt;</a>&nbsp;&nbsp;&nbsp;uart3_init
<LI><a href="#[f9]">&gt;&gt;</a>&nbsp;&nbsp;&nbsp;uart2_init
<LI><a href="#[f4]">&gt;&gt;</a>&nbsp;&nbsp;&nbsp;uart1_init
</UL>

<P><STRONG><a name="[f6]"></a>USART_Cmd</STRONG> (Thumb, 24 bytes, Stack size 0 bytes, stm32f10x_usart.o(i.USART_Cmd))
<BR><BR>[Called By]<UL><LI><a href="#[fc]">&gt;&gt;</a>&nbsp;&nbsp;&nbsp;uart5_init
<LI><a href="#[fb]">&gt;&gt;</a>&nbsp;&nbsp;&nbsp;uart4_init
<LI><a href="#[fa]">&gt;&gt;</a>&nbsp;&nbsp;&nbsp;uart3_init
<LI><a href="#[f9]">&gt;&gt;</a>&nbsp;&nbsp;&nbsp;uart2_init
<LI><a href="#[f4]">&gt;&gt;</a>&nbsp;&nbsp;&nbsp;uart1_init
</UL>

<P><STRONG><a name="[ab]"></a>USART_DeInit</STRONG> (Thumb, 134 bytes, Stack size 8 bytes, stm32f10x_usart.o(i.USART_DeInit))
<BR><BR>[Stack]<UL><LI>Max Depth = 8<LI>Call Chain = USART_DeInit
</UL>
<BR>[Calls]<UL><LI><a href="#[ad]">&gt;&gt;</a>&nbsp;&nbsp;&nbsp;RCC_APB1PeriphResetCmd
<LI><a href="#[ac]">&gt;&gt;</a>&nbsp;&nbsp;&nbsp;RCC_APB2PeriphResetCmd
</UL>
<BR>[Called By]<UL><LI><a href="#[fc]">&gt;&gt;</a>&nbsp;&nbsp;&nbsp;uart5_init
<LI><a href="#[fb]">&gt;&gt;</a>&nbsp;&nbsp;&nbsp;uart4_init
<LI><a href="#[fa]">&gt;&gt;</a>&nbsp;&nbsp;&nbsp;uart3_init
<LI><a href="#[f9]">&gt;&gt;</a>&nbsp;&nbsp;&nbsp;uart2_init
<LI><a href="#[f4]">&gt;&gt;</a>&nbsp;&nbsp;&nbsp;uart1_init
</UL>

<P><STRONG><a name="[f7]"></a>USART_GetFlagStatus</STRONG> (Thumb, 26 bytes, Stack size 0 bytes, stm32f10x_usart.o(i.USART_GetFlagStatus))
<BR><BR>[Called By]<UL><LI><a href="#[fc]">&gt;&gt;</a>&nbsp;&nbsp;&nbsp;uart5_init
<LI><a href="#[fb]">&gt;&gt;</a>&nbsp;&nbsp;&nbsp;uart4_init
<LI><a href="#[fa]">&gt;&gt;</a>&nbsp;&nbsp;&nbsp;uart3_init
<LI><a href="#[f9]">&gt;&gt;</a>&nbsp;&nbsp;&nbsp;uart2_init
<LI><a href="#[f4]">&gt;&gt;</a>&nbsp;&nbsp;&nbsp;uart1_init
</UL>

<P><STRONG><a name="[f5]"></a>USART_ITConfig</STRONG> (Thumb, 74 bytes, Stack size 20 bytes, stm32f10x_usart.o(i.USART_ITConfig))
<BR><BR>[Stack]<UL><LI>Max Depth = 20<LI>Call Chain = USART_ITConfig
</UL>
<BR>[Called By]<UL><LI><a href="#[fc]">&gt;&gt;</a>&nbsp;&nbsp;&nbsp;uart5_init
<LI><a href="#[fb]">&gt;&gt;</a>&nbsp;&nbsp;&nbsp;uart4_init
<LI><a href="#[fa]">&gt;&gt;</a>&nbsp;&nbsp;&nbsp;uart3_init
<LI><a href="#[f9]">&gt;&gt;</a>&nbsp;&nbsp;&nbsp;uart2_init
<LI><a href="#[f4]">&gt;&gt;</a>&nbsp;&nbsp;&nbsp;uart1_init
</UL>

<P><STRONG><a name="[ae]"></a>USART_Init</STRONG> (Thumb, 210 bytes, Stack size 56 bytes, stm32f10x_usart.o(i.USART_Init))
<BR><BR>[Stack]<UL><LI>Max Depth = 68<LI>Call Chain = USART_Init &rArr; RCC_GetClocksFreq
</UL>
<BR>[Calls]<UL><LI><a href="#[af]">&gt;&gt;</a>&nbsp;&nbsp;&nbsp;RCC_GetClocksFreq
</UL>
<BR>[Called By]<UL><LI><a href="#[fc]">&gt;&gt;</a>&nbsp;&nbsp;&nbsp;uart5_init
<LI><a href="#[fb]">&gt;&gt;</a>&nbsp;&nbsp;&nbsp;uart4_init
<LI><a href="#[fa]">&gt;&gt;</a>&nbsp;&nbsp;&nbsp;uart3_init
<LI><a href="#[f9]">&gt;&gt;</a>&nbsp;&nbsp;&nbsp;uart2_init
<LI><a href="#[f4]">&gt;&gt;</a>&nbsp;&nbsp;&nbsp;uart1_init
</UL>

<P><STRONG><a name="[fe]"></a>USART_ReceiveData</STRONG> (Thumb, 10 bytes, Stack size 0 bytes, stm32f10x_usart.o(i.USART_ReceiveData))
<BR><BR>[Called By]<UL><LI><a href="#[64]">&gt;&gt;</a>&nbsp;&nbsp;&nbsp;uart_receive_thread
</UL>

<P><STRONG><a name="[e2]"></a>_init_box</STRONG> (Thumb, 70 bytes, Stack size 8 bytes, rt_membox.o(i._init_box))
<BR><BR>[Stack]<UL><LI>Max Depth = 8<LI>Call Chain = _init_box
</UL>
<BR>[Called By]<UL><LI><a href="#[57]">&gt;&gt;</a>&nbsp;&nbsp;&nbsp;svcPoolCreate
<LI><a href="#[e0]">&gt;&gt;</a>&nbsp;&nbsp;&nbsp;rt_sys_init
</UL>

<P><STRONG><a name="[6a]"></a>_mutex_acquire</STRONG> (Thumb, 22 bytes, Stack size 0 bytes, rtx_conf_cm.o(i._mutex_acquire), UNUSED, KEPT)

<P><STRONG><a name="[6b]"></a>_mutex_release</STRONG> (Thumb, 18 bytes, Stack size 0 bytes, rtx_conf_cm.o(i._mutex_release), UNUSED, KEPT)

<P><STRONG><a name="[e1]"></a>dbg_init</STRONG> (Thumb, 34 bytes, Stack size 0 bytes, hal_cm.o(i.dbg_init))
<BR><BR>[Called By]<UL><LI><a href="#[e0]">&gt;&gt;</a>&nbsp;&nbsp;&nbsp;rt_sys_init
</UL>

<P><STRONG><a name="[e8]"></a>dbg_task_notify</STRONG> (Thumb, 32 bytes, Stack size 0 bytes, hal_cm.o(i.dbg_task_notify))
<BR><BR>[Called By]<UL><LI><a href="#[e9]">&gt;&gt;</a>&nbsp;&nbsp;&nbsp;rt_tsk_delete
<LI><a href="#[e7]">&gt;&gt;</a>&nbsp;&nbsp;&nbsp;rt_tsk_create
</UL>

<P><STRONG><a name="[df]"></a>dbg_task_switch</STRONG> (Thumb, 16 bytes, Stack size 0 bytes, hal_cm.o(i.dbg_task_switch))
<BR><BR>[Called By]<UL><LI><a href="#[c9]">&gt;&gt;</a>&nbsp;&nbsp;&nbsp;rt_switch_req
</UL>

<P><STRONG><a name="[b0]"></a>isrMessageGet</STRONG> (Thumb, 42 bytes, Stack size 16 bytes, rt_cmsis.o(i.isrMessageGet))
<BR><BR>[Stack]<UL><LI>Max Depth = 40<LI>Call Chain = isrMessageGet &rArr; isr_mbx_receive &rArr; rt_psq_enq
</UL>
<BR>[Calls]<UL><LI><a href="#[b1]">&gt;&gt;</a>&nbsp;&nbsp;&nbsp;isr_mbx_receive
</UL>
<BR>[Called By]<UL><LI><a href="#[c0]">&gt;&gt;</a>&nbsp;&nbsp;&nbsp;osMessageGet
</UL>

<P><STRONG><a name="[b2]"></a>isrMessagePut</STRONG> (Thumb, 44 bytes, Stack size 16 bytes, rt_cmsis.o(i.isrMessagePut))
<BR><BR>[Stack]<UL><LI>Max Depth = 40<LI>Call Chain = isrMessagePut &rArr; isr_mbx_send &rArr; rt_psq_enq
</UL>
<BR>[Calls]<UL><LI><a href="#[b4]">&gt;&gt;</a>&nbsp;&nbsp;&nbsp;isr_mbx_send
<LI><a href="#[b3]">&gt;&gt;</a>&nbsp;&nbsp;&nbsp;rt_mbx_check
</UL>
<BR>[Called By]<UL><LI><a href="#[c1]">&gt;&gt;</a>&nbsp;&nbsp;&nbsp;osMessagePut
<LI><a href="#[e6]">&gt;&gt;</a>&nbsp;&nbsp;&nbsp;sysTimerTick
</UL>

<P><STRONG><a name="[b5]"></a>isrSignalSet</STRONG> (Thumb, 36 bytes, Stack size 16 bytes, rt_cmsis.o(i.isrSignalSet))
<BR><BR>[Stack]<UL><LI>Max Depth = 40<LI>Call Chain = isrSignalSet &rArr; isr_evt_set &rArr; rt_psq_enq
</UL>
<BR>[Calls]<UL><LI><a href="#[b7]">&gt;&gt;</a>&nbsp;&nbsp;&nbsp;isr_evt_set
<LI><a href="#[b6]">&gt;&gt;</a>&nbsp;&nbsp;&nbsp;rt_tid2ptcb
</UL>
<BR>[Called By]<UL><LI><a href="#[93]">&gt;&gt;</a>&nbsp;&nbsp;&nbsp;osSignalSet
</UL>

<P><STRONG><a name="[b7]"></a>isr_evt_set</STRONG> (Thumb, 34 bytes, Stack size 8 bytes, rt_event.o(i.isr_evt_set))
<BR><BR>[Stack]<UL><LI>Max Depth = 24<LI>Call Chain = isr_evt_set &rArr; rt_psq_enq
</UL>
<BR>[Calls]<UL><LI><a href="#[b8]">&gt;&gt;</a>&nbsp;&nbsp;&nbsp;rt_psq_enq
<LI><a href="#[b9]">&gt;&gt;</a>&nbsp;&nbsp;&nbsp;rt_psh_req
</UL>
<BR>[Called By]<UL><LI><a href="#[b5]">&gt;&gt;</a>&nbsp;&nbsp;&nbsp;isrSignalSet
</UL>

<P><STRONG><a name="[b1]"></a>isr_mbx_receive</STRONG> (Thumb, 86 bytes, Stack size 8 bytes, rt_mailbox.o(i.isr_mbx_receive))
<BR><BR>[Stack]<UL><LI>Max Depth = 24<LI>Call Chain = isr_mbx_receive &rArr; rt_psq_enq
</UL>
<BR>[Calls]<UL><LI><a href="#[b8]">&gt;&gt;</a>&nbsp;&nbsp;&nbsp;rt_psq_enq
<LI><a href="#[b9]">&gt;&gt;</a>&nbsp;&nbsp;&nbsp;rt_psh_req
</UL>
<BR>[Called By]<UL><LI><a href="#[b0]">&gt;&gt;</a>&nbsp;&nbsp;&nbsp;isrMessageGet
</UL>

<P><STRONG><a name="[b4]"></a>isr_mbx_send</STRONG> (Thumb, 14 bytes, Stack size 8 bytes, rt_mailbox.o(i.isr_mbx_send))
<BR><BR>[Stack]<UL><LI>Max Depth = 24<LI>Call Chain = isr_mbx_send &rArr; rt_psq_enq
</UL>
<BR>[Calls]<UL><LI><a href="#[b8]">&gt;&gt;</a>&nbsp;&nbsp;&nbsp;rt_psq_enq
<LI><a href="#[b9]">&gt;&gt;</a>&nbsp;&nbsp;&nbsp;rt_psh_req
</UL>
<BR>[Called By]<UL><LI><a href="#[b2]">&gt;&gt;</a>&nbsp;&nbsp;&nbsp;isrMessagePut
</UL>

<P><STRONG><a name="[65]"></a>key_thread</STRONG> (Thumb, 92 bytes, Stack size 16 bytes, keythread.o(i.key_thread))
<BR><BR>[Stack]<UL><LI>Max Depth = 64<LI>Call Chain = key_thread &rArr; KEY_Init &rArr; GPIO_Init
</UL>
<BR>[Calls]<UL><LI><a href="#[9d]">&gt;&gt;</a>&nbsp;&nbsp;&nbsp;KEY_Init
<LI><a href="#[ba]">&gt;&gt;</a>&nbsp;&nbsp;&nbsp;osSignalWait
<LI><a href="#[bb]">&gt;&gt;</a>&nbsp;&nbsp;&nbsp;osDelay
</UL>
<BR>[Address Reference Count : 1]<UL><LI> keythread.o(.constdata)
</UL>
<P><STRONG><a name="[62]"></a>led_thread</STRONG> (Thumb, 36 bytes, Stack size 0 bytes, ledthread.o(i.led_thread))
<BR><BR>[Stack]<UL><LI>Max Depth = 40<LI>Call Chain = led_thread &rArr; LED_Initialize &rArr; GPIO_PinConfigure
</UL>
<BR>[Calls]<UL><LI><a href="#[bb]">&gt;&gt;</a>&nbsp;&nbsp;&nbsp;osDelay
<LI><a href="#[bc]">&gt;&gt;</a>&nbsp;&nbsp;&nbsp;LED_On
<LI><a href="#[bd]">&gt;&gt;</a>&nbsp;&nbsp;&nbsp;LED_Off
<LI><a href="#[a3]">&gt;&gt;</a>&nbsp;&nbsp;&nbsp;LED_Initialize
</UL>
<BR>[Address Reference Count : 1]<UL><LI> ledthread.o(.constdata)
</UL>
<P><STRONG><a name="[68]"></a>main</STRONG> (Thumb, 50 bytes, Stack size 8 bytes, main.o(i.main))
<BR><BR>[Stack]<UL><LI>Max Depth = 88<LI>Call Chain = main &rArr; osKernelInitialize &rArr; svcKernelInitialize &rArr; svcThreadCreate &rArr; rt_tsk_create &rArr; rt_init_context &rArr; rt_init_stack
</UL>
<BR>[Calls]<UL><LI><a href="#[be]">&gt;&gt;</a>&nbsp;&nbsp;&nbsp;osThreadGetId
<LI><a href="#[7e]">&gt;&gt;</a>&nbsp;&nbsp;&nbsp;osKernelStart
<LI><a href="#[7c]">&gt;&gt;</a>&nbsp;&nbsp;&nbsp;osKernelInitialize
<LI><a href="#[9c]">&gt;&gt;</a>&nbsp;&nbsp;&nbsp;Init_uart_test_thread
<LI><a href="#[9b]">&gt;&gt;</a>&nbsp;&nbsp;&nbsp;Init_uart_send_thread
<LI><a href="#[9a]">&gt;&gt;</a>&nbsp;&nbsp;&nbsp;Init_uart_receive_thread
<LI><a href="#[99]">&gt;&gt;</a>&nbsp;&nbsp;&nbsp;Init_timeout_thread
<LI><a href="#[98]">&gt;&gt;</a>&nbsp;&nbsp;&nbsp;Init_led_thread
<LI><a href="#[97]">&gt;&gt;</a>&nbsp;&nbsp;&nbsp;Init_key_thread
</UL>
<BR>[Called By]<UL><LI><a href="#[76]">&gt;&gt;</a>&nbsp;&nbsp;&nbsp;__rt_entry_main
</UL>
<BR>[Address Reference Count : 1]<UL><LI> rtx_conf_cm.o(.constdata)
</UL>
<P><STRONG><a name="[bb]"></a>osDelay</STRONG> (Thumb, 18 bytes, Stack size 0 bytes, rt_cmsis.o(i.osDelay))
<BR><BR>[Called By]<UL><LI><a href="#[65]">&gt;&gt;</a>&nbsp;&nbsp;&nbsp;key_thread
<LI><a href="#[62]">&gt;&gt;</a>&nbsp;&nbsp;&nbsp;led_thread
</UL>

<P><STRONG><a name="[7c]"></a>osKernelInitialize</STRONG> (Thumb, 30 bytes, Stack size 0 bytes, rt_cmsis.o(i.osKernelInitialize))
<BR><BR>[Stack]<UL><LI>Max Depth = 80<LI>Call Chain = osKernelInitialize &rArr; svcKernelInitialize &rArr; svcThreadCreate &rArr; rt_tsk_create &rArr; rt_init_context &rArr; rt_init_stack
</UL>
<BR>[Calls]<UL><LI><a href="#[51]">&gt;&gt;</a>&nbsp;&nbsp;&nbsp;svcKernelInitialize
</UL>
<BR>[Called By]<UL><LI><a href="#[75]">&gt;&gt;</a>&nbsp;&nbsp;&nbsp;_platform_post_lib_init
<LI><a href="#[68]">&gt;&gt;</a>&nbsp;&nbsp;&nbsp;main
</UL>

<P><STRONG><a name="[7e]"></a>osKernelStart</STRONG> (Thumb, 98 bytes, Stack size 32 bytes, rt_cmsis.o(i.osKernelStart))
<BR><BR>[Stack]<UL><LI>Max Depth = 32<LI>Call Chain = osKernelStart
</UL>
<BR>[Called By]<UL><LI><a href="#[75]">&gt;&gt;</a>&nbsp;&nbsp;&nbsp;_platform_post_lib_init
<LI><a href="#[68]">&gt;&gt;</a>&nbsp;&nbsp;&nbsp;main
</UL>

<P><STRONG><a name="[bf]"></a>osMessageCreate</STRONG> (Thumb, 36 bytes, Stack size 0 bytes, rt_cmsis.o(i.osMessageCreate))
<BR><BR>[Stack]<UL><LI>Max Depth = 8<LI>Call Chain = osMessageCreate &rArr; svcMessageCreate
</UL>
<BR>[Calls]<UL><LI><a href="#[53]">&gt;&gt;</a>&nbsp;&nbsp;&nbsp;svcMessageCreate
</UL>
<BR>[Called By]<UL><LI><a href="#[63]">&gt;&gt;</a>&nbsp;&nbsp;&nbsp;uart_send_thread
<LI><a href="#[64]">&gt;&gt;</a>&nbsp;&nbsp;&nbsp;uart_receive_thread
</UL>

<P><STRONG><a name="[c0]"></a>osMessageGet</STRONG> (Thumb, 18 bytes, Stack size 0 bytes, rt_cmsis.o(i.osMessageGet))
<BR><BR>[Stack]<UL><LI>Max Depth = 40<LI>Call Chain = osMessageGet &rArr; isrMessageGet &rArr; isr_mbx_receive &rArr; rt_psq_enq
</UL>
<BR>[Calls]<UL><LI><a href="#[b0]">&gt;&gt;</a>&nbsp;&nbsp;&nbsp;isrMessageGet
</UL>
<BR>[Called By]<UL><LI><a href="#[67]">&gt;&gt;</a>&nbsp;&nbsp;&nbsp;osTimerThread
<LI><a href="#[63]">&gt;&gt;</a>&nbsp;&nbsp;&nbsp;uart_send_thread
<LI><a href="#[61]">&gt;&gt;</a>&nbsp;&nbsp;&nbsp;uart_test_thread
</UL>

<P><STRONG><a name="[c1]"></a>osMessagePut</STRONG> (Thumb, 18 bytes, Stack size 0 bytes, rt_cmsis.o(i.osMessagePut))
<BR><BR>[Stack]<UL><LI>Max Depth = 40<LI>Call Chain = osMessagePut &rArr; isrMessagePut &rArr; isr_mbx_send &rArr; rt_psq_enq
</UL>
<BR>[Calls]<UL><LI><a href="#[b2]">&gt;&gt;</a>&nbsp;&nbsp;&nbsp;isrMessagePut
</UL>
<BR>[Called By]<UL><LI><a href="#[64]">&gt;&gt;</a>&nbsp;&nbsp;&nbsp;uart_receive_thread
<LI><a href="#[61]">&gt;&gt;</a>&nbsp;&nbsp;&nbsp;uart_test_thread
</UL>

<P><STRONG><a name="[c2]"></a>osPoolAlloc</STRONG> (Thumb, 26 bytes, Stack size 0 bytes, rt_cmsis.o(i.osPoolAlloc))
<BR><BR>[Calls]<UL><LI><a href="#[56]">&gt;&gt;</a>&nbsp;&nbsp;&nbsp;sysPoolAlloc
</UL>
<BR>[Called By]<UL><LI><a href="#[64]">&gt;&gt;</a>&nbsp;&nbsp;&nbsp;uart_receive_thread
<LI><a href="#[61]">&gt;&gt;</a>&nbsp;&nbsp;&nbsp;uart_test_thread
</UL>

<P><STRONG><a name="[c3]"></a>osPoolCreate</STRONG> (Thumb, 36 bytes, Stack size 0 bytes, rt_cmsis.o(i.osPoolCreate))
<BR><BR>[Stack]<UL><LI>Max Depth = 16<LI>Call Chain = osPoolCreate &rArr; svcPoolCreate &rArr; _init_box
</UL>
<BR>[Calls]<UL><LI><a href="#[57]">&gt;&gt;</a>&nbsp;&nbsp;&nbsp;svcPoolCreate
</UL>
<BR>[Called By]<UL><LI><a href="#[63]">&gt;&gt;</a>&nbsp;&nbsp;&nbsp;uart_send_thread
<LI><a href="#[64]">&gt;&gt;</a>&nbsp;&nbsp;&nbsp;uart_receive_thread
</UL>

<P><STRONG><a name="[c4]"></a>osPoolFree</STRONG> (Thumb, 26 bytes, Stack size 0 bytes, rt_cmsis.o(i.osPoolFree))
<BR><BR>[Stack]<UL><LI>Max Depth = 8<LI>Call Chain = osPoolFree &rArr; sysPoolFree
</UL>
<BR>[Calls]<UL><LI><a href="#[58]">&gt;&gt;</a>&nbsp;&nbsp;&nbsp;sysPoolFree
</UL>
<BR>[Called By]<UL><LI><a href="#[63]">&gt;&gt;</a>&nbsp;&nbsp;&nbsp;uart_send_thread
<LI><a href="#[61]">&gt;&gt;</a>&nbsp;&nbsp;&nbsp;uart_test_thread
</UL>

<P><STRONG><a name="[93]"></a>osSignalSet</STRONG> (Thumb, 18 bytes, Stack size 0 bytes, rt_cmsis.o(i.osSignalSet))
<BR><BR>[Stack]<UL><LI>Max Depth = 40<LI>Call Chain = osSignalSet &rArr; isrSignalSet &rArr; isr_evt_set &rArr; rt_psq_enq
</UL>
<BR>[Calls]<UL><LI><a href="#[b5]">&gt;&gt;</a>&nbsp;&nbsp;&nbsp;isrSignalSet
</UL>
<BR>[Called By]<UL><LI><a href="#[15]">&gt;&gt;</a>&nbsp;&nbsp;&nbsp;EXTI1_IRQHandler
<LI><a href="#[36]">&gt;&gt;</a>&nbsp;&nbsp;&nbsp;EXTI15_10_IRQHandler
<LI><a href="#[2a]">&gt;&gt;</a>&nbsp;&nbsp;&nbsp;TIM2_IRQHandler
<LI><a href="#[66]">&gt;&gt;</a>&nbsp;&nbsp;&nbsp;timeout_thread
<LI><a href="#[35]">&gt;&gt;</a>&nbsp;&nbsp;&nbsp;USART3_IRQHandler
<LI><a href="#[34]">&gt;&gt;</a>&nbsp;&nbsp;&nbsp;USART2_IRQHandler
<LI><a href="#[33]">&gt;&gt;</a>&nbsp;&nbsp;&nbsp;USART1_IRQHandler
<LI><a href="#[43]">&gt;&gt;</a>&nbsp;&nbsp;&nbsp;UART5_IRQHandler
<LI><a href="#[42]">&gt;&gt;</a>&nbsp;&nbsp;&nbsp;UART4_IRQHandler
</UL>

<P><STRONG><a name="[ba]"></a>osSignalWait</STRONG> (Thumb, 18 bytes, Stack size 0 bytes, rt_cmsis.o(i.osSignalWait))
<BR><BR>[Called By]<UL><LI><a href="#[66]">&gt;&gt;</a>&nbsp;&nbsp;&nbsp;timeout_thread
<LI><a href="#[65]">&gt;&gt;</a>&nbsp;&nbsp;&nbsp;key_thread
<LI><a href="#[ff]">&gt;&gt;</a>&nbsp;&nbsp;&nbsp;uart_send_datas
<LI><a href="#[64]">&gt;&gt;</a>&nbsp;&nbsp;&nbsp;uart_receive_thread
</UL>

<P><STRONG><a name="[7d]"></a>osThreadCreate</STRONG> (Thumb, 36 bytes, Stack size 0 bytes, rt_cmsis.o(i.osThreadCreate))
<BR><BR>[Stack]<UL><LI>Max Depth = 72<LI>Call Chain = osThreadCreate &rArr; svcThreadCreate &rArr; rt_tsk_create &rArr; rt_init_context &rArr; rt_init_stack
</UL>
<BR>[Calls]<UL><LI><a href="#[5b]">&gt;&gt;</a>&nbsp;&nbsp;&nbsp;svcThreadCreate
</UL>
<BR>[Called By]<UL><LI><a href="#[75]">&gt;&gt;</a>&nbsp;&nbsp;&nbsp;_platform_post_lib_init
<LI><a href="#[9c]">&gt;&gt;</a>&nbsp;&nbsp;&nbsp;Init_uart_test_thread
<LI><a href="#[9b]">&gt;&gt;</a>&nbsp;&nbsp;&nbsp;Init_uart_send_thread
<LI><a href="#[9a]">&gt;&gt;</a>&nbsp;&nbsp;&nbsp;Init_uart_receive_thread
<LI><a href="#[99]">&gt;&gt;</a>&nbsp;&nbsp;&nbsp;Init_timeout_thread
<LI><a href="#[98]">&gt;&gt;</a>&nbsp;&nbsp;&nbsp;Init_led_thread
<LI><a href="#[97]">&gt;&gt;</a>&nbsp;&nbsp;&nbsp;Init_key_thread
</UL>

<P><STRONG><a name="[60]"></a>osThreadExit</STRONG> (Thumb, 14 bytes, Stack size 0 bytes, rt_cmsis.o(i.osThreadExit))
<BR>[Address Reference Count : 1]<UL><LI> rt_cmsis.o(i.svcThreadCreate)
</UL>
<P><STRONG><a name="[be]"></a>osThreadGetId</STRONG> (Thumb, 18 bytes, Stack size 0 bytes, rt_cmsis.o(i.osThreadGetId))
<BR><BR>[Called By]<UL><LI><a href="#[68]">&gt;&gt;</a>&nbsp;&nbsp;&nbsp;main
</UL>

<P><STRONG><a name="[c5]"></a>osTimerCall</STRONG> (Thumb, 8 bytes, Stack size 0 bytes, rt_cmsis.o(i.osTimerCall))
<BR><BR>[Called By]<UL><LI><a href="#[67]">&gt;&gt;</a>&nbsp;&nbsp;&nbsp;osTimerThread
</UL>

<P><STRONG><a name="[67]"></a>osTimerThread</STRONG> (Thumb, 38 bytes, Stack size 0 bytes, rt_cmsis.o(i.osTimerThread))
<BR><BR>[Stack]<UL><LI>Max Depth = 40<LI>Call Chain = osTimerThread &rArr; osMessageGet &rArr; isrMessageGet &rArr; isr_mbx_receive &rArr; rt_psq_enq
</UL>
<BR>[Calls]<UL><LI><a href="#[c0]">&gt;&gt;</a>&nbsp;&nbsp;&nbsp;osMessageGet
<LI><a href="#[c5]">&gt;&gt;</a>&nbsp;&nbsp;&nbsp;osTimerCall
</UL>
<BR>[Address Reference Count : 1]<UL><LI> rtx_conf_cm.o(.constdata)
</UL>
<P><STRONG><a name="[d9]"></a>os_error</STRONG> (Thumb, 34 bytes, Stack size 0 bytes, rtx_conf_cm.o(i.os_error))
<BR><BR>[Called By]<UL><LI><a href="#[e6]">&gt;&gt;</a>&nbsp;&nbsp;&nbsp;sysTimerTick
<LI><a href="#[d7]">&gt;&gt;</a>&nbsp;&nbsp;&nbsp;rt_mbx_psh
<LI><a href="#[7f]">&gt;&gt;</a>&nbsp;&nbsp;&nbsp;rt_stk_check
<LI><a href="#[b8]">&gt;&gt;</a>&nbsp;&nbsp;&nbsp;rt_psq_enq
</UL>

<P><STRONG><a name="[5f]"></a>os_idle_demon</STRONG> (Thumb, 4 bytes, Stack size 0 bytes, rtx_conf_cm.o(i.os_idle_demon))
<BR>[Address Reference Count : 1]<UL><LI> rt_task.o(i.rt_sys_init)
</UL>
<P><STRONG><a name="[e5]"></a>os_tick_init</STRONG> (Thumb, 32 bytes, Stack size 0 bytes, rt_system.o(i.os_tick_init))
<BR><BR>[Called By]<UL><LI><a href="#[e4]">&gt;&gt;</a>&nbsp;&nbsp;&nbsp;rt_sys_start
</UL>

<P><STRONG><a name="[83]"></a>os_tick_irqack</STRONG> (Thumb, 2 bytes, Stack size 0 bytes, rt_system.o(i.os_tick_irqack), UNUSED)
<BR><BR>[Called By]<UL><LI><a href="#[82]">&gt;&gt;</a>&nbsp;&nbsp;&nbsp;OS_Tick_Handler
</UL>

<P><STRONG><a name="[4a]"></a>rt_alloc_box</STRONG> (Thumb, 26 bytes, Stack size 0 bytes, rt_membox.o(i.rt_alloc_box))
[...]
</UL>

<P><STRONG><a name="[eb]"></a>rt_tsk_prio</STRONG> (Thumb, 108 bytes, Stack size 16 bytes, rt_task.o(i.rt_tsk_prio))
<BR><BR>[Stack]<UL><LI>Max Depth = 44<LI>Call Chain = rt_tsk_prio &rArr; rt_dispatch &rArr; rt_put_prio
</UL>
<BR>[Calls]<UL><LI><a href="#[dc]">&gt;&gt;</a>&nbsp;&nbsp;&nbsp;rt_resort_prio
<LI><a href="#[cb]">&gt;&gt;</a>&nbsp;&nbsp;&nbsp;rt_put_prio
<LI><a href="#[c8]">&gt;&gt;</a>&nbsp;&nbsp;&nbsp;rt_get_first
<LI><a href="#[cd]">&gt;&gt;</a>&nbsp;&nbsp;&nbsp;rt_dispatch
</UL>
<BR>[Called By]<UL><LI><a href="#[52]">&gt;&gt;</a>&nbsp;&nbsp;&nbsp;svcKernelStart
</UL>

<P><STRONG><a name="[f1]"></a>rt_tsk_self</STRONG> (Thumb, 12 bytes, Stack size 0 bytes, rt_task.o(i.rt_tsk_self))
<BR><BR>[Called By]<UL><LI><a href="#[5c]">&gt;&gt;</a>&nbsp;&nbsp;&nbsp;svcThreadGetId
</UL>

<P><STRONG><a name="[50]"></a>svcDelay</STRONG> (Thumb, 18 bytes, Stack size 8 bytes, rt_cmsis.o(i.svcDelay))
<BR><BR>[Stack]<UL><LI>Max Depth = 32<LI>Call Chain = svcDelay &rArr; rt_dly_wait &rArr; rt_block &rArr; rt_put_dly
</UL>
<BR>[Calls]<UL><LI><a href="#[ec]">&gt;&gt;</a>&nbsp;&nbsp;&nbsp;rt_ms2tick
<LI><a href="#[cf]">&gt;&gt;</a>&nbsp;&nbsp;&nbsp;rt_dly_wait
</UL>
<BR>[Address Reference Count : 1]<UL><LI> rt_cmsis.o(i.osDelay)
</UL>
<P><STRONG><a name="[51]"></a>svcKernelInitialize</STRONG> (Thumb, 80 bytes, Stack size 8 bytes, rt_cmsis.o(i.svcKernelInitialize))
<BR><BR>[Stack]<UL><LI>Max Depth = 80<LI>Call Chain = svcKernelInitialize &rArr; svcThreadCreate &rArr; rt_tsk_create &rArr; rt_init_context &rArr; rt_init_stack
</UL>
<BR>[Calls]<UL><LI><a href="#[5b]">&gt;&gt;</a>&nbsp;&nbsp;&nbsp;svcThreadCreate
<LI><a href="#[53]">&gt;&gt;</a>&nbsp;&nbsp;&nbsp;svcMessageCreate
<LI><a href="#[e0]">&gt;&gt;</a>&nbsp;&nbsp;&nbsp;rt_sys_init
<LI><a href="#[ed]">&gt;&gt;</a>&nbsp;&nbsp;&nbsp;rt_init_mem
</UL>
<BR>[Called By]<UL><LI><a href="#[7c]">&gt;&gt;</a>&nbsp;&nbsp;&nbsp;osKernelInitialize
</UL>
<BR>[Address Reference Count : 1]<UL><LI> rt_cmsis.o(i.osKernelInitialize)
</UL>
<P><STRONG><a name="[52]"></a>svcKernelStart</STRONG> (Thumb, 62 bytes, Stack size 16 bytes, rt_cmsis.o(i.svcKernelStart))
<BR><BR>[Stack]<UL><LI>Max Depth = 60<LI>Call Chain = svcKernelStart &rArr; rt_tsk_prio &rArr; rt_dispatch &rArr; rt_put_prio
</UL>
<BR>[Calls]<UL><LI><a href="#[eb]">&gt;&gt;</a>&nbsp;&nbsp;&nbsp;rt_tsk_prio
<LI><a href="#[e4]">&gt;&gt;</a>&nbsp;&nbsp;&nbsp;rt_sys_start
</UL>
<BR>[Address Reference Count : 1]<UL><LI> rt_cmsis.o(i.osKernelStart)
</UL>
<P><STRONG><a name="[53]"></a>svcMessageCreate</STRONG> (Thumb, 36 bytes, Stack size 8 bytes, rt_cmsis.o(i.svcMessageCreate))
<BR><BR>[Stack]<UL><LI>Max Depth = 8<LI>Call Chain = svcMessageCreate
</UL>
<BR>[Calls]<UL><LI><a href="#[ee]">&gt;&gt;</a>&nbsp;&nbsp;&nbsp;rt_mbx_init
</UL>
<BR>[Called By]<UL><LI><a href="#[bf]">&gt;&gt;</a>&nbsp;&nbsp;&nbsp;osMessageCreate
<LI><a href="#[51]">&gt;&gt;</a>&nbsp;&nbsp;&nbsp;svcKernelInitialize
</UL>
<BR>[Address Reference Count : 1]<UL><LI> rt_cmsis.o(i.osMessageCreate)
</UL>
<P><STRONG><a name="[54]"></a>svcMessageGet</STRONG> (Thumb, 58 bytes, Stack size 24 bytes, rt_cmsis.o(i.svcMessageGet))
<BR><BR>[Stack]<UL><LI>Max Depth = 68<LI>Call Chain = svcMessageGet &rArr; rt_mbx_wait &rArr; rt_dispatch &rArr; rt_put_prio
</UL>
<BR>[Calls]<UL><LI><a href="#[ec]">&gt;&gt;</a>&nbsp;&nbsp;&nbsp;rt_ms2tick
<LI><a href="#[db]">&gt;&gt;</a>&nbsp;&nbsp;&nbsp;rt_mbx_wait
</UL>
<BR>[Address Reference Count : 1]<UL><LI> rt_cmsis.o(i.osMessageGet)
</UL>
<P><STRONG><a name="[55]"></a>svcMessagePut</STRONG> (Thumb, 54 bytes, Stack size 16 bytes, rt_cmsis.o(i.svcMessagePut))
<BR><BR>[Stack]<UL><LI>Max Depth = 60<LI>Call Chain = svcMessagePut &rArr; rt_mbx_send &rArr; rt_dispatch &rArr; rt_put_prio
</UL>
<BR>[Calls]<UL><LI><a href="#[ec]">&gt;&gt;</a>&nbsp;&nbsp;&nbsp;rt_ms2tick
<LI><a href="#[da]">&gt;&gt;</a>&nbsp;&nbsp;&nbsp;rt_mbx_send
</UL>
<BR>[Address Reference Count : 1]<UL><LI> rt_cmsis.o(i.osMessagePut)
</UL>
<P><STRONG><a name="[57]"></a>svcPoolCreate</STRONG> (Thumb, 40 bytes, Stack size 8 bytes, rt_cmsis.o(i.svcPoolCreate))
<BR><BR>[Stack]<UL><LI>Max Depth = 16<LI>Call Chain = svcPoolCreate &rArr; _init_box
</UL>
<BR>[Calls]<UL><LI><a href="#[e2]">&gt;&gt;</a>&nbsp;&nbsp;&nbsp;_init_box
</UL>
<BR>[Called By]<UL><LI><a href="#[c3]">&gt;&gt;</a>&nbsp;&nbsp;&nbsp;osPoolCreate
</UL>
<BR>[Address Reference Count : 1]<UL><LI> rt_cmsis.o(i.osPoolCreate)
</UL>
<P><STRONG><a name="[59]"></a>svcSignalSet</STRONG> (Thumb, 36 bytes, Stack size 16 bytes, rt_cmsis.o(i.svcSignalSet))
<BR><BR>[Stack]<UL><LI>Max Depth = 52<LI>Call Chain = svcSignalSet &rArr; rt_evt_set &rArr; rt_dispatch &rArr; rt_put_prio
</UL>
<BR>[Calls]<UL><LI><a href="#[b6]">&gt;&gt;</a>&nbsp;&nbsp;&nbsp;rt_tid2ptcb
<LI><a href="#[d3]">&gt;&gt;</a>&nbsp;&nbsp;&nbsp;rt_evt_set
</UL>
<BR>[Address Reference Count : 1]<UL><LI> rt_cmsis.o(i.osSignalSet)
</UL>
<P><STRONG><a name="[5a]"></a>svcSignalWait</STRONG> (Thumb, 80 bytes, Stack size 16 bytes, rt_cmsis.o(i.svcSignalWait))
<BR><BR>[Stack]<UL><LI>Max Depth = 56<LI>Call Chain = svcSignalWait &rArr; rt_evt_wait &rArr; rt_block &rArr; rt_put_dly
</UL>
<BR>[Calls]<UL><LI><a href="#[ec]">&gt;&gt;</a>&nbsp;&nbsp;&nbsp;rt_ms2tick
<LI><a href="#[d4]">&gt;&gt;</a>&nbsp;&nbsp;&nbsp;rt_evt_wait
</UL>
<BR>[Address Reference Count : 1]<UL><LI> rt_cmsis.o(i.osSignalWait)
</UL>
<P><STRONG><a name="[5b]"></a>svcThreadCreate</STRONG> (Thumb, 96 bytes, Stack size 16 bytes, rt_cmsis.o(i.svcThreadCreate))
<BR><BR>[Stack]<UL><LI>Max Depth = 72<LI>Call Chain = svcThreadCreate &rArr; rt_tsk_create &rArr; rt_init_context &rArr; rt_init_stack
</UL>
<BR>[Calls]<UL><LI><a href="#[e7]">&gt;&gt;</a>&nbsp;&nbsp;&nbsp;rt_tsk_create
<LI><a href="#[f0]">&gt;&gt;</a>&nbsp;&nbsp;&nbsp;rt_free_mem
<LI><a href="#[ef]">&gt;&gt;</a>&nbsp;&nbsp;&nbsp;rt_alloc_mem
</UL>
<BR>[Called By]<UL><LI><a href="#[7d]">&gt;&gt;</a>&nbsp;&nbsp;&nbsp;osThreadCreate
<LI><a href="#[51]">&gt;&gt;</a>&nbsp;&nbsp;&nbsp;svcKernelInitialize
</UL>
<BR>[Address Reference Count : 1]<UL><LI> rt_cmsis.o(i.osThreadCreate)
</UL>
<P><STRONG><a name="[5c]"></a>svcThreadGetId</STRONG> (Thumb, 22 bytes, Stack size 8 bytes, rt_cmsis.o(i.svcThreadGetId))
<BR><BR>[Stack]<UL><LI>Max Depth = 8<LI>Call Chain = svcThreadGetId
</UL>
<BR>[Calls]<UL><LI><a href="#[f1]">&gt;&gt;</a>&nbsp;&nbsp;&nbsp;rt_tsk_self
</UL>
<BR>[Address Reference Count : 2]<UL><LI> rt_cmsis.o(i.osThreadExit)
<LI> rt_cmsis.o(i.osThreadGetId)
</UL>
<P><STRONG><a name="[5d]"></a>svcThreadTerminate</STRONG> (Thumb, 50 bytes, Stack size 8 bytes, rt_cmsis.o(i.svcThreadTerminate))
<BR><BR>[Stack]<UL><LI>Max Depth = 76<LI>Call Chain = svcThreadTerminate &rArr; rt_tsk_delete &rArr; rt_dispatch &rArr; rt_put_prio
</UL>
<BR>[Calls]<UL><LI><a href="#[b6]">&gt;&gt;</a>&nbsp;&nbsp;&nbsp;rt_tid2ptcb
<LI><a href="#[e9]">&gt;&gt;</a>&nbsp;&nbsp;&nbsp;rt_tsk_delete
<LI><a href="#[f0]">&gt;&gt;</a>&nbsp;&nbsp;&nbsp;rt_free_mem
</UL>
<BR>[Address Reference Count : 1]<UL><LI> rt_cmsis.o(i.osThreadExit)
</UL>
<P><STRONG><a name="[5e]"></a>svcTimerCall</STRONG> (Thumb, 24 bytes, Stack size 8 bytes, rt_cmsis.o(i.svcTimerCall))
<BR><BR>[Stack]<UL><LI>Max Depth = 8<LI>Call Chain = svcTimerCall
</UL>
<BR>[Calls]<UL><LI><a href="#[f2]">&gt;&gt;</a>&nbsp;&nbsp;&nbsp;rt_id2obj
</UL>
<BR>[Address Reference Count : 1]<UL><LI> rt_cmsis.o(i.osTimerCall)
</UL>
<P><STRONG><a name="[56]"></a>sysPoolAlloc</STRONG> (Thumb, 10 bytes, Stack size 0 bytes, rt_cmsis.o(i.sysPoolAlloc))
<BR><BR>[Calls]<UL><LI><a href="#[4a]">&gt;&gt;</a>&nbsp;&nbsp;&nbsp;rt_alloc_box
</UL>
<BR>[Called By]<UL><LI><a href="#[c2]">&gt;&gt;</a>&nbsp;&nbsp;&nbsp;osPoolAlloc
</UL>
<BR>[Address Reference Count : 1]<UL><LI> rt_cmsis.o(i.osPoolAlloc)
</UL>
<P><STRONG><a name="[58]"></a>sysPoolFree</STRONG> (Thumb, 20 bytes, Stack size 8 bytes, rt_cmsis.o(i.sysPoolFree))
<BR><BR>[Stack]<UL><LI>Max Depth = 8<LI>Call Chain = sysPoolFree
</UL>
<BR>[Calls]<UL><LI><a href="#[4b]">&gt;&gt;</a>&nbsp;&nbsp;&nbsp;rt_free_box
</UL>
<BR>[Called By]<UL><LI><a href="#[c4]">&gt;&gt;</a>&nbsp;&nbsp;&nbsp;osPoolFree
</UL>
<BR>[Address Reference Count : 1]<UL><LI> rt_cmsis.o(i.osPoolFree)
</UL>
<P><STRONG><a name="[e6]"></a>sysTimerTick</STRONG> (Thumb, 84 bytes, Stack size 24 bytes, rt_cmsis.o(i.sysTimerTick))
<BR><BR>[Stack]<UL><LI>Max Depth = 64<LI>Call Chain = sysTimerTick &rArr; isrMessagePut &rArr; isr_mbx_send &rArr; rt_psq_enq
</UL>
<BR>[Calls]<UL><LI><a href="#[d9]">&gt;&gt;</a>&nbsp;&nbsp;&nbsp;os_error
<LI><a href="#[b2]">&gt;&gt;</a>&nbsp;&nbsp;&nbsp;isrMessagePut
<LI><a href="#[f3]">&gt;&gt;</a>&nbsp;&nbsp;&nbsp;rt_timer_insert
</UL>
<BR>[Called By]<UL><LI><a href="#[81]">&gt;&gt;</a>&nbsp;&nbsp;&nbsp;rt_systick
</UL>

<P><STRONG><a name="[66]"></a>timeout_thread</STRONG> (Thumb, 40 bytes, Stack size 16 bytes, timeoutthread.o(i.timeout_thread))
<BR><BR>[Stack]<UL><LI>Max Depth = 56<LI>Call Chain = timeout_thread &rArr; TIM2_Int_Init &rArr; NVIC_Init
</UL>
<BR>[Calls]<UL><LI><a href="#[a6]">&gt;&gt;</a>&nbsp;&nbsp;&nbsp;TIM2_Int_Init
<LI><a href="#[ba]">&gt;&gt;</a>&nbsp;&nbsp;&nbsp;osSignalWait
<LI><a href="#[93]">&gt;&gt;</a>&nbsp;&nbsp;&nbsp;osSignalSet
</UL>
<BR>[Address Reference Count : 1]<UL><LI> timeoutthread.o(.constdata)
</UL>
<P><STRONG><a name="[f4]"></a>uart1_init</STRONG> (Thumb, 194 bytes, Stack size 32 bytes, usart.o(i.uart1_init))
<BR><BR>[Stack]<UL><LI>Max Depth = 100<LI>Call Chain = uart1_init &rArr; USART_Init &rArr; RCC_GetClocksFreq
</UL>
<BR>[Calls]<UL><LI><a href="#[ae]">&gt;&gt;</a>&nbsp;&nbsp;&nbsp;USART_Init
<LI><a href="#[f5]">&gt;&gt;</a>&nbsp;&nbsp;&nbsp;USART_ITConfig
<LI><a href="#[f7]">&gt;&gt;</a>&nbsp;&nbsp;&nbsp;USART_GetFlagStatus
<LI><a href="#[ab]">&gt;&gt;</a>&nbsp;&nbsp;&nbsp;USART_DeInit
<LI><a href="#[f6]">&gt;&gt;</a>&nbsp;&nbsp;&nbsp;USART_Cmd
<LI><a href="#[f8]">&gt;&gt;</a>&nbsp;&nbsp;&nbsp;USART_ClearFlag
<LI><a href="#[9e]">&gt;&gt;</a>&nbsp;&nbsp;&nbsp;RCC_APB2PeriphClockCmd
<LI><a href="#[a0]">&gt;&gt;</a>&nbsp;&nbsp;&nbsp;NVIC_Init
<LI><a href="#[9f]">&gt;&gt;</a>&nbsp;&nbsp;&nbsp;GPIO_Init
</UL>
<BR>[Called By]<UL><LI><a href="#[fd]">&gt;&gt;</a>&nbsp;&nbsp;&nbsp;uart_init
</UL>

<P><STRONG><a name="[f9]"></a>uart2_init</STRONG> (Thumb, 196 bytes, Stack size 32 bytes, usart.o(i.uart2_init))
<BR><BR>[Stack]<UL><LI>Max Depth = 100<LI>Call Chain = uart2_init &rArr; USART_Init &rArr; RCC_GetClocksFreq
</UL>
<BR>[Calls]<UL><LI><a href="#[ae]">&gt;&gt;</a>&nbsp;&nbsp;&nbsp;USART_Init
<LI><a href="#[f5]">&gt;&gt;</a>&nbsp;&nbsp;&nbsp;USART_ITConfig
<LI><a href="#[f7]">&gt;&gt;</a>&nbsp;&nbsp;&nbsp;USART_GetFlagStatus
<LI><a href="#[ab]">&gt;&gt;</a>&nbsp;&nbsp;&nbsp;USART_DeInit
<LI><a href="#[f6]">&gt;&gt;</a>&nbsp;&nbsp;&nbsp;USART_Cmd
<LI><a href="#[f8]">&gt;&gt;</a>&nbsp;&nbsp;&nbsp;USART_ClearFlag
<LI><a href="#[9e]">&gt;&gt;</a>&nbsp;&nbsp;&nbsp;RCC_APB2PeriphClockCmd
<LI><a href="#[a7]">&gt;&gt;</a>&nbsp;&nbsp;&nbsp;RCC_APB1PeriphClockCmd
<LI><a href="#[a0]">&gt;&gt;</a>&nbsp;&nbsp;&nbsp;NVIC_Init
<LI><a href="#[9f]">&gt;&gt;</a>&nbsp;&nbsp;&nbsp;GPIO_Init
</UL>
<BR>[Called By]<UL><LI><a href="#[fd]">&gt;&gt;</a>&nbsp;&nbsp;&nbsp;uart_init
</UL>

<P><STRONG><a name="[fa]"></a>uart3_init</STRONG> (Thumb, 200 bytes, Stack size 32 bytes, usart.o(i.uart3_init))
<BR><BR>[Stack]<UL><LI>Max Depth = 100<LI>Call Chain = uart3_init &rArr; USART_Init &rArr; RCC_GetClocksFreq
</UL>
<BR>[Calls]<UL><LI><a href="#[ae]">&gt;&gt;</a>&nbsp;&nbsp;&nbsp;USART_Init
<LI><a href="#[f5]">&gt;&gt;</a>&nbsp;&nbsp;&nbsp;USART_ITConfig
<LI><a href="#[f7]">&gt;&gt;</a>&nbsp;&nbsp;&nbsp;USART_GetFlagStatus
<LI><a href="#[ab]">&gt;&gt;</a>&nbsp;&nbsp;&nbsp;USART_DeInit
<LI><a href="#[f6]">&gt;&gt;</a>&nbsp;&nbsp;&nbsp;USART_Cmd
<LI><a href="#[f8]">&gt;&gt;</a>&nbsp;&nbsp;&nbsp;USART_ClearFlag
<LI><a href="#[9e]">&gt;&gt;</a>&nbsp;&nbsp;&nbsp;RCC_APB2PeriphClockCmd
<LI><a href="#[a7]">&gt;&gt;</a>&nbsp;&nbsp;&nbsp;RCC_APB1PeriphClockCmd
<LI><a href="#[a0]">&gt;&gt;</a>&nbsp;&nbsp;&nbsp;NVIC_Init
<LI><a href="#[9f]">&gt;&gt;</a>&nbsp;&nbsp;&nbsp;GPIO_Init
</UL>
<BR>[Called By]<UL><LI><a href="#[fd]">&gt;&gt;</a>&nbsp;&nbsp;&nbsp;uart_init
</UL>

<P><STRONG><a name="[fb]"></a>uart4_init</STRONG> (Thumb, 200 bytes, Stack size 32 bytes, usart.o(i.uart4_init))
<BR><BR>[Stack]<UL><LI>Max Depth = 100<LI>Call Chain = uart4_init &rArr; USART_Init &rArr; RCC_GetClocksFreq
</UL>
<BR>[Calls]<UL><LI><a href="#[ae]">&gt;&gt;</a>&nbsp;&nbsp;&nbsp;USART_Init
<LI><a href="#[f5]">&gt;&gt;</a>&nbsp;&nbsp;&nbsp;USART_ITConfig
<LI><a href="#[f7]">&gt;&gt;</a>&nbsp;&nbsp;&nbsp;USART_GetFlagStatus
<LI><a href="#[ab]">&gt;&gt;</a>&nbsp;&nbsp;&nbsp;USART_DeInit
<LI><a href="#[f6]">&gt;&gt;</a>&nbsp;&nbsp;&nbsp;USART_Cmd
<LI><a href="#[f8]">&gt;&gt;</a>&nbsp;&nbsp;&nbsp;USART_ClearFlag
<LI><a href="#[9e]">&gt;&gt;</a>&nbsp;&nbsp;&nbsp;RCC_APB2PeriphClockCmd
<LI><a href="#[a7]">&gt;&gt;</a>&nbsp;&nbsp;&nbsp;RCC_APB1PeriphClockCmd
<LI><a href="#[a0]">&gt;&gt;</a>&nbsp;&nbsp;&nbsp;NVIC_Init
<LI><a href="#[9f]">&gt;&gt;</a>&nbsp;&nbsp;&nbsp;GPIO_Init
</UL>
<BR>[Called By]<UL><LI><a href="#[fd]">&gt;&gt;</a>&nbsp;&nbsp;&nbsp;uart_init
</UL>

<P><STRONG><a name="[fc]"></a>uart5_init</STRONG> (Thumb, 196 bytes, Stack size 32 bytes, usart.o(i.uart5_init))
<BR><BR>[Stack]<UL><LI>Max Depth = 100<LI>Call Chain = uart5_init &rArr; USART_Init &rArr; RCC_GetClocksFreq
</UL>
<BR>[Calls]<UL><LI><a href="#[ae]">&gt;&gt;</a>&nbsp;&nbsp;&nbsp;USART_Init
<LI><a href="#[f5]">&gt;&gt;</a>&nbsp;&nbsp;&nbsp;USART_ITConfig
<LI><a href="#[f7]">&gt;&gt;</a>&nbsp;&nbsp;&nbsp;USART_GetFlagStatus
<LI><a href="#[ab]">&gt;&gt;</a>&nbsp;&nbsp;&nbsp;USART_DeInit
<LI><a href="#[f6]">&gt;&gt;</a>&nbsp;&nbsp;&nbsp;USART_Cmd
<LI><a href="#[f8]">&gt;&gt;</a>&nbsp;&nbsp;&nbsp;USART_ClearFlag
<LI><a href="#[9e]">&gt;&gt;</a>&nbsp;&nbsp;&nbsp;RCC_APB2PeriphClockCmd
<LI><a href="#[a7]">&gt;&gt;</a>&nbsp;&nbsp;&nbsp;RCC_APB1PeriphClockCmd
<LI><a href="#[a0]">&gt;&gt;</a>&nbsp;&nbsp;&nbsp;NVIC_Init
<LI><a href="#[9f]">&gt;&gt;</a>&nbsp;&nbsp;&nbsp;GPIO_Init
</UL>
<BR>[Called By]<UL><LI><a href="#[fd]">&gt;&gt;</a>&nbsp;&nbsp;&nbsp;uart_init
</UL>

<P><STRONG><a name="[fd]"></a>uart_init</STRONG> (Thumb, 52 bytes, Stack size 8 bytes, usart.o(i.uart_init))
<BR><BR>[Stack]<UL><LI>Max Depth = 108<LI>Call Chain = uart_init &rArr; uart5_init &rArr; USART_Init &rArr; RCC_GetClocksFreq
</UL>
<BR>[Calls]<UL><LI><a href="#[fc]">&gt;&gt;</a>&nbsp;&nbsp;&nbsp;uart5_init
<LI><a href="#[fb]">&gt;&gt;</a>&nbsp;&nbsp;&nbsp;uart4_init
<LI><a href="#[fa]">&gt;&gt;</a>&nbsp;&nbsp;&nbsp;uart3_init
<LI><a href="#[f9]">&gt;&gt;</a>&nbsp;&nbsp;&nbsp;uart2_init
<LI><a href="#[f4]">&gt;&gt;</a>&nbsp;&nbsp;&nbsp;uart1_init
</UL>
<BR>[Called By]<UL><LI><a href="#[63]">&gt;&gt;</a>&nbsp;&nbsp;&nbsp;uart_send_thread
<LI><a href="#[64]">&gt;&gt;</a>&nbsp;&nbsp;&nbsp;uart_receive_thread
</UL>

<P><STRONG><a name="[64]"></a>uart_receive_thread</STRONG> (Thumb, 236 bytes, Stack size 16 bytes, uartthread.o(i.uart_receive_thread))
<BR><BR>[Stack]<UL><LI>Max Depth = 124<LI>Call Chain = uart_receive_thread &rArr; uart_init &rArr; uart5_init &rArr; USART_Init &rArr; RCC_GetClocksFreq
</UL>
<BR>[Calls]<UL><LI><a href="#[fd]">&gt;&gt;</a>&nbsp;&nbsp;&nbsp;uart_init
<LI><a href="#[ba]">&gt;&gt;</a>&nbsp;&nbsp;&nbsp;osSignalWait
<LI><a href="#[c3]">&gt;&gt;</a>&nbsp;&nbsp;&nbsp;osPoolCreate
<LI><a href="#[bf]">&gt;&gt;</a>&nbsp;&nbsp;&nbsp;osMessageCreate
<LI><a href="#[fe]">&gt;&gt;</a>&nbsp;&nbsp;&nbsp;USART_ReceiveData
<LI><a href="#[c2]">&gt;&gt;</a>&nbsp;&nbsp;&nbsp;osPoolAlloc
<LI><a href="#[c1]">&gt;&gt;</a>&nbsp;&nbsp;&nbsp;osMessagePut
</UL>
<BR>[Address Reference Count : 1]<UL><LI> uartthread.o(.constdata)
</UL>
<P><STRONG><a name="[ff]"></a>uart_send_datas</STRONG> (Thumb, 52 bytes, Stack size 32 bytes, uartthread.o(i.uart_send_datas))
<BR><BR>[Stack]<UL><LI>Max Depth = 32<LI>Call Chain = uart_send_datas
</UL>
<BR>[Calls]<UL><LI><a href="#[ba]">&gt;&gt;</a>&nbsp;&nbsp;&nbsp;osSignalWait
</UL>
<BR>[Called By]<UL><LI><a href="#[63]">&gt;&gt;</a>&nbsp;&nbsp;&nbsp;uart_send_thread
</UL>

<P><STRONG><a name="[63]"></a>uart_send_thread</STRONG> (Thumb, 126 bytes, Stack size 16 bytes, uartthread.o(i.uart_send_thread))
<BR><BR>[Stack]<UL><LI>Max Depth = 124<LI>Call Chain = uart_send_thread &rArr; uart_init &rArr; uart5_init &rArr; USART_Init &rArr; RCC_GetClocksFreq
</UL>
<BR>[Calls]<UL><LI><a href="#[fd]">&gt;&gt;</a>&nbsp;&nbsp;&nbsp;uart_init
<LI><a href="#[c3]">&gt;&gt;</a>&nbsp;&nbsp;&nbsp;osPoolCreate
<LI><a href="#[bf]">&gt;&gt;</a>&nbsp;&nbsp;&nbsp;osMessageCreate
<LI><a href="#[ff]">&gt;&gt;</a>&nbsp;&nbsp;&nbsp;uart_send_datas
<LI><a href="#[c4]">&gt;&gt;</a>&nbsp;&nbsp;&nbsp;osPoolFree
<LI><a href="#[c0]">&gt;&gt;</a>&nbsp;&nbsp;&nbsp;osMessageGet
</UL>
<BR>[Address Reference Count : 1]<UL><LI> uartthread.o(.constdata)
</UL>
<P><STRONG><a name="[61]"></a>uart_test_thread</STRONG> (Thumb, 100 bytes, Stack size 16 bytes, uarttestthread.o(i.uart_test_thread))
<BR><BR>[Stack]<UL><LI>Max Depth = 56<LI>Call Chain = uart_test_thread &rArr; osMessagePut &rArr; isrMessagePut &rArr; isr_mbx_send &rArr; rt_psq_enq
</UL>
<BR>[Calls]<UL><LI><a href="#[c4]">&gt;&gt;</a>&nbsp;&nbsp;&nbsp;osPoolFree
<LI><a href="#[c2]">&gt;&gt;</a>&nbsp;&nbsp;&nbsp;osPoolAlloc
<LI><a href="#[c1]">&gt;&gt;</a>&nbsp;&nbsp;&nbsp;osMessagePut
<LI><a href="#[c0]">&gt;&gt;</a>&nbsp;&nbsp;&nbsp;osMessageGet
</UL>
<BR>[Address Reference Count : 1]<UL><LI> uarttestthread.o(.constdata)
</UL><P>
<H3>
Local Symbols
</H3>
<P><STRONG><a name="[a4]"></a>SetSysClock</STRONG> (Thumb, 8 bytes, Stack size 8 bytes, system_stm32f10x.o(i.SetSysClock))
<BR><BR>[Stack]<UL><LI>Max Depth = 20<LI>Call Chain = SetSysClock &rArr; SetSysClockTo72
</UL>
<BR>[Calls]<UL><LI><a href="#[a5]">&gt;&gt;</a>&nbsp;&nbsp;&nbsp;SetSysClockTo72
</UL>
<BR>[Called By]<UL><LI><a href="#[4c]">&gt;&gt;</a>&nbsp;&nbsp;&nbsp;SystemInit
</UL>

<P><STRONG><a name="[a5]"></a>SetSysClockTo72</STRONG> (Thumb, 214 bytes, Stack size 12 bytes, system_stm32f10x.o(i.SetSysClockTo72))
<BR><BR>[Stack]<UL><LI>Max Depth = 12<LI>Call Chain = SetSysClockTo72
</UL>
<BR>[Called By]<UL><LI><a href="#[a4]">&gt;&gt;</a>&nbsp;&nbsp;&nbsp;SetSysClock
</UL>

<P><STRONG><a name="[f2]"></a>rt_id2obj</STRONG> (Thumb, 8 bytes, Stack size 0 bytes, rt_cmsis.o(i.rt_id2obj))
<BR><BR>[Called By]<UL><LI><a href="#[5e]">&gt;&gt;</a>&nbsp;&nbsp;&nbsp;svcTimerCall
</UL>

<P><STRONG><a name="[ec]"></a>rt_ms2tick</STRONG> (Thumb, 58 bytes, Stack size 0 bytes, rt_cmsis.o(i.rt_ms2tick))
<BR><BR>[Called By]<UL><LI><a href="#[5a]">&gt;&gt;</a>&nbsp;&nbsp;&nbsp;svcSignalWait
<LI><a href="#[55]">&gt;&gt;</a>&nbsp;&nbsp;&nbsp;svcMessagePut
<LI><a href="#[54]">&gt;&gt;</a>&nbsp;&nbsp;&nbsp;svcMessageGet
<LI><a href="#[50]">&gt;&gt;</a>&nbsp;&nbsp;&nbsp;svcDelay
</UL>

<P><STRONG><a name="[b6]"></a>rt_tid2ptcb</STRONG> (Thumb, 18 bytes, Stack size 0 bytes, rt_cmsis.o(i.rt_tid2ptcb))
<BR><BR>[Called By]<UL><LI><a href="#[5d]">&gt;&gt;</a>&nbsp;&nbsp;&nbsp;svcThreadTerminate
<LI><a href="#[59]">&gt;&gt;</a>&nbsp;&nbsp;&nbsp;svcSignalSet
<LI><a href="#[b5]">&gt;&gt;</a>&nbsp;&nbsp;&nbsp;isrSignalSet
</UL>

<P><STRONG><a name="[f3]"></a>rt_timer_insert</STRONG> (Thumb, 48 bytes, Stack size 12 bytes, rt_cmsis.o(i.rt_timer_insert))
<BR><BR>[Stack]<UL><LI>Max Depth = 12<LI>Call Chain = rt_timer_insert
</UL>
<BR>[Called By]<UL><LI><a href="#[e6]">&gt;&gt;</a>&nbsp;&nbsp;&nbsp;sysTimerTick
</UL>

<P><STRONG><a name="[d5]"></a>rt_init_context</STRONG> (Thumb, 66 bytes, Stack size 16 bytes, rt_task.o(i.rt_init_context))
<BR><BR>[Stack]<UL><LI>Max Depth = 32<LI>Call Chain = rt_init_context &rArr; rt_init_stack
</UL>
<BR>[Calls]<UL><LI><a href="#[d6]">&gt;&gt;</a>&nbsp;&nbsp;&nbsp;rt_init_stack
<LI><a href="#[4a]">&gt;&gt;</a>&nbsp;&nbsp;&nbsp;rt_alloc_box
</UL>
<BR>[Called By]<UL><LI><a href="#[e7]">&gt;&gt;</a>&nbsp;&nbsp;&nbsp;rt_tsk_create
<LI><a href="#[e0]">&gt;&gt;</a>&nbsp;&nbsp;&nbsp;rt_sys_init
</UL>
<P>
<H3>
Undefined Global Symbols
</H3><HR></body></html>
