<!doctype html public "-//w3c//dtd html 4.0 transitional//en">
<html><head>
<title>Static Call Graph - [.\Objects\prj1.axf]</title></head>
<body><HR>
<H1>Static Call Graph for image .\Objects\prj1.axf</H1><HR>
<BR><P>#&#060CALLGRAPH&#062# ARM Linker, 5060750: Last Updated: Thu May 03 13:48:43 2018
<BR><P>
<H3>Maximum Stack Usage =      10448 bytes + Unknown(Cycles, Untraceable Function Pointers)</H3><H3>
Call chain for Maximum Stack Depth:</H3>
searcher_Croot &rArr; findfile &rArr; searchpath &rArr; luaL_gsub &rArr; luaL_addstring &rArr; luaL_addlstring &rArr; luaL_prepbuffsize &rArr; newbox &rArr; lua_setmetatable &rArr; luaC_checkfinalizer &rArr; sweeptolive &rArr; sweeplist &rArr; freeobj &rArr; freeLclosure &rArr; luaC_upvdeccount &rArr; luaM_realloc_ &rArr; luaC_fullgc &rArr; luaC_runtilstate &rArr; singlestep &rArr; runafewfinalizers &rArr; GCTM &rArr; luaD_pcall &rArr; seterrorobj &rArr; luaS_newlstr &rArr; internshrstr &rArr; luaS_resize &rArr;  luaM_realloc_ (Cycle)
<P>
<H3>
Mutually Recursive functions
</H3> <LI><a href="#[58]">rt_alloc_box</a>&nbsp;&nbsp;&nbsp;&rArr;&nbsp;&nbsp;&nbsp;<a href="#[58]">rt_alloc_box</a><BR>
 <LI><a href="#[13]">NMI_Handler</a>&nbsp;&nbsp;&nbsp;&rArr;&nbsp;&nbsp;&nbsp;<a href="#[13]">NMI_Handler</a><BR>
 <LI><a href="#[14]">HardFault_Handler</a>&nbsp;&nbsp;&nbsp;&rArr;&nbsp;&nbsp;&nbsp;<a href="#[14]">HardFault_Handler</a><BR>
 <LI><a href="#[15]">MemManage_Handler</a>&nbsp;&nbsp;&nbsp;&rArr;&nbsp;&nbsp;&nbsp;<a href="#[15]">MemManage_Handler</a><BR>
 <LI><a href="#[16]">BusFault_Handler</a>&nbsp;&nbsp;&nbsp;&rArr;&nbsp;&nbsp;&nbsp;<a href="#[16]">BusFault_Handler</a><BR>
 <LI><a href="#[17]">UsageFault_Handler</a>&nbsp;&nbsp;&nbsp;&rArr;&nbsp;&nbsp;&nbsp;<a href="#[17]">UsageFault_Handler</a><BR>
 <LI><a href="#[19]">DebugMon_Handler</a>&nbsp;&nbsp;&nbsp;&rArr;&nbsp;&nbsp;&nbsp;<a href="#[19]">DebugMon_Handler</a><BR>
 <LI><a href="#[2e]">ADC1_2_IRQHandler</a>&nbsp;&nbsp;&nbsp;&rArr;&nbsp;&nbsp;&nbsp;<a href="#[2e]">ADC1_2_IRQHandler</a><BR>
 <LI><a href="#[4b7]">sweepstep</a>&nbsp;&nbsp;&nbsp;&rArr;&nbsp;&nbsp;&nbsp;<a href="#[2f9]">sweeplist</a><BR>
 <LI><a href="#[42b]">luaV_concat</a>&nbsp;&nbsp;&nbsp;&rArr;&nbsp;&nbsp;&nbsp;<a href="#[1a5]">luaS_newlstr</a><BR>
 <LI><a href="#[429]">luaO_tostring</a>&nbsp;&nbsp;&nbsp;&rArr;&nbsp;&nbsp;&nbsp;<a href="#[1a5]">luaS_newlstr</a><BR>
 <LI><a href="#[3f7]">luaG_tointerror</a>&nbsp;&nbsp;&nbsp;&rArr;&nbsp;&nbsp;&nbsp;<a href="#[325]">luaG_runerror</a><BR>
 <LI><a href="#[17a]">luaO_pushfstring</a>&nbsp;&nbsp;&nbsp;&rArr;&nbsp;&nbsp;&nbsp;<a href="#[3f6]">luaO_pushvfstring</a><BR>
 <LI><a href="#[36e]">kname</a>&nbsp;&nbsp;&nbsp;&rArr;&nbsp;&nbsp;&nbsp;<a href="#[34f]">getobjname</a><BR>
 <LI><a href="#[34f]">getobjname</a>&nbsp;&nbsp;&nbsp;&rArr;&nbsp;&nbsp;&nbsp;<a href="#[34f]">getobjname</a><BR>
 <LI><a href="#[22a]">luaS_new</a>&nbsp;&nbsp;&nbsp;&rArr;&nbsp;&nbsp;&nbsp;<a href="#[1a5]">luaS_newlstr</a><BR>
 <LI><a href="#[3f1]">luaG_typeerror</a>&nbsp;&nbsp;&nbsp;&rArr;&nbsp;&nbsp;&nbsp;<a href="#[325]">luaG_runerror</a><BR>
 <LI><a href="#[17b]">luaD_throw</a>&nbsp;&nbsp;&nbsp;&rArr;&nbsp;&nbsp;&nbsp;<a href="#[3e1]">seterrorobj</a><BR>
 <LI><a href="#[3db]">stackerror</a>&nbsp;&nbsp;&nbsp;&rArr;&nbsp;&nbsp;&nbsp;<a href="#[325]">luaG_runerror</a><BR>
 <LI><a href="#[437]">luaV_objlen</a>&nbsp;&nbsp;&nbsp;&rArr;&nbsp;&nbsp;&nbsp;<a href="#[431]">luaT_callTM</a><BR>
 <LI><a href="#[3f4]">luaG_ordererror</a>&nbsp;&nbsp;&nbsp;&rArr;&nbsp;&nbsp;&nbsp;<a href="#[325]">luaG_runerror</a><BR>
 <LI><a href="#[433]">luaT_callorderTM</a>&nbsp;&nbsp;&nbsp;&rArr;&nbsp;&nbsp;&nbsp;<a href="#[432]">luaT_callbinTM</a><BR>
 <LI><a href="#[1e4]">luaV_equalobj</a>&nbsp;&nbsp;&nbsp;&rArr;&nbsp;&nbsp;&nbsp;<a href="#[431]">luaT_callTM</a><BR>
 <LI><a href="#[234]">luaV_finishset</a>&nbsp;&nbsp;&nbsp;&rArr;&nbsp;&nbsp;&nbsp;<a href="#[325]">luaG_runerror</a><BR>
 <LI><a href="#[1e3]">luaH_set</a>&nbsp;&nbsp;&nbsp;&rArr;&nbsp;&nbsp;&nbsp;<a href="#[400]">luaH_newkey</a><BR>
 <LI><a href="#[400]">luaH_newkey</a>&nbsp;&nbsp;&nbsp;&rArr;&nbsp;&nbsp;&nbsp;<a href="#[325]">luaG_runerror</a><BR>
 <LI><a href="#[2a8]">luaH_setint</a>&nbsp;&nbsp;&nbsp;&rArr;&nbsp;&nbsp;&nbsp;<a href="#[400]">luaH_newkey</a><BR>
 <LI><a href="#[37b]">luaH_resize</a>&nbsp;&nbsp;&nbsp;&rArr;&nbsp;&nbsp;&nbsp;<a href="#[19a]">luaM_toobig</a><BR>
 <LI><a href="#[3ff]">setnodevector</a>&nbsp;&nbsp;&nbsp;&rArr;&nbsp;&nbsp;&nbsp;<a href="#[325]">luaG_runerror</a><BR>
 <LI><a href="#[405]">setarrayvector</a>&nbsp;&nbsp;&nbsp;&rArr;&nbsp;&nbsp;&nbsp;<a href="#[19a]">luaM_toobig</a><BR>
 <LI><a href="#[22c]">luaV_finishget</a>&nbsp;&nbsp;&nbsp;&rArr;&nbsp;&nbsp;&nbsp;<a href="#[325]">luaG_runerror</a><BR>
 <LI><a href="#[3dd]">luaV_execute</a>&nbsp;&nbsp;&nbsp;&rArr;&nbsp;&nbsp;&nbsp;<a href="#[42b]">luaV_concat</a><BR>
 <LI><a href="#[2c7]">luaC_newobj</a>&nbsp;&nbsp;&nbsp;&rArr;&nbsp;&nbsp;&nbsp;<a href="#[19b]">luaM_realloc_</a><BR>
 <LI><a href="#[376]">luaD_growstack</a>&nbsp;&nbsp;&nbsp;&rArr;&nbsp;&nbsp;&nbsp;<a href="#[325]">luaG_runerror</a><BR>
 <LI><a href="#[3de]">luaD_reallocstack</a>&nbsp;&nbsp;&nbsp;&rArr;&nbsp;&nbsp;&nbsp;<a href="#[19a]">luaM_toobig</a><BR>
 <LI><a href="#[214]">reallymarkobject</a>&nbsp;&nbsp;&nbsp;&rArr;&nbsp;&nbsp;&nbsp;<a href="#[214]">reallymarkobject</a><BR>
 <LI><a href="#[287]">luaC_step</a>&nbsp;&nbsp;&nbsp;&rArr;&nbsp;&nbsp;&nbsp;<a href="#[3d5]">singlestep</a><BR>
 <LI><a href="#[289]">luaF_close</a>&nbsp;&nbsp;&nbsp;&rArr;&nbsp;&nbsp;&nbsp;<a href="#[19b]">luaM_realloc_</a><BR>
 <LI><a href="#[3e4]">luaE_extendCI</a>&nbsp;&nbsp;&nbsp;&rArr;&nbsp;&nbsp;&nbsp;<a href="#[19b]">luaM_realloc_</a><BR>
 <LI><a href="#[3dc]">luaD_precall</a>&nbsp;&nbsp;&nbsp;&rArr;&nbsp;&nbsp;&nbsp;<a href="#[3dc]">luaD_precall</a><BR>
 <LI><a href="#[37d]">luaV_mod</a>&nbsp;&nbsp;&nbsp;&rArr;&nbsp;&nbsp;&nbsp;<a href="#[325]">luaG_runerror</a><BR>
 <LI><a href="#[37e]">luaV_div</a>&nbsp;&nbsp;&nbsp;&rArr;&nbsp;&nbsp;&nbsp;<a href="#[325]">luaG_runerror</a><BR>
 <LI><a href="#[3ed]">luaF_findupval</a>&nbsp;&nbsp;&nbsp;&rArr;&nbsp;&nbsp;&nbsp;<a href="#[19b]">luaM_realloc_</a><BR>
 <LI><a href="#[3f6]">luaO_pushvfstring</a>&nbsp;&nbsp;&nbsp;&rArr;&nbsp;&nbsp;&nbsp;<a href="#[325]">luaG_runerror</a><BR>
 <LI><a href="#[428]">pushstr</a>&nbsp;&nbsp;&nbsp;&rArr;&nbsp;&nbsp;&nbsp;<a href="#[1a5]">luaS_newlstr</a><BR>
 <LI><a href="#[262]">luaS_resize</a>&nbsp;&nbsp;&nbsp;&rArr;&nbsp;&nbsp;&nbsp;<a href="#[19b]">luaM_realloc_</a><BR>
 <LI><a href="#[3eb]">luaE_shrinkCI</a>&nbsp;&nbsp;&nbsp;&rArr;&nbsp;&nbsp;&nbsp;<a href="#[19b]">luaM_realloc_</a><BR>
 <LI><a href="#[348]">luaE_freeCI</a>&nbsp;&nbsp;&nbsp;&rArr;&nbsp;&nbsp;&nbsp;<a href="#[19b]">luaM_realloc_</a><BR>
 <LI><a href="#[2f8]">entersweep</a>&nbsp;&nbsp;&nbsp;&rArr;&nbsp;&nbsp;&nbsp;<a href="#[2f9]">sweeplist</a><BR>
 <LI><a href="#[24f]">resizebox</a>&nbsp;&nbsp;&nbsp;&rArr;&nbsp;&nbsp;&nbsp;<a href="#[24f]">resizebox</a><BR>
 <LI><a href="#[31e]">findfield</a>&nbsp;&nbsp;&nbsp;&rArr;&nbsp;&nbsp;&nbsp;<a href="#[31e]">findfield</a><BR>
 <LI><a href="#[3ad]">txtToken</a>&nbsp;&nbsp;&nbsp;&rArr;&nbsp;&nbsp;&nbsp;<a href="#[269]">save</a><BR>
 <LI><a href="#[305]">subexpr</a>&nbsp;&nbsp;&nbsp;&rArr;&nbsp;&nbsp;&nbsp;<a href="#[305]">subexpr</a><BR>
 <LI><a href="#[482]">yindex</a>&nbsp;&nbsp;&nbsp;&rArr;&nbsp;&nbsp;&nbsp;<a href="#[2aa]">expr</a><BR>
 <LI><a href="#[4b8]">singlevaraux</a>&nbsp;&nbsp;&nbsp;&rArr;&nbsp;&nbsp;&nbsp;<a href="#[4b8]">singlevaraux</a><BR>
 <LI><a href="#[470]">primaryexp</a>&nbsp;&nbsp;&nbsp;&rArr;&nbsp;&nbsp;&nbsp;<a href="#[2aa]">expr</a><BR>
 <LI><a href="#[20d]">explist</a>&nbsp;&nbsp;&nbsp;&rArr;&nbsp;&nbsp;&nbsp;<a href="#[2aa]">expr</a><BR>
 <LI><a href="#[31a]">recfield</a>&nbsp;&nbsp;&nbsp;&rArr;&nbsp;&nbsp;&nbsp;<a href="#[2aa]">expr</a><BR>
 <LI><a href="#[319]">listfield</a>&nbsp;&nbsp;&nbsp;&rArr;&nbsp;&nbsp;&nbsp;<a href="#[2aa]">expr</a><BR>
 <LI><a href="#[247]">body</a>&nbsp;&nbsp;&nbsp;&rArr;&nbsp;&nbsp;&nbsp;<a href="#[245]">statlist</a><BR>
 <LI><a href="#[243]">block</a>&nbsp;&nbsp;&nbsp;&rArr;&nbsp;&nbsp;&nbsp;<a href="#[245]">statlist</a><BR>
 <LI><a href="#[486]">repeatstat</a>&nbsp;&nbsp;&nbsp;&rArr;&nbsp;&nbsp;&nbsp;<a href="#[245]">statlist</a><BR>
 <LI><a href="#[3a4]">skipnoopstat</a>&nbsp;&nbsp;&nbsp;&rArr;&nbsp;&nbsp;&nbsp;<a href="#[4bc]">statement</a><BR>
 <LI><a href="#[378]">test_then_block</a>&nbsp;&nbsp;&nbsp;&rArr;&nbsp;&nbsp;&nbsp;<a href="#[245]">statlist</a><BR>
 <LI><a href="#[206]">assignment</a>&nbsp;&nbsp;&nbsp;&rArr;&nbsp;&nbsp;&nbsp;<a href="#[206]">assignment</a><BR>
 <LI><a href="#[1a3]">LoadProtos</a>&nbsp;&nbsp;&nbsp;&rArr;&nbsp;&nbsp;&nbsp;<a href="#[1a1]">LoadFunction</a><BR>
 <LI><a href="#[450]">start_capture</a>&nbsp;&nbsp;&nbsp;&rArr;&nbsp;&nbsp;&nbsp;<a href="#[2f6]">match</a><BR>
 <LI><a href="#[456]">min_expand</a>&nbsp;&nbsp;&nbsp;&rArr;&nbsp;&nbsp;&nbsp;<a href="#[2f6]">match</a><BR>
 <LI><a href="#[455]">max_expand</a>&nbsp;&nbsp;&nbsp;&rArr;&nbsp;&nbsp;&nbsp;<a href="#[2f6]">match</a><BR>
 <LI><a href="#[2f6]">match</a>&nbsp;&nbsp;&nbsp;&rArr;&nbsp;&nbsp;&nbsp;<a href="#[2f6]">match</a><BR>
 <LI><a href="#[2f5]">end_capture</a>&nbsp;&nbsp;&nbsp;&rArr;&nbsp;&nbsp;&nbsp;<a href="#[2f6]">match</a><BR>
 <LI><a href="#[173]">DumpProtos</a>&nbsp;&nbsp;&nbsp;&rArr;&nbsp;&nbsp;&nbsp;<a href="#[171]">DumpFunction</a><BR>
 <LI><a href="#[235]">auxsort</a>&nbsp;&nbsp;&nbsp;&rArr;&nbsp;&nbsp;&nbsp;<a href="#[235]">auxsort</a><BR>
</UL>
<P>
<H3>
Function Pointers
</H3><UL>
 <LI><a href="#[2e]">ADC1_2_IRQHandler</a> from startup_stm32f10x_hd.o(.text) referenced from startup_stm32f10x_hd.o(RESET)
 <LI><a href="#[4b]">ADC3_IRQHandler</a> from startup_stm32f10x_hd.o(.text) referenced from startup_stm32f10x_hd.o(RESET)
 <LI><a href="#[16]">BusFault_Handler</a> from startup_stm32f10x_hd.o(.text) referenced from startup_stm32f10x_hd.o(RESET)
 <LI><a href="#[31]">CAN1_RX1_IRQHandler</a> from startup_stm32f10x_hd.o(.text) referenced from startup_stm32f10x_hd.o(RESET)
 <LI><a href="#[32]">CAN1_SCE_IRQHandler</a> from startup_stm32f10x_hd.o(.text) referenced from startup_stm32f10x_hd.o(RESET)
 <LI><a href="#[27]">DMA1_Channel1_IRQHandler</a> from dma_stm32f10x.o(i.DMA1_Channel1_IRQHandler) referenced from startup_stm32f10x_hd.o(RESET)
 <LI><a href="#[28]">DMA1_Channel2_IRQHandler</a> from dma_stm32f10x.o(i.DMA1_Channel2_IRQHandler) referenced from startup_stm32f10x_hd.o(RESET)
 <LI><a href="#[29]">DMA1_Channel3_IRQHandler</a> from dma_stm32f10x.o(i.DMA1_Channel3_IRQHandler) referenced from startup_stm32f10x_hd.o(RESET)
 <LI><a href="#[2a]">DMA1_Channel4_IRQHandler</a> from dma_stm32f10x.o(i.DMA1_Channel4_IRQHandler) referenced from startup_stm32f10x_hd.o(RESET)
 <LI><a href="#[2b]">DMA1_Channel5_IRQHandler</a> from dma_stm32f10x.o(i.DMA1_Channel5_IRQHandler) referenced from startup_stm32f10x_hd.o(RESET)
 <LI><a href="#[2c]">DMA1_Channel6_IRQHandler</a> from dma_stm32f10x.o(i.DMA1_Channel6_IRQHandler) referenced from startup_stm32f10x_hd.o(RESET)
 <LI><a href="#[2d]">DMA1_Channel7_IRQHandler</a> from dma_stm32f10x.o(i.DMA1_Channel7_IRQHandler) referenced from startup_stm32f10x_hd.o(RESET)
 <LI><a href="#[54]">DMA2_Channel1_IRQHandler</a> from dma_stm32f10x.o(i.DMA2_Channel1_IRQHandler) referenced from startup_stm32f10x_hd.o(RESET)
 <LI><a href="#[55]">DMA2_Channel2_IRQHandler</a> from dma_stm32f10x.o(i.DMA2_Channel2_IRQHandler) referenced from startup_stm32f10x_hd.o(RESET)
 <LI><a href="#[56]">DMA2_Channel3_IRQHandler</a> from dma_stm32f10x.o(i.DMA2_Channel3_IRQHandler) referenced from startup_stm32f10x_hd.o(RESET)
 <LI><a href="#[57]">DMA2_Channel4_5_IRQHandler</a> from dma_stm32f10x.o(i.DMA2_Channel4_5_IRQHandler) referenced from startup_stm32f10x_hd.o(RESET)
 <LI><a href="#[19]">DebugMon_Handler</a> from startup_stm32f10x_hd.o(.text) referenced from startup_stm32f10x_hd.o(RESET)
 <LI><a href="#[22]">EXTI0_IRQHandler</a> from startup_stm32f10x_hd.o(.text) referenced from startup_stm32f10x_hd.o(RESET)
 <LI><a href="#[44]">EXTI15_10_IRQHandler</a> from key.o(i.EXTI15_10_IRQHandler) referenced from startup_stm32f10x_hd.o(RESET)
 <LI><a href="#[23]">EXTI1_IRQHandler</a> from key.o(i.EXTI1_IRQHandler) referenced from startup_stm32f10x_hd.o(RESET)
 <LI><a href="#[24]">EXTI2_IRQHandler</a> from startup_stm32f10x_hd.o(.text) referenced from startup_stm32f10x_hd.o(RESET)
 <LI><a href="#[25]">EXTI3_IRQHandler</a> from startup_stm32f10x_hd.o(.text) referenced from startup_stm32f10x_hd.o(RESET)
 <LI><a href="#[26]">EXTI4_IRQHandler</a> from startup_stm32f10x_hd.o(.text) referenced from startup_stm32f10x_hd.o(RESET)
 <LI><a href="#[33]">EXTI9_5_IRQHandler</a> from startup_stm32f10x_hd.o(.text) referenced from startup_stm32f10x_hd.o(RESET)
 <LI><a href="#[20]">FLASH_IRQHandler</a> from startup_stm32f10x_hd.o(.text) referenced from startup_stm32f10x_hd.o(RESET)
 <LI><a href="#[4c]">FSMC_IRQHandler</a> from startup_stm32f10x_hd.o(.text) referenced from startup_stm32f10x_hd.o(RESET)
 <LI><a href="#[14]">HardFault_Handler</a> from startup_stm32f10x_hd.o(.text) referenced from startup_stm32f10x_hd.o(RESET)
 <LI><a href="#[3c]">I2C1_ER_IRQHandler</a> from startup_stm32f10x_hd.o(.text) referenced from startup_stm32f10x_hd.o(RESET)
 <LI><a href="#[3b]">I2C1_EV_IRQHandler</a> from startup_stm32f10x_hd.o(.text) referenced from startup_stm32f10x_hd.o(RESET)
 <LI><a href="#[3e]">I2C2_ER_IRQHandler</a> from startup_stm32f10x_hd.o(.text) referenced from startup_stm32f10x_hd.o(RESET)
 <LI><a href="#[3d]">I2C2_EV_IRQHandler</a> from startup_stm32f10x_hd.o(.text) referenced from startup_stm32f10x_hd.o(RESET)
 <LI><a href="#[15]">MemManage_Handler</a> from startup_stm32f10x_hd.o(.text) referenced from startup_stm32f10x_hd.o(RESET)
 <LI><a href="#[13]">NMI_Handler</a> from startup_stm32f10x_hd.o(.text) referenced from startup_stm32f10x_hd.o(RESET)
 <LI><a href="#[1d]">PVD_IRQHandler</a> from startup_stm32f10x_hd.o(.text) referenced from startup_stm32f10x_hd.o(RESET)
 <LI><a href="#[1a]">PendSV_Handler</a> from hal_cm3.o(.emb_text) referenced from startup_stm32f10x_hd.o(RESET)
 <LI><a href="#[21]">RCC_IRQHandler</a> from startup_stm32f10x_hd.o(.text) referenced from startup_stm32f10x_hd.o(RESET)
 <LI><a href="#[45]">RTCAlarm_IRQHandler</a> from startup_stm32f10x_hd.o(.text) referenced from startup_stm32f10x_hd.o(RESET)
 <LI><a href="#[1f]">RTC_IRQHandler</a> from startup_stm32f10x_hd.o(.text) referenced from startup_stm32f10x_hd.o(RESET)
 <LI><a href="#[12]">Reset_Handler</a> from startup_stm32f10x_hd.o(.text) referenced from startup_stm32f10x_hd.o(RESET)
 <LI><a href="#[4d]">SDIO_IRQHandler</a> from startup_stm32f10x_hd.o(.text) referenced from startup_stm32f10x_hd.o(RESET)
 <LI><a href="#[3f]">SPI1_IRQHandler</a> from startup_stm32f10x_hd.o(.text) referenced from startup_stm32f10x_hd.o(RESET)
 <LI><a href="#[40]">SPI2_IRQHandler</a> from startup_stm32f10x_hd.o(.text) referenced from startup_stm32f10x_hd.o(RESET)
 <LI><a href="#[4f]">SPI3_IRQHandler</a> from startup_stm32f10x_hd.o(.text) referenced from startup_stm32f10x_hd.o(RESET)
 <LI><a href="#[18]">SVC_Handler</a> from hal_cm3.o(.emb_text) referenced from startup_stm32f10x_hd.o(RESET)
 <LI><a href="#[1b]">SysTick_Handler</a> from hal_cm3.o(.emb_text) referenced from startup_stm32f10x_hd.o(RESET)
 <LI><a href="#[5a]">SystemInit</a> from system_stm32f10x.o(i.SystemInit) referenced from startup_stm32f10x_hd.o(.text)
 <LI><a href="#[1e]">TAMPER_IRQHandler</a> from startup_stm32f10x_hd.o(.text) referenced from startup_stm32f10x_hd.o(RESET)
 <LI><a href="#[34]">TIM1_BRK_IRQHandler</a> from startup_stm32f10x_hd.o(.text) referenced from startup_stm32f10x_hd.o(RESET)
 <LI><a href="#[37]">TIM1_CC_IRQHandler</a> from startup_stm32f10x_hd.o(.text) referenced from startup_stm32f10x_hd.o(RESET)
 <LI><a href="#[36]">TIM1_TRG_COM_IRQHandler</a> from startup_stm32f10x_hd.o(.text) referenced from startup_stm32f10x_hd.o(RESET)
 <LI><a href="#[35]">TIM1_UP_IRQHandler</a> from startup_stm32f10x_hd.o(.text) referenced from startup_stm32f10x_hd.o(RESET)
 <LI><a href="#[38]">TIM2_IRQHandler</a> from timer2.o(i.TIM2_IRQHandler) referenced from startup_stm32f10x_hd.o(RESET)
 <LI><a href="#[39]">TIM3_IRQHandler</a> from startup_stm32f10x_hd.o(.text) referenced from startup_stm32f10x_hd.o(RESET)
 <LI><a href="#[3a]">TIM4_IRQHandler</a> from startup_stm32f10x_hd.o(.text) referenced from startup_stm32f10x_hd.o(RESET)
 <LI><a href="#[4e]">TIM5_IRQHandler</a> from startup_stm32f10x_hd.o(.text) referenced from startup_stm32f10x_hd.o(RESET)
 <LI><a href="#[52]">TIM6_IRQHandler</a> from startup_stm32f10x_hd.o(.text) referenced from startup_stm32f10x_hd.o(RESET)
 <LI><a href="#[53]">TIM7_IRQHandler</a> from startup_stm32f10x_hd.o(.text) referenced from startup_stm32f10x_hd.o(RESET)
 <LI><a href="#[47]">TIM8_BRK_IRQHandler</a> from startup_stm32f10x_hd.o(.text) referenced from startup_stm32f10x_hd.o(RESET)
 <LI><a href="#[4a]">TIM8_CC_IRQHandler</a> from startup_stm32f10x_hd.o(.text) referenced from startup_stm32f10x_hd.o(RESET)
 <LI><a href="#[49]">TIM8_TRG_COM_IRQHandler</a> from startup_stm32f10x_hd.o(.text) referenced from startup_stm32f10x_hd.o(RESET)
 <LI><a href="#[48]">TIM8_UP_IRQHandler</a> from startup_stm32f10x_hd.o(.text) referenced from startup_stm32f10x_hd.o(RESET)
 <LI><a href="#[50]">UART4_IRQHandler</a> from startup_stm32f10x_hd.o(.text) referenced from startup_stm32f10x_hd.o(RESET)
 <LI><a href="#[51]">UART5_IRQHandler</a> from startup_stm32f10x_hd.o(.text) referenced from startup_stm32f10x_hd.o(RESET)
 <LI><a href="#[41]">USART1_IRQHandler</a> from uartthread.o(i.USART1_IRQHandler) referenced from startup_stm32f10x_hd.o(RESET)
 <LI><a href="#[42]">USART2_IRQHandler</a> from uartthread.o(i.USART2_IRQHandler) referenced from startup_stm32f10x_hd.o(RESET)
 <LI><a href="#[43]">USART3_IRQHandler</a> from startup_stm32f10x_hd.o(.text) referenced from startup_stm32f10x_hd.o(RESET)
 <LI><a href="#[46]">USBWakeUp_IRQHandler</a> from startup_stm32f10x_hd.o(.text) referenced from startup_stm32f10x_hd.o(RESET)
 <LI><a href="#[2f]">USB_HP_CAN1_TX_IRQHandler</a> from startup_stm32f10x_hd.o(.text) referenced from startup_stm32f10x_hd.o(RESET)
 <LI><a href="#[30]">USB_LP_CAN1_RX0_IRQHandler</a> from startup_stm32f10x_hd.o(.text) referenced from startup_stm32f10x_hd.o(RESET)
 <LI><a href="#[17]">UsageFault_Handler</a> from startup_stm32f10x_hd.o(.text) referenced from startup_stm32f10x_hd.o(RESET)
 <LI><a href="#[1c]">WWDG_IRQHandler</a> from startup_stm32f10x_hd.o(.text) referenced from startup_stm32f10x_hd.o(RESET)
 <LI><a href="#[5b]">__main</a> from entry.o(.ARM.Collect$$$$00000000) referenced from startup_stm32f10x_hd.o(.text)
 <LI><a href="#[5d]">_sbackspace</a> from _sgetc.o(.text) referenced from strtod.o(.text)
 <LI><a href="#[5c]">_sgetc</a> from _sgetc.o(.text) referenced from strtod.o(.text)
 <LI><a href="#[61]">_snputc</a> from printfa.o(i._snputc) referenced from printfa.o(i.__0snprintf)
 <LI><a href="#[7b]">boxgc</a> from lauxlib.o(i.boxgc) referenced from lauxlib.o(i.newbox)
 <LI><a href="#[10b]">byteoffset</a> from lutf8lib.o(i.byteoffset) referenced from lutf8lib.o(.constdata)
 <LI><a href="#[10c]">codepoint</a> from lutf8lib.o(i.codepoint) referenced from lutf8lib.o(.constdata)
 <LI><a href="#[b2]">db_debug</a> from ldblib.o(i.db_debug) referenced from ldblib.o(.constdata)
 <LI><a href="#[b4]">db_gethook</a> from ldblib.o(i.db_gethook) referenced from ldblib.o(.constdata)
 <LI><a href="#[b5]">db_getinfo</a> from ldblib.o(i.db_getinfo) referenced from ldblib.o(.constdata)
 <LI><a href="#[b6]">db_getlocal</a> from ldblib.o(i.db_getlocal) referenced from ldblib.o(.constdata)
 <LI><a href="#[b8]">db_getmetatable</a> from ldblib.o(i.db_getmetatable) referenced from ldblib.o(.constdata)
 <LI><a href="#[b7]">db_getregistry</a> from ldblib.o(i.db_getregistry) referenced from ldblib.o(.constdata)
 <LI><a href="#[b9]">db_getupvalue</a> from ldblib.o(i.db_getupvalue) referenced from ldblib.o(.constdata)
 <LI><a href="#[b3]">db_getuservalue</a> from ldblib.o(i.db_getuservalue) referenced from ldblib.o(.constdata)
 <LI><a href="#[bd]">db_sethook</a> from ldblib.o(i.db_sethook) referenced from ldblib.o(.constdata)
 <LI><a href="#[be]">db_setlocal</a> from ldblib.o(i.db_setlocal) referenced from ldblib.o(.constdata)
 <LI><a href="#[bf]">db_setmetatable</a> from ldblib.o(i.db_setmetatable) referenced from ldblib.o(.constdata)
 <LI><a href="#[c0]">db_setupvalue</a> from ldblib.o(i.db_setupvalue) referenced from ldblib.o(.constdata)
 <LI><a href="#[bc]">db_setuservalue</a> from ldblib.o(i.db_setuservalue) referenced from ldblib.o(.constdata)
 <LI><a href="#[c1]">db_traceback</a> from ldblib.o(i.db_traceback) referenced from ldblib.o(.constdata)
 <LI><a href="#[bb]">db_upvalueid</a> from ldblib.o(i.db_upvalueid) referenced from ldblib.o(.constdata)
 <LI><a href="#[ba]">db_upvaluejoin</a> from ldblib.o(i.db_upvaluejoin) referenced from ldblib.o(.constdata)
 <LI><a href="#[6b]">dofilecont</a> from lbaselib.o(i.dofilecont) referenced from lbaselib.o(i.luaB_dofile)
 <LI><a href="#[5f]">dothecall</a> from lgc.o(i.dothecall) referenced from lgc.o(i.GCTM)
 <LI><a href="#[77]">f_call</a> from lapi.o(i.f_call) referenced from lapi.o(i.lua_pcallk)
 <LI><a href="#[cd]">f_flush</a> from liolib.o(i.f_flush) referenced from liolib.o(.constdata)
 <LI><a href="#[d3]">f_gc</a> from liolib.o(i.f_gc) referenced from liolib.o(.constdata)
 <LI><a href="#[ce]">f_lines</a> from liolib.o(i.f_lines) referenced from liolib.o(.constdata)
 <LI><a href="#[76]">f_luaopen</a> from lstate.o(i.f_luaopen) referenced from lstate.o(i.lua_newstate)
 <LI><a href="#[70]">f_parser</a> from ldo.o(i.f_parser) referenced from ldo.o(i.luaD_protectedparser)
 <LI><a href="#[cf]">f_read</a> from liolib.o(i.f_read) referenced from liolib.o(.constdata)
 <LI><a href="#[d0]">f_seek</a> from liolib.o(i.f_seek) referenced from liolib.o(.constdata)
 <LI><a href="#[d1]">f_setvbuf</a> from liolib.o(i.f_setvbuf) referenced from liolib.o(.constdata)
 <LI><a href="#[d4]">f_tostring</a> from liolib.o(i.f_tostring) referenced from liolib.o(.constdata)
 <LI><a href="#[d2]">f_write</a> from liolib.o(i.f_write) referenced from liolib.o(.constdata)
 <LI><a href="#[6f]">finishpcall</a> from lbaselib.o(i.finishpcall) referenced from lbaselib.o(i.luaB_pcall)
 <LI><a href="#[6f]">finishpcall</a> from lbaselib.o(i.finishpcall) referenced from lbaselib.o(i.luaB_xpcall)
 <LI><a href="#[60]">fputc</a> from retarget.o(i.fputc) referenced from printfa.o(i.__0fprintf)
 <LI><a href="#[63]">gctm</a> from loadlib.o(i.gctm) referenced from loadlib.o(i.createclibstable)
 <LI><a href="#[6d]">generic_reader</a> from lbaselib.o(i.generic_reader) referenced from lbaselib.o(i.luaB_load)
 <LI><a href="#[72]">getF</a> from lauxlib.o(i.getF) referenced from lauxlib.o(i.luaL_loadfilex)
 <LI><a href="#[71]">getS</a> from lauxlib.o(i.getS) referenced from lauxlib.o(i.luaL_loadbufferx)
 <LI><a href="#[f8]">gmatch</a> from lstrlib.o(i.gmatch) referenced from lstrlib.o(.constdata)
 <LI><a href="#[67]">gmatch_aux</a> from lstrlib.o(i.gmatch_aux) referenced from lstrlib.o(i.gmatch)
 <LI><a href="#[75]">growstack</a> from lapi.o(i.growstack) referenced from lapi.o(i.lua_checkstack)
 <LI><a href="#[65]">hookf</a> from ldblib.o(i.hookf) referenced from ldblib.o(i.db_gethook)
 <LI><a href="#[65]">hookf</a> from ldblib.o(i.hookf) referenced from ldblib.o(i.db_sethook)
 <LI><a href="#[c2]">io_close</a> from liolib.o(i.io_close) referenced 2 times from liolib.o(.constdata)
 <LI><a href="#[7c]">io_fclose</a> from liolib.o(i.io_fclose) referenced from liolib.o(i.newfile)
 <LI><a href="#[c3]">io_flush</a> from liolib.o(i.io_flush) referenced from liolib.o(.constdata)
 <LI><a href="#[c4]">io_input</a> from liolib.o(i.io_input) referenced from liolib.o(.constdata)
 <LI><a href="#[c5]">io_lines</a> from liolib.o(i.io_lines) referenced from liolib.o(.constdata)
 <LI><a href="#[64]">io_noclose</a> from liolib.o(i.io_noclose) referenced from liolib.o(i.createstdfile)
 <LI><a href="#[64]">io_noclose</a> from liolib.o(i.io_noclose) referenced from liolib.o(i.io_noclose)
 <LI><a href="#[c6]">io_open</a> from liolib.o(i.io_open) referenced from liolib.o(.constdata)
 <LI><a href="#[c7]">io_output</a> from liolib.o(i.io_output) referenced from liolib.o(.constdata)
 <LI><a href="#[68]">io_pclose</a> from liolib.o(i.io_pclose) referenced from liolib.o(i.io_popen)
 <LI><a href="#[c8]">io_popen</a> from liolib.o(i.io_popen) referenced from liolib.o(.constdata)
 <LI><a href="#[c9]">io_read</a> from liolib.o(i.io_read) referenced from liolib.o(.constdata)
 <LI><a href="#[62]">io_readline</a> from liolib.o(i.io_readline) referenced from liolib.o(i.aux_lines)
 <LI><a href="#[ca]">io_tmpfile</a> from liolib.o(i.io_tmpfile) referenced from liolib.o(.constdata)
 <LI><a href="#[cb]">io_type</a> from liolib.o(i.io_type) referenced from liolib.o(.constdata)
 <LI><a href="#[cc]">io_write</a> from liolib.o(i.io_write) referenced from liolib.o(.constdata)
 <LI><a href="#[6c]">ipairsaux</a> from lbaselib.o(i.ipairsaux) referenced from lbaselib.o(i.luaB_ipairs)
 <LI><a href="#[5e]">isspace</a> from isspace_o.o(.text) referenced from strtod.o(.text)
 <LI><a href="#[69]">iter_aux</a> from lutf8lib.o(i.iter_aux) referenced from lutf8lib.o(i.iter_codes)
 <LI><a href="#[10f]">iter_codes</a> from lutf8lib.o(i.iter_codes) referenced from lutf8lib.o(.constdata)
 <LI><a href="#[93]">key_thread</a> from keythread.o(i.key_thread) referenced from keythread.o(.constdata)
 <LI><a href="#[73]">l_alloc</a> from lauxlib.o(i.l_alloc) referenced from lauxlib.o(i.luaL_newstate)
 <LI><a href="#[90]">led_thread</a> from ledthread.o(i.led_thread) referenced from ledthread.o(.constdata)
 <LI><a href="#[ec]">ll_loadlib</a> from loadlib.o(i.ll_loadlib) referenced from loadlib.o(.constdata)
 <LI><a href="#[ee]">ll_require</a> from loadlib.o(i.ll_require) referenced from loadlib.o(.constdata)
 <LI><a href="#[ed]">ll_searchpath</a> from loadlib.o(i.ll_searchpath) referenced from loadlib.o(.constdata)
 <LI><a href="#[96]">luaB_assert</a> from lbaselib.o(i.luaB_assert) referenced from lbaselib.o(.constdata)
 <LI><a href="#[6a]">luaB_auxwrap</a> from lcorolib.o(i.luaB_auxwrap) referenced from lcorolib.o(i.luaB_cowrap)
 <LI><a href="#[ab]">luaB_cocreate</a> from lcorolib.o(i.luaB_cocreate) referenced from lcorolib.o(.constdata)
 <LI><a href="#[97]">luaB_collectgarbage</a> from lbaselib.o(i.luaB_collectgarbage) referenced from lbaselib.o(.constdata)
 <LI><a href="#[ac]">luaB_coresume</a> from lcorolib.o(i.luaB_coresume) referenced from lcorolib.o(.constdata)
 <LI><a href="#[ad]">luaB_corunning</a> from lcorolib.o(i.luaB_corunning) referenced from lcorolib.o(.constdata)
 <LI><a href="#[ae]">luaB_costatus</a> from lcorolib.o(i.luaB_costatus) referenced from lcorolib.o(.constdata)
 <LI><a href="#[af]">luaB_cowrap</a> from lcorolib.o(i.luaB_cowrap) referenced from lcorolib.o(.constdata)
 <LI><a href="#[98]">luaB_dofile</a> from lbaselib.o(i.luaB_dofile) referenced from lbaselib.o(.constdata)
 <LI><a href="#[99]">luaB_error</a> from lbaselib.o(i.luaB_error) referenced from lbaselib.o(.constdata)
 <LI><a href="#[9a]">luaB_getmetatable</a> from lbaselib.o(i.luaB_getmetatable) referenced from lbaselib.o(.constdata)
 <LI><a href="#[9b]">luaB_ipairs</a> from lbaselib.o(i.luaB_ipairs) referenced from lbaselib.o(.constdata)
 <LI><a href="#[9d]">luaB_load</a> from lbaselib.o(i.luaB_load) referenced from lbaselib.o(.constdata)
 <LI><a href="#[9c]">luaB_loadfile</a> from lbaselib.o(i.luaB_loadfile) referenced from lbaselib.o(.constdata)
 <LI><a href="#[6e]">luaB_next</a> from lbaselib.o(i.luaB_next) referenced from lbaselib.o(.constdata)
 <LI><a href="#[6e]">luaB_next</a> from lbaselib.o(i.luaB_next) referenced from lbaselib.o(i.luaB_pairs)
 <LI><a href="#[9e]">luaB_pairs</a> from lbaselib.o(i.luaB_pairs) referenced from lbaselib.o(.constdata)
 <LI><a href="#[9f]">luaB_pcall</a> from lbaselib.o(i.luaB_pcall) referenced from lbaselib.o(.constdata)
 <LI><a href="#[a0]">luaB_print</a> from lbaselib.o(i.luaB_print) referenced from lbaselib.o(.constdata)
 <LI><a href="#[a1]">luaB_rawequal</a> from lbaselib.o(i.luaB_rawequal) referenced from lbaselib.o(.constdata)
 <LI><a href="#[a3]">luaB_rawget</a> from lbaselib.o(i.luaB_rawget) referenced from lbaselib.o(.constdata)
 <LI><a href="#[a2]">luaB_rawlen</a> from lbaselib.o(i.luaB_rawlen) referenced from lbaselib.o(.constdata)
 <LI><a href="#[a4]">luaB_rawset</a> from lbaselib.o(i.luaB_rawset) referenced from lbaselib.o(.constdata)
 <LI><a href="#[a5]">luaB_select</a> from lbaselib.o(i.luaB_select) referenced from lbaselib.o(.constdata)
 <LI><a href="#[a6]">luaB_setmetatable</a> from lbaselib.o(i.luaB_setmetatable) referenced from lbaselib.o(.constdata)
 <LI><a href="#[a7]">luaB_tonumber</a> from lbaselib.o(i.luaB_tonumber) referenced from lbaselib.o(.constdata)
 <LI><a href="#[a8]">luaB_tostring</a> from lbaselib.o(i.luaB_tostring) referenced from lbaselib.o(.constdata)
 <LI><a href="#[a9]">luaB_type</a> from lbaselib.o(i.luaB_type) referenced from lbaselib.o(.constdata)
 <LI><a href="#[aa]">luaB_xpcall</a> from lbaselib.o(i.luaB_xpcall) referenced from lbaselib.o(.constdata)
 <LI><a href="#[b0]">luaB_yield</a> from lcorolib.o(i.luaB_yield) referenced from lcorolib.o(.constdata)
 <LI><a href="#[b1]">luaB_yieldable</a> from lcorolib.o(i.luaB_yieldable) referenced from lcorolib.o(.constdata)
 <LI><a href="#[7a]">lua_newstate</a> from lstate.o(i.lua_newstate) referenced from lstate.o(i.makeseed)
 <LI><a href="#[95]">lua_thread</a> from luathread.o(i.lua_thread) referenced from luathread.o(.constdata)
 <LI><a href="#[110]">luaopen_base</a> from lbaselib.o(i.luaopen_base) referenced from linit.o(.constdata)
 <LI><a href="#[112]">luaopen_coroutine</a> from lcorolib.o(i.luaopen_coroutine) referenced from linit.o(.constdata)
 <LI><a href="#[119]">luaopen_debug</a> from ldblib.o(i.luaopen_debug) referenced from linit.o(.constdata)
 <LI><a href="#[114]">luaopen_io</a> from liolib.o(i.luaopen_io) referenced from linit.o(.constdata)
 <LI><a href="#[117]">luaopen_math</a> from lmathlib.o(i.luaopen_math) referenced from linit.o(.constdata)
 <LI><a href="#[115]">luaopen_os</a> from loslib.o(i.luaopen_os) referenced from linit.o(.constdata)
 <LI><a href="#[111]">luaopen_package</a> from loadlib.o(i.luaopen_package) referenced from linit.o(.constdata)
 <LI><a href="#[116]">luaopen_string</a> from lstrlib.o(i.luaopen_string) referenced from linit.o(.constdata)
 <LI><a href="#[113]">luaopen_table</a> from ltablib.o(i.luaopen_table) referenced from linit.o(.constdata)
 <LI><a href="#[118]">luaopen_utf8</a> from lutf8lib.o(i.luaopen_utf8) referenced from linit.o(.constdata)
 <LI><a href="#[126]">main</a> from main.o(i.main) referenced from rtx_conf_cm.o(.constdata)
 <LI><a href="#[d5]">math_abs</a> from lmathlib.o(i.math_abs) referenced from lmathlib.o(.constdata)
 <LI><a href="#[d6]">math_acos</a> from lmathlib.o(i.math_acos) referenced from lmathlib.o(.constdata)
 <LI><a href="#[d7]">math_asin</a> from lmathlib.o(i.math_asin) referenced from lmathlib.o(.constdata)
 <LI><a href="#[d8]">math_atan</a> from lmathlib.o(i.math_atan) referenced from lmathlib.o(.constdata)
 <LI><a href="#[d9]">math_ceil</a> from lmathlib.o(i.math_ceil) referenced from lmathlib.o(.constdata)
 <LI><a href="#[da]">math_cos</a> from lmathlib.o(i.math_cos) referenced from lmathlib.o(.constdata)
 <LI><a href="#[db]">math_deg</a> from lmathlib.o(i.math_deg) referenced from lmathlib.o(.constdata)
 <LI><a href="#[dc]">math_exp</a> from lmathlib.o(i.math_exp) referenced from lmathlib.o(.constdata)
 <LI><a href="#[de]">math_floor</a> from lmathlib.o(i.math_floor) referenced from lmathlib.o(.constdata)
 <LI><a href="#[df]">math_fmod</a> from lmathlib.o(i.math_fmod) referenced from lmathlib.o(.constdata)
 <LI><a href="#[e1]">math_log</a> from lmathlib.o(i.math_log) referenced from lmathlib.o(.constdata)
 <LI><a href="#[e2]">math_max</a> from lmathlib.o(i.math_max) referenced from lmathlib.o(.constdata)
 <LI><a href="#[e3]">math_min</a> from lmathlib.o(i.math_min) referenced from lmathlib.o(.constdata)
 <LI><a href="#[e4]">math_modf</a> from lmathlib.o(i.math_modf) referenced from lmathlib.o(.constdata)
 <LI><a href="#[e5]">math_rad</a> from lmathlib.o(i.math_rad) referenced from lmathlib.o(.constdata)
 <LI><a href="#[e6]">math_random</a> from lmathlib.o(i.math_random) referenced from lmathlib.o(.constdata)
 <LI><a href="#[e7]">math_randomseed</a> from lmathlib.o(i.math_randomseed) referenced from lmathlib.o(.constdata)
 <LI><a href="#[e8]">math_sin</a> from lmathlib.o(i.math_sin) referenced from lmathlib.o(.constdata)
 <LI><a href="#[e9]">math_sqrt</a> from lmathlib.o(i.math_sqrt) referenced from lmathlib.o(.constdata)
 <LI><a href="#[ea]">math_tan</a> from lmathlib.o(i.math_tan) referenced from lmathlib.o(.constdata)
 <LI><a href="#[dd]">math_toint</a> from lmathlib.o(i.math_toint) referenced from lmathlib.o(.constdata)
 <LI><a href="#[eb]">math_type</a> from lmathlib.o(i.math_type) referenced from lmathlib.o(.constdata)
 <LI><a href="#[e0]">math_ult</a> from lmathlib.o(i.math_ult) referenced from lmathlib.o(.constdata)
 <LI><a href="#[66]">msghandler</a> from mculua.o(i.msghandler) referenced from mculua.o(i.docall)
 <LI><a href="#[8e]">osThreadExit</a> from rt_cmsis.o(i.osThreadExit) referenced from rt_cmsis.o(i.svcThreadCreate)
 <LI><a href="#[125]">osTimerThread</a> from rt_cmsis.o(i.osTimerThread) referenced from rtx_conf_cm.o(.constdata)
 <LI><a href="#[11a]">os_clock</a> from loslib.o(i.os_clock) referenced from loslib.o(.constdata)
 <LI><a href="#[11b]">os_date</a> from loslib.o(i.os_date) referenced from loslib.o(.constdata)
 <LI><a href="#[11c]">os_difftime</a> from loslib.o(i.os_difftime) referenced from loslib.o(.constdata)
 <LI><a href="#[11d]">os_execute</a> from loslib.o(i.os_execute) referenced from loslib.o(.constdata)
 <LI><a href="#[11e]">os_exit</a> from loslib.o(i.os_exit) referenced from loslib.o(.constdata)
 <LI><a href="#[11f]">os_getenv</a> from loslib.o(i.os_getenv) referenced from loslib.o(.constdata)
 <LI><a href="#[8c]">os_idle_demon</a> from rtx_conf_cm.o(i.os_idle_demon) referenced from rt_task.o(i.rt_sys_init)
 <LI><a href="#[120]">os_remove</a> from loslib.o(i.os_remove) referenced from loslib.o(.constdata)
 <LI><a href="#[121]">os_rename</a> from loslib.o(i.os_rename) referenced from loslib.o(.constdata)
 <LI><a href="#[122]">os_setlocale</a> from loslib.o(i.os_setlocale) referenced from loslib.o(.constdata)
 <LI><a href="#[123]">os_time</a> from loslib.o(i.os_time) referenced from loslib.o(.constdata)
 <LI><a href="#[124]">os_tmpname</a> from loslib.o(i.os_tmpname) referenced from loslib.o(.constdata)
 <LI><a href="#[106]">pack</a> from ltablib.o(i.pack) referenced from ltablib.o(.constdata)
 <LI><a href="#[74]">panic</a> from lauxlib.o(i.panic) referenced from lauxlib.o(i.luaL_newstate)
 <LI><a href="#[78]">resume</a> from ldo.o(i.resume) referenced from ldo.o(i.lua_resume)
 <LI><a href="#[58]">rt_alloc_box</a> from rt_membox.o(i.rt_alloc_box) referenced from hal_cm3.o(.emb_text)
 <LI><a href="#[59]">rt_free_box</a> from rt_membox.o(i.rt_free_box) referenced from hal_cm3.o(.emb_text)
 <LI><a href="#[f1]">searcher_C</a> from loadlib.o(i.searcher_C) referenced from loadlib.o(.constdata)
 <LI><a href="#[f2]">searcher_Croot</a> from loadlib.o(i.searcher_Croot) referenced from loadlib.o(.constdata)
 <LI><a href="#[f0]">searcher_Lua</a> from loadlib.o(i.searcher_Lua) referenced from loadlib.o(.constdata)
 <LI><a href="#[ef]">searcher_preload</a> from loadlib.o(i.searcher_preload) referenced from loadlib.o(.constdata)
 <LI><a href="#[10a]">sort</a> from ltablib.o(i.sort) referenced from ltablib.o(.constdata)
 <LI><a href="#[f3]">str_byte</a> from lstrlib.o(i.str_byte) referenced from lstrlib.o(.constdata)
 <LI><a href="#[f4]">str_char</a> from lstrlib.o(i.str_char) referenced from lstrlib.o(.constdata)
 <LI><a href="#[f5]">str_dump</a> from lstrlib.o(i.str_dump) referenced from lstrlib.o(.constdata)
 <LI><a href="#[f6]">str_find</a> from lstrlib.o(i.str_find) referenced from lstrlib.o(.constdata)
 <LI><a href="#[f7]">str_format</a> from lstrlib.o(i.str_format) referenced from lstrlib.o(.constdata)
 <LI><a href="#[f9]">str_gsub</a> from lstrlib.o(i.str_gsub) referenced from lstrlib.o(.constdata)
 <LI><a href="#[fa]">str_len</a> from lstrlib.o(i.str_len) referenced from lstrlib.o(.constdata)
 <LI><a href="#[fb]">str_lower</a> from lstrlib.o(i.str_lower) referenced from lstrlib.o(.constdata)
 <LI><a href="#[fc]">str_match</a> from lstrlib.o(i.str_match) referenced from lstrlib.o(.constdata)
 <LI><a href="#[101]">str_pack</a> from lstrlib.o(i.str_pack) referenced from lstrlib.o(.constdata)
 <LI><a href="#[102]">str_packsize</a> from lstrlib.o(i.str_packsize) referenced from lstrlib.o(.constdata)
 <LI><a href="#[fd]">str_rep</a> from lstrlib.o(i.str_rep) referenced from lstrlib.o(.constdata)
 <LI><a href="#[fe]">str_reverse</a> from lstrlib.o(i.str_reverse) referenced from lstrlib.o(.constdata)
 <LI><a href="#[ff]">str_sub</a> from lstrlib.o(i.str_sub) referenced from lstrlib.o(.constdata)
 <LI><a href="#[103]">str_unpack</a> from lstrlib.o(i.str_unpack) referenced from lstrlib.o(.constdata)
 <LI><a href="#[100]">str_upper</a> from lstrlib.o(i.str_upper) referenced from lstrlib.o(.constdata)
 <LI><a href="#[7d]">svcDelay</a> from rt_cmsis.o(i.svcDelay) referenced from rt_cmsis.o(i.osDelay)
 <LI><a href="#[7e]">svcKernelInitialize</a> from rt_cmsis.o(i.svcKernelInitialize) referenced from rt_cmsis.o(i.osKernelInitialize)
 <LI><a href="#[7f]">svcKernelStart</a> from rt_cmsis.o(i.svcKernelStart) referenced from rt_cmsis.o(i.osKernelStart)
 <LI><a href="#[80]">svcMessageCreate</a> from rt_cmsis.o(i.svcMessageCreate) referenced from rt_cmsis.o(i.osMessageCreate)
 <LI><a href="#[81]">svcMessageGet</a> from rt_cmsis.o(i.svcMessageGet) referenced from rt_cmsis.o(i.osMessageGet)
 <LI><a href="#[82]">svcMessagePut</a> from rt_cmsis.o(i.svcMessagePut) referenced from rt_cmsis.o(i.osMessagePut)
 <LI><a href="#[84]">svcPoolCreate</a> from rt_cmsis.o(i.svcPoolCreate) referenced from rt_cmsis.o(i.osPoolCreate)
 <LI><a href="#[86]">svcSignalSet</a> from rt_cmsis.o(i.svcSignalSet) referenced from rt_cmsis.o(i.osSignalSet)
 <LI><a href="#[87]">svcSignalWait</a> from rt_cmsis.o(i.svcSignalWait) referenced from rt_cmsis.o(i.osSignalWait)
 <LI><a href="#[88]">svcThreadCreate</a> from rt_cmsis.o(i.svcThreadCreate) referenced from rt_cmsis.o(i.osThreadCreate)
 <LI><a href="#[89]">svcThreadGetId</a> from rt_cmsis.o(i.svcThreadGetId) referenced from rt_cmsis.o(i.osThreadExit)
 <LI><a href="#[89]">svcThreadGetId</a> from rt_cmsis.o(i.svcThreadGetId) referenced from rt_cmsis.o(i.osThreadGetId)
 <LI><a href="#[8a]">svcThreadTerminate</a> from rt_cmsis.o(i.svcThreadTerminate) referenced from rt_cmsis.o(i.osThreadExit)
 <LI><a href="#[8b]">svcTimerCall</a> from rt_cmsis.o(i.svcTimerCall) referenced from rt_cmsis.o(i.osTimerCall)
 <LI><a href="#[83]">sysPoolAlloc</a> from rt_cmsis.o(i.sysPoolAlloc) referenced from rt_cmsis.o(i.osPoolAlloc)
 <LI><a href="#[85]">sysPoolFree</a> from rt_cmsis.o(i.sysPoolFree) referenced from rt_cmsis.o(i.osPoolFree)
 <LI><a href="#[104]">tconcat</a> from ltablib.o(i.tconcat) referenced from ltablib.o(.constdata)
 <LI><a href="#[94]">timeout_thread</a> from timeoutthread.o(i.timeout_thread) referenced from timeoutthread.o(.constdata)
 <LI><a href="#[105]">tinsert</a> from ltablib.o(i.tinsert) referenced from ltablib.o(.constdata)
 <LI><a href="#[109]">tmove</a> from ltablib.o(i.tmove) referenced from ltablib.o(.constdata)
 <LI><a href="#[108]">tremove</a> from ltablib.o(i.tremove) referenced from ltablib.o(.constdata)
 <LI><a href="#[92]">uart_receive_thread</a> from uartthread.o(i.uart_receive_thread) referenced from uartthread.o(.constdata)
 <LI><a href="#[91]">uart_send_thread</a> from uartthread.o(i.uart_send_thread) referenced from uartthread.o(.constdata)
 <LI><a href="#[8f]">uart_test_thread</a> from uarttestthread.o(i.uart_test_thread) referenced from uarttestthread.o(.constdata)
 <LI><a href="#[107]">unpack</a> from ltablib.o(i.unpack) referenced from ltablib.o(.constdata)
 <LI><a href="#[79]">unroll</a> from ldo.o(i.unroll) referenced from ldo.o(i.lua_resume)
 <LI><a href="#[10d]">utfchar</a> from lutf8lib.o(i.utfchar) referenced from lutf8lib.o(.constdata)
 <LI><a href="#[10e]">utflen</a> from lutf8lib.o(i.utflen) referenced from lutf8lib.o(.constdata)
 <LI><a href="#[8d]">writer</a> from lstrlib.o(i.writer) referenced from lstrlib.o(i.str_dump)
</UL>
<P>
<H3>
Global Symbols
</H3>
<P><STRONG><a name="[5b]"></a>__main</STRONG> (Thumb, 0 bytes, Stack size unknown bytes, entry.o(.ARM.Collect$$$$00000000))
<BR>[Address Reference Count : 1]<UL><LI> startup_stm32f10x_hd.o(.text)
</UL>
<P><STRONG><a name="[4dd]"></a>_main_stk</STRONG> (Thumb, 0 bytes, Stack size unknown bytes, entry2.o(.ARM.Collect$$$$00000001))

<P><STRONG><a name="[127]"></a>_main_scatterload</STRONG> (Thumb, 0 bytes, Stack size unknown bytes, entry5.o(.ARM.Collect$$$$00000004))
<BR><BR>[Calls]<UL><LI><a href="#[128]">&gt;&gt;</a>&nbsp;&nbsp;&nbsp;__scatterload
</UL>

<P><STRONG><a name="[157]"></a>__main_after_scatterload</STRONG> (Thumb, 0 bytes, Stack size 0 bytes, entry5.o(.ARM.Collect$$$$00000004))
<BR><BR>[Called By]<UL><LI><a href="#[128]">&gt;&gt;</a>&nbsp;&nbsp;&nbsp;__scatterload
</UL>

<P><STRONG><a name="[4de]"></a>__rt_final_cpp</STRONG> (Thumb, 0 bytes, Stack size 0 bytes, entry10a.o(.ARM.Collect$$$$0000000D))

<P><STRONG><a name="[4df]"></a>__rt_final_exit</STRONG> (Thumb, 0 bytes, Stack size 0 bytes, entry11a.o(.ARM.Collect$$$$0000000F))

<P><STRONG><a name="[4e0]"></a>_main_clock</STRONG> (Thumb, 0 bytes, Stack size 0 bytes, entry7b.o(.ARM.Collect$$$$00000008))

<P><STRONG><a name="[4e1]"></a>_main_cpp_init</STRONG> (Thumb, 0 bytes, Stack size 0 bytes, entry8b.o(.ARM.Collect$$$$0000000A))

<P><STRONG><a name="[129]"></a>_main_init</STRONG> (Thumb, 18 bytes, Stack size 0 bytes, rtx_conf_cm.o(.ARM.Collect$$$$000000FF))
<BR><BR>[Stack]<UL><LI>Max Depth = 80<LI>Call Chain = _main_init &rArr; osKernelInitialize &rArr; svcKernelInitialize &rArr; svcThreadCreate &rArr; rt_tsk_create &rArr; rt_init_context &rArr; rt_init_stack
</UL>
<BR>[Calls]<UL><LI><a href="#[12b]">&gt;&gt;</a>&nbsp;&nbsp;&nbsp;osThreadCreate
<LI><a href="#[12c]">&gt;&gt;</a>&nbsp;&nbsp;&nbsp;osKernelStart
<LI><a href="#[12a]">&gt;&gt;</a>&nbsp;&nbsp;&nbsp;osKernelInitialize
</UL>

<P><STRONG><a name="[4e2]"></a>rt_set_PSP</STRONG> (Thumb, 6 bytes, Stack size 0 bytes, hal_cm3.o(.emb_text), UNUSED)

<P><STRONG><a name="[4ae]"></a>rt_get_PSP</STRONG> (Thumb, 6 bytes, Stack size 0 bytes, hal_cm3.o(.emb_text))
<BR><BR>[Called By]<UL><LI><a href="#[4ad]">&gt;&gt;</a>&nbsp;&nbsp;&nbsp;rt_tsk_delete
</UL>

<P><STRONG><a name="[4e3]"></a>os_set_env</STRONG> (Thumb, 24 bytes, Stack size 0 bytes, hal_cm3.o(.emb_text), UNUSED)

<P><STRONG><a name="[4e4]"></a>_alloc_box</STRONG> (Thumb, 28 bytes, Stack size 0 bytes, hal_cm3.o(.emb_text), UNUSED)

<P><STRONG><a name="[4e5]"></a>_free_box</STRONG> (Thumb, 28 bytes, Stack size 0 bytes, hal_cm3.o(.emb_text), UNUSED)

<P><STRONG><a name="[18]"></a>SVC_Handler</STRONG> (Thumb, 108 bytes, Stack size 0 bytes, hal_cm3.o(.emb_text))
<BR><BR>[Calls]<UL><LI><a href="#[12d]">&gt;&gt;</a>&nbsp;&nbsp;&nbsp;rt_stk_check
</UL>
<BR>[Address Reference Count : 1]<UL><LI> startup_stm32f10x_hd.o(RESET)
</UL>
<P><STRONG><a name="[1a]"></a>PendSV_Handler</STRONG> (Thumb, 56 bytes, Stack size 0 bytes, hal_cm3.o(.emb_text))
<BR><BR>[Stack]<UL><LI>Max Depth = 52<LI>Call Chain = PendSV_Handler &rArr; rt_pop_req &rArr; rt_mbx_psh &rArr; rt_put_prio
</UL>
<BR>[Calls]<UL><LI><a href="#[12e]">&gt;&gt;</a>&nbsp;&nbsp;&nbsp;rt_pop_req
<LI><a href="#[12d]">&gt;&gt;</a>&nbsp;&nbsp;&nbsp;rt_stk_check
</UL>
<BR>[Address Reference Count : 1]<UL><LI> startup_stm32f10x_hd.o(RESET)
</UL>
<P><STRONG><a name="[1b]"></a>SysTick_Handler</STRONG> (Thumb, 8 bytes, Stack size 0 bytes, hal_cm3.o(.emb_text))
<BR><BR>[Stack]<UL><LI>Max Depth = 72<LI>Call Chain = SysTick_Handler &rArr; rt_systick &rArr; sysTimerTick &rArr; isrMessagePut &rArr; isr_mbx_send &rArr; rt_psq_enq
</UL>
<BR>[Calls]<UL><LI><a href="#[12f]">&gt;&gt;</a>&nbsp;&nbsp;&nbsp;rt_systick
</UL>
<BR>[Address Reference Count : 1]<UL><LI> startup_stm32f10x_hd.o(RESET)
</UL>
<P><STRONG><a name="[130]"></a>OS_Tick_Handler</STRONG> (Thumb, 12 bytes, Stack size 0 bytes, hal_cm3.o(.emb_text), UNUSED)
<BR><BR>[Calls]<UL><LI><a href="#[131]">&gt;&gt;</a>&nbsp;&nbsp;&nbsp;os_tick_irqack
<LI><a href="#[12f]">&gt;&gt;</a>&nbsp;&nbsp;&nbsp;rt_systick
</UL>

<P><STRONG><a name="[12]"></a>Reset_Handler</STRONG> (Thumb, 8 bytes, Stack size 0 bytes, startup_stm32f10x_hd.o(.text))
<BR>[Address Reference Count : 1]<UL><LI> startup_stm32f10x_hd.o(RESET)
</UL>
<P><STRONG><a name="[13]"></a>NMI_Handler</STRONG> (Thumb, 2 bytes, Stack size 0 bytes, startup_stm32f10x_hd.o(.text))
<BR><BR>[Calls]<UL><LI><a href="#[13]">&gt;&gt;</a>&nbsp;&nbsp;&nbsp;NMI_Handler
</UL>
<BR>[Called By]<UL><LI><a href="#[13]">&gt;&gt;</a>&nbsp;&nbsp;&nbsp;NMI_Handler
</UL>
<BR>[Address Reference Count : 1]<UL><LI> startup_stm32f10x_hd.o(RESET)
</UL>
<P><STRONG><a name="[14]"></a>HardFault_Handler</STRONG> (Thumb, 2 bytes, Stack size 0 bytes, startup_stm32f10x_hd.o(.text))
<BR><BR>[Calls]<UL><LI><a href="#[14]">&gt;&gt;</a>&nbsp;&nbsp;&nbsp;HardFault_Handler
</UL>
<BR>[Called By]<UL><LI><a href="#[14]">&gt;&gt;</a>&nbsp;&nbsp;&nbsp;HardFault_Handler
</UL>
<BR>[Address Reference Count : 1]<UL><LI> startup_stm32f10x_hd.o(RESET)
</UL>
<P><STRONG><a name="[15]"></a>MemManage_Handler</STRONG> (Thumb, 2 bytes, Stack size 0 bytes, startup_stm32f10x_hd.o(.text))
<BR><BR>[Calls]<UL><LI><a href="#[15]">&gt;&gt;</a>&nbsp;&nbsp;&nbsp;MemManage_Handler
</UL>
<BR>[Called By]<UL><LI><a href="#[15]">&gt;&gt;</a>&nbsp;&nbsp;&nbsp;MemManage_Handler
</UL>
<BR>[Address Reference Count : 1]<UL><LI> startup_stm32f10x_hd.o(RESET)
</UL>
<P><STRONG><a name="[16]"></a>BusFault_Handler</STRONG> (Thumb, 2 bytes, Stack size 0 bytes, startup_stm32f10x_hd.o(.text))
<BR><BR>[Calls]<UL><LI><a href="#[16]">&gt;&gt;</a>&nbsp;&nbsp;&nbsp;BusFault_Handler
</UL>
<BR>[Called By]<UL><LI><a href="#[16]">&gt;&gt;</a>&nbsp;&nbsp;&nbsp;BusFault_Handler
</UL>
<BR>[Address Reference Count : 1]<UL><LI> startup_stm32f10x_hd.o(RESET)
</UL>
<P><STRONG><a name="[17]"></a>UsageFault_Handler</STRONG> (Thumb, 2 bytes, Stack size 0 bytes, startup_stm32f10x_hd.o(.text))
<BR><BR>[Calls]<UL><LI><a href="#[17]">&gt;&gt;</a>&nbsp;&nbsp;&nbsp;UsageFault_Handler
</UL>
<BR>[Called By]<UL><LI><a href="#[17]">&gt;&gt;</a>&nbsp;&nbsp;&nbsp;UsageFault_Handler
</UL>
<BR>[Address Reference Count : 1]<UL><LI> startup_stm32f10x_hd.o(RESET)
</UL>
<P><STRONG><a name="[19]"></a>DebugMon_Handler</STRONG> (Thumb, 2 bytes, Stack size 0 bytes, startup_stm32f10x_hd.o(.text))
<BR><BR>[Calls]<UL><LI><a href="#[19]">&gt;&gt;</a>&nbsp;&nbsp;&nbsp;DebugMon_Handler
</UL>
<BR>[Called By]<UL><LI><a href="#[19]">&gt;&gt;</a>&nbsp;&nbsp;&nbsp;DebugMon_Handler
</UL>
<BR>[Address Reference Count : 1]<UL><LI> startup_stm32f10x_hd.o(RESET)
</UL>
<P><STRONG><a name="[2e]"></a>ADC1_2_IRQHandler</STRONG> (Thumb, 0 bytes, Stack size 0 bytes, startup_stm32f10x_hd.o(.text))
<BR><BR>[Calls]<UL><LI><a href="#[2e]">&gt;&gt;</a>&nbsp;&nbsp;&nbsp;ADC1_2_IRQHandler
</UL>
<BR>[Called By]<UL><LI><a href="#[2e]">&gt;&gt;</a>&nbsp;&nbsp;&nbsp;ADC1_2_IRQHandler
</UL>
<BR>[Address Reference Count : 1]<UL><LI> startup_stm32f10x_hd.o(RESET)
</UL>
<P><STRONG><a name="[4b]"></a>ADC3_IRQHandler</STRONG> (Thumb, 0 bytes, Stack size 0 bytes, startup_stm32f10x_hd.o(.text))
<BR>[Address Reference Count : 1]<UL><LI> startup_stm32f10x_hd.o(RESET)
</UL>
<P><STRONG><a name="[31]"></a>CAN1_RX1_IRQHandler</STRONG> (Thumb, 0 bytes, Stack size 0 bytes, startup_stm32f10x_hd.o(.text))
<BR>[Address Reference Count : 1]<UL><LI> startup_stm32f10x_hd.o(RESET)
</UL>
<P><STRONG><a name="[32]"></a>CAN1_SCE_IRQHandler</STRONG> (Thumb, 0 bytes, Stack size 0 bytes, startup_stm32f10x_hd.o(.text))
<BR>[Address Reference Count : 1]<UL><LI> startup_stm32f10x_hd.o(RESET)
</UL>
<P><STRONG><a name="[22]"></a>EXTI0_IRQHandler</STRONG> (Thumb, 0 bytes, Stack size 0 bytes, startup_stm32f10x_hd.o(.text))
<BR>[Address Reference Count : 1]<UL><LI> startup_stm32f10x_hd.o(RESET)
</UL>
<P><STRONG><a name="[24]"></a>EXTI2_IRQHandler</STRONG> (Thumb, 0 bytes, Stack size 0 bytes, startup_stm32f10x_hd.o(.text))
<BR>[Address Reference Count : 1]<UL><LI> startup_stm32f10x_hd.o(RESET)
</UL>
<P><STRONG><a name="[25]"></a>EXTI3_IRQHandler</STRONG> (Thumb, 0 bytes, Stack size 0 bytes, startup_stm32f10x_hd.o(.text))
<BR>[Address Reference Count : 1]<UL><LI> startup_stm32f10x_hd.o(RESET)
</UL>
<P><STRONG><a name="[26]"></a>EXTI4_IRQHandler</STRONG> (Thumb, 0 bytes, Stack size 0 bytes, startup_stm32f10x_hd.o(.text))
<BR>[Address Reference Count : 1]<UL><LI> startup_stm32f10x_hd.o(RESET)
</UL>
<P><STRONG><a name="[33]"></a>EXTI9_5_IRQHandler</STRONG> (Thumb, 0 bytes, Stack size 0 bytes, startup_stm32f10x_hd.o(.text))
<BR>[Address Reference Count : 1]<UL><LI> startup_stm32f10x_hd.o(RESET)
</UL>
<P><STRONG><a name="[20]"></a>FLASH_IRQHandler</STRONG> (Thumb, 0 bytes, Stack size 0 bytes, startup_stm32f10x_hd.o(.text))
<BR>[Address Reference Count : 1]<UL><LI> startup_stm32f10x_hd.o(RESET)
</UL>
<P><STRONG><a name="[4c]"></a>FSMC_IRQHandler</STRONG> (Thumb, 0 bytes, Stack size 0 bytes, startup_stm32f10x_hd.o(.text))
<BR>[Address Reference Count : 1]<UL><LI> startup_stm32f10x_hd.o(RESET)
</UL>
<P><STRONG><a name="[3c]"></a>I2C1_ER_IRQHandler</STRONG> (Thumb, 0 bytes, Stack size 0 bytes, startup_stm32f10x_hd.o(.text))
<BR>[Address Reference Count : 1]<UL><LI> startup_stm32f10x_hd.o(RESET)
</UL>
<P><STRONG><a name="[3b]"></a>I2C1_EV_IRQHandler</STRONG> (Thumb, 0 bytes, Stack size 0 bytes, startup_stm32f10x_hd.o(.text))
<BR>[Address Reference Count : 1]<UL><LI> startup_stm32f10x_hd.o(RESET)
</UL>
<P><STRONG><a name="[3e]"></a>I2C2_ER_IRQHandler</STRONG> (Thumb, 0 bytes, Stack size 0 bytes, startup_stm32f10x_hd.o(.text))
<BR>[Address Reference Count : 1]<UL><LI> startup_stm32f10x_hd.o(RESET)
</UL>
<P><STRONG><a name="[3d]"></a>I2C2_EV_IRQHandler</STRONG> (Thumb, 0 bytes, Stack size 0 bytes, startup_stm32f10x_hd.o(.text))
<BR>[Address Reference Count : 1]<UL><LI> startup_stm32f10x_hd.o(RESET)
</UL>
<P><STRONG><a name="[1d]"></a>PVD_IRQHandler</STRONG> (Thumb, 0 bytes, Stack size 0 bytes, startup_stm32f10x_hd.o(.text))
<BR>[Address Reference Count : 1]<UL><LI> startup_stm32f10x_hd.o(RESET)
</UL>
<P><STRONG><a name="[21]"></a>RCC_IRQHandler</STRONG> (Thumb, 0 bytes, Stack size 0 bytes, startup_stm32f10x_hd.o(.text))
<BR>[Address Reference Count : 1]<UL><LI> startup_stm32f10x_hd.o(RESET)
</UL>
<P><STRONG><a name="[45]"></a>RTCAlarm_IRQHandler</STRONG> (Thumb, 0 bytes, Stack size 0 bytes, startup_stm32f10x_hd.o(.text))
<BR>[Address Reference Count : 1]<UL><LI> startup_stm32f10x_hd.o(RESET)
</UL>
<P><STRONG><a name="[1f]"></a>RTC_IRQHandler</STRONG> (Thumb, 0 bytes, Stack size 0 bytes, startup_stm32f10x_hd.o(.text))
<BR>[Address Reference Count : 1]<UL><LI> startup_stm32f10x_hd.o(RESET)
</UL>
<P><STRONG><a name="[4d]"></a>SDIO_IRQHandler</STRONG> (Thumb, 0 bytes, Stack size 0 bytes, startup_stm32f10x_hd.o(.text))
<BR>[Address Reference Count : 1]<UL><LI> startup_stm32f10x_hd.o(RESET)
</UL>
<P><STRONG><a name="[3f]"></a>SPI1_IRQHandler</STRONG> (Thumb, 0 bytes, Stack size 0 bytes, startup_stm32f10x_hd.o(.text))
<BR>[Address Reference Count : 1]<UL><LI> startup_stm32f10x_hd.o(RESET)
</UL>
<P><STRONG><a name="[40]"></a>SPI2_IRQHandler</STRONG> (Thumb, 0 bytes, Stack size 0 bytes, startup_stm32f10x_hd.o(.text))
<BR>[Address Reference Count : 1]<UL><LI> startup_stm32f10x_hd.o(RESET)
</UL>
<P><STRONG><a name="[4f]"></a>SPI3_IRQHandler</STRONG> (Thumb, 0 bytes, Stack size 0 bytes, startup_stm32f10x_hd.o(.text))
<BR>[Address Reference Count : 1]<UL><LI> startup_stm32f10x_hd.o(RESET)
</UL>
<P><STRONG><a name="[1e]"></a>TAMPER_IRQHandler</STRONG> (Thumb, 0 bytes, Stack size 0 bytes, startup_stm32f10x_hd.o(.text))
<BR>[Address Reference Count : 1]<UL><LI> startup_stm32f10x_hd.o(RESET)
</UL>
<P><STRONG><a name="[34]"></a>TIM1_BRK_IRQHandler</STRONG> (Thumb, 0 bytes, Stack size 0 bytes, startup_stm32f10x_hd.o(.text))
<BR>[Address Reference Count : 1]<UL><LI> startup_stm32f10x_hd.o(RESET)
</UL>
<P><STRONG><a name="[37]"></a>TIM1_CC_IRQHandler</STRONG> (Thumb, 0 bytes, Stack size 0 bytes, startup_stm32f10x_hd.o(.text))
<BR>[Address Reference Count : 1]<UL><LI> startup_stm32f10x_hd.o(RESET)
</UL>
<P><STRONG><a name="[36]"></a>TIM1_TRG_COM_IRQHandler</STRONG> (Thumb, 0 bytes, Stack size 0 bytes, startup_stm32f10x_hd.o(.text))
<BR>[Address Reference Count : 1]<UL><LI> startup_stm32f10x_hd.o(RESET)
</UL>
<P><STRONG><a name="[35]"></a>TIM1_UP_IRQHandler</STRONG> (Thumb, 0 bytes, Stack size 0 bytes, startup_stm32f10x_hd.o(.text))
<BR>[Address Reference Count : 1]<UL><LI> startup_stm32f10x_hd.o(RESET)
</UL>
<P><STRONG><a name="[39]"></a>TIM3_IRQHandler</STRONG> (Thumb, 0 bytes, Stack size 0 bytes, startup_stm32f10x_hd.o(.text))
<BR>[Address Reference Count : 1]<UL><LI> startup_stm32f10x_hd.o(RESET)
</UL>
<P><STRONG><a name="[3a]"></a>TIM4_IRQHandler</STRONG> (Thumb, 0 bytes, Stack size 0 bytes, startup_stm32f10x_hd.o(.text))
<BR>[Address Reference Count : 1]<UL><LI> startup_stm32f10x_hd.o(RESET)
</UL>
<P><STRONG><a name="[4e]"></a>TIM5_IRQHandler</STRONG> (Thumb, 0 bytes, Stack size 0 bytes, startup_stm32f10x_hd.o(.text))
<BR>[Address Reference Count : 1]<UL><LI> startup_stm32f10x_hd.o(RESET)
</UL>
<P><STRONG><a name="[52]"></a>TIM6_IRQHandler</STRONG> (Thumb, 0 bytes, Stack size 0 bytes, startup_stm32f10x_hd.o(.text))
<BR>[Address Reference Count : 1]<UL><LI> startup_stm32f10x_hd.o(RESET)
</UL>
<P><STRONG><a name="[53]"></a>TIM7_IRQHandler</STRONG> (Thumb, 0 bytes, Stack size 0 bytes, startup_stm32f10x_hd.o(.text))
<BR>[Address Reference Count : 1]<UL><LI> startup_stm32f10x_hd.o(RESET)
</UL>
<P><STRONG><a name="[47]"></a>TIM8_BRK_IRQHandler</STRONG> (Thumb, 0 bytes, Stack size 0 bytes, startup_stm32f10x_hd.o(.text))
<BR>[Address Reference Count : 1]<UL><LI> startup_stm32f10x_hd.o(RESET)
</UL>
<P><STRONG><a name="[4a]"></a>TIM8_CC_IRQHandler</STRONG> (Thumb, 0 bytes, Stack size 0 bytes, startup_stm32f10x_hd.o(.text))
<BR>[Address Reference Count : 1]<UL><LI> startup_stm32f10x_hd.o(RESET)
</UL>
<P><STRONG><a name="[49]"></a>TIM8_TRG_COM_IRQHandler</STRONG> (Thumb, 0 bytes, Stack size 0 bytes, startup_stm32f10x_hd.o(.text))
<BR>[Address Reference Count : 1]<UL><LI> startup_stm32f10x_hd.o(RESET)
</UL>
<P><STRONG><a name="[48]"></a>TIM8_UP_IRQHandler</STRONG> (Thumb, 0 bytes, Stack size 0 bytes, startup_stm32f10x_hd.o(.text))
<BR>[Address Reference Count : 1]<UL><LI> startup_stm32f10x_hd.o(RESET)
</UL>
<P><STRONG><a name="[50]"></a>UART4_IRQHandler</STRONG> (Thumb, 0 bytes, Stack size 0 bytes, startup_stm32f10x_hd.o(.text))
<BR>[Address Reference Count : 1]<UL><LI> startup_stm32f10x_hd.o(RESET)
</UL>
<P><STRONG><a name="[51]"></a>UART5_IRQHandler</STRONG> (Thumb, 0 bytes, Stack size 0 bytes, startup_stm32f10x_hd.o(.text))
<BR>[Address Reference Count : 1]<UL><LI> startup_stm32f10x_hd.o(RESET)
</UL>
<P><STRONG><a name="[43]"></a>USART3_IRQHandler</STRONG> (Thumb, 0 bytes, Stack size 0 bytes, startup_stm32f10x_hd.o(.text))
<BR>[Address Reference Count : 1]<UL><LI> startup_stm32f10x_hd.o(RESET)
</UL>
<P><STRONG><a name="[46]"></a>USBWakeUp_IRQHandler</STRONG> (Thumb, 0 bytes, Stack size 0 bytes, startup_stm32f10x_hd.o(.text))
<BR>[Address Reference Count : 1]<UL><LI> startup_stm32f10x_hd.o(RESET)
</UL>
<P><STRONG><a name="[2f]"></a>USB_HP_CAN1_TX_IRQHandler</STRONG> (Thumb, 0 bytes, Stack size 0 bytes, startup_stm32f10x_hd.o(.text))
<BR>[Address Reference Count : 1]<UL><LI> startup_stm32f10x_hd.o(RESET)
</UL>
<P><STRONG><a name="[30]"></a>USB_LP_CAN1_RX0_IRQHandler</STRONG> (Thumb, 0 bytes, Stack size 0 bytes, startup_stm32f10x_hd.o(.text))
<BR>[Address Reference Count : 1]<UL><LI> startup_stm32f10x_hd.o(RESET)
</UL>
<P><STRONG><a name="[1c]"></a>WWDG_IRQHandler</STRONG> (Thumb, 0 bytes, Stack size 0 bytes, startup_stm32f10x_hd.o(.text))
<BR>[Address Reference Count : 1]<UL><LI> startup_stm32f10x_hd.o(RESET)
</UL>
<P><STRONG><a name="[4e6]"></a>_fgetc$ungetc</STRONG> (Thumb, 24 bytes, Stack size 0 bytes, fgetc_u.o(.text), UNUSED)

<P><STRONG><a name="[47d]"></a>ungetc</STRONG> (Thumb, 26 bytes, Stack size 0 bytes, fgetc_u.o(.text))
<BR><BR>[Called By]<UL><LI><a href="#[355]">&gt;&gt;</a>&nbsp;&nbsp;&nbsp;test_eof
<LI><a href="#[357]">&gt;&gt;</a>&nbsp;&nbsp;&nbsp;read_number
</UL>

<P><STRONG><a name="[132]"></a>__aeabi_uldivmod</STRONG> (Thumb, 98 bytes, Stack size 40 bytes, uldiv.o(.text))
<BR><BR>[Stack]<UL><LI>Max Depth = 40<LI>Call Chain = __aeabi_uldivmod
</UL>
<BR>[Calls]<UL><LI><a href="#[133]">&gt;&gt;</a>&nbsp;&nbsp;&nbsp;__aeabi_llsr
<LI><a href="#[134]">&gt;&gt;</a>&nbsp;&nbsp;&nbsp;__aeabi_llsl
</UL>
<BR>[Called By]<UL><LI><a href="#[1b4]">&gt;&gt;</a>&nbsp;&nbsp;&nbsp;_printf_core
<LI><a href="#[1c5]">&gt;&gt;</a>&nbsp;&nbsp;&nbsp;_fp_digits
<LI><a href="#[135]">&gt;&gt;</a>&nbsp;&nbsp;&nbsp;__aeabi_ldivmod
</UL>

<P><STRONG><a name="[135]"></a>__aeabi_ldivmod</STRONG> (Thumb, 98 bytes, Stack size 24 bytes, ldiv.o(.text))
<BR><BR>[Stack]<UL><LI>Max Depth = 64<LI>Call Chain = __aeabi_ldivmod &rArr; __aeabi_uldivmod
</UL>
<BR>[Calls]<UL><LI><a href="#[132]">&gt;&gt;</a>&nbsp;&nbsp;&nbsp;__aeabi_uldivmod
</UL>
<BR>[Called By]<UL><LI><a href="#[37d]">&gt;&gt;</a>&nbsp;&nbsp;&nbsp;luaV_mod
<LI><a href="#[37e]">&gt;&gt;</a>&nbsp;&nbsp;&nbsp;luaV_div
<LI><a href="#[df]">&gt;&gt;</a>&nbsp;&nbsp;&nbsp;math_fmod
<LI><a href="#[fd]">&gt;&gt;</a>&nbsp;&nbsp;&nbsp;str_rep
</UL>

<P><STRONG><a name="[134]"></a>__aeabi_llsl</STRONG> (Thumb, 30 bytes, Stack size 0 bytes, llshl.o(.text))
<BR><BR>[Called By]<UL><LI><a href="#[141]">&gt;&gt;</a>&nbsp;&nbsp;&nbsp;__aeabi_dadd
<LI><a href="#[37f]">&gt;&gt;</a>&nbsp;&nbsp;&nbsp;luaV_shiftl
<LI><a href="#[14c]">&gt;&gt;</a>&nbsp;&nbsp;&nbsp;__aeabi_d2lz
<LI><a href="#[4c2]">&gt;&gt;</a>&nbsp;&nbsp;&nbsp;unpackint
<LI><a href="#[101]">&gt;&gt;</a>&nbsp;&nbsp;&nbsp;str_pack
<LI><a href="#[143]">&gt;&gt;</a>&nbsp;&nbsp;&nbsp;_double_epilogue
<LI><a href="#[156]">&gt;&gt;</a>&nbsp;&nbsp;&nbsp;__aeabi_d2ulz
<LI><a href="#[132]">&gt;&gt;</a>&nbsp;&nbsp;&nbsp;__aeabi_uldivmod
</UL>

<P><STRONG><a name="[4e7]"></a>_ll_shift_l</STRONG> (Thumb, 0 bytes, Stack size 0 bytes, llshl.o(.text), UNUSED)

<P><STRONG><a name="[133]"></a>__aeabi_llsr</STRONG> (Thumb, 32 bytes, Stack size 0 bytes, llushr.o(.text))
<BR><BR>[Called By]<UL><LI><a href="#[37f]">&gt;&gt;</a>&nbsp;&nbsp;&nbsp;luaV_shiftl
<LI><a href="#[14c]">&gt;&gt;</a>&nbsp;&nbsp;&nbsp;__aeabi_d2lz
<LI><a href="#[153]">&gt;&gt;</a>&nbsp;&nbsp;&nbsp;_dsqrt
<LI><a href="#[155]">&gt;&gt;</a>&nbsp;&nbsp;&nbsp;__aeabi_d2iz
<LI><a href="#[143]">&gt;&gt;</a>&nbsp;&nbsp;&nbsp;_double_epilogue
<LI><a href="#[156]">&gt;&gt;</a>&nbsp;&nbsp;&nbsp;__aeabi_d2ulz
<LI><a href="#[132]">&gt;&gt;</a>&nbsp;&nbsp;&nbsp;__aeabi_uldivmod
</UL>

<P><STRONG><a name="[4e8]"></a>_ll_ushift_r</STRONG> (Thumb, 0 bytes, Stack size 0 bytes, llushr.o(.text), UNUSED)

<P><STRONG><a name="[136]"></a>__rt_ctype_table</STRONG> (Thumb, 4 bytes, Stack size 0 bytes, ctype_o.o(.text))
<BR><BR>[Called By]<UL><LI><a href="#[240]">&gt;&gt;</a>&nbsp;&nbsp;&nbsp;b_str2int
<LI><a href="#[47c]">&gt;&gt;</a>&nbsp;&nbsp;&nbsp;readdigits
<LI><a href="#[357]">&gt;&gt;</a>&nbsp;&nbsp;&nbsp;read_number
<LI><a href="#[4b0]">&gt;&gt;</a>&nbsp;&nbsp;&nbsp;scanformat
<LI><a href="#[457]">&gt;&gt;</a>&nbsp;&nbsp;&nbsp;match_class
<LI><a href="#[1eb]">&gt;&gt;</a>&nbsp;&nbsp;&nbsp;addquoted
<LI><a href="#[1cc]">&gt;&gt;</a>&nbsp;&nbsp;&nbsp;add_s
<LI><a href="#[5e]">&gt;&gt;</a>&nbsp;&nbsp;&nbsp;isspace
</UL>

<P><STRONG><a name="[5e]"></a>isspace</STRONG> (Thumb, 18 bytes, Stack size 8 bytes, isspace_o.o(.text))
<BR><BR>[Stack]<UL><LI>Max Depth = 8<LI>Call Chain = isspace
</UL>
<BR>[Calls]<UL><LI><a href="#[136]">&gt;&gt;</a>&nbsp;&nbsp;&nbsp;__rt_ctype_table
</UL>
<BR>[Address Reference Count : 1]<UL><LI> strtod.o(.text)
</UL>
<P><STRONG><a name="[242]"></a>toupper</STRONG> (Thumb, 12 bytes, Stack size 0 bytes, toupper.o(.text))
<BR><BR>[Called By]<UL><LI><a href="#[240]">&gt;&gt;</a>&nbsp;&nbsp;&nbsp;b_str2int
<LI><a href="#[100]">&gt;&gt;</a>&nbsp;&nbsp;&nbsp;str_upper
</UL>

<P><STRONG><a name="[458]"></a>tolower</STRONG> (Thumb, 12 bytes, Stack size 0 bytes, tolower.o(.text))
<BR><BR>[Called By]<UL><LI><a href="#[fb]">&gt;&gt;</a>&nbsp;&nbsp;&nbsp;str_lower
<LI><a href="#[457]">&gt;&gt;</a>&nbsp;&nbsp;&nbsp;match_class
</UL>

<P><STRONG><a name="[45a]"></a>rand</STRONG> (Thumb, 20 bytes, Stack size 0 bytes, rand.o(.text))
<BR><BR>[Called By]<UL><LI><a href="#[e7]">&gt;&gt;</a>&nbsp;&nbsp;&nbsp;math_randomseed
<LI><a href="#[e6]">&gt;&gt;</a>&nbsp;&nbsp;&nbsp;math_random
</UL>

<P><STRONG><a name="[45b]"></a>srand</STRONG> (Thumb, 6 bytes, Stack size 0 bytes, rand.o(.text))
<BR><BR>[Called By]<UL><LI><a href="#[e7]">&gt;&gt;</a>&nbsp;&nbsp;&nbsp;math_randomseed
</UL>

<P><STRONG><a name="[26e]"></a>localeconv</STRONG> (Thumb, 4 bytes, Stack size 0 bytes, localeconv.o(.text))
<BR><BR>[Called By]<UL><LI><a href="#[429]">&gt;&gt;</a>&nbsp;&nbsp;&nbsp;luaO_tostring
<LI><a href="#[357]">&gt;&gt;</a>&nbsp;&nbsp;&nbsp;read_number
<LI><a href="#[39c]">&gt;&gt;</a>&nbsp;&nbsp;&nbsp;l_str2d
<LI><a href="#[1ef]">&gt;&gt;</a>&nbsp;&nbsp;&nbsp;checkdp
</UL>

<P><STRONG><a name="[137]"></a>mktime</STRONG> (Thumb, 150 bytes, Stack size 16 bytes, mktime.o(.text))
<BR><BR>[Stack]<UL><LI>Max Depth = 24<LI>Call Chain = mktime &rArr; _localtime
</UL>
<BR>[Calls]<UL><LI><a href="#[138]">&gt;&gt;</a>&nbsp;&nbsp;&nbsp;_localtime
</UL>
<BR>[Called By]<UL><LI><a href="#[123]">&gt;&gt;</a>&nbsp;&nbsp;&nbsp;os_time
</UL>

<P><STRONG><a name="[13b]"></a>strftime</STRONG> (Thumb, 580 bytes, Stack size 72 bytes, strftime.o(.text))
<BR><BR>[Stack]<UL><LI>Max Depth = 88<LI>Call Chain = strftime &rArr; _isoweek
</UL>
<BR>[Calls]<UL><LI><a href="#[139]">&gt;&gt;</a>&nbsp;&nbsp;&nbsp;_isoweek
</UL>
<BR>[Called By]<UL><LI><a href="#[11b]">&gt;&gt;</a>&nbsp;&nbsp;&nbsp;os_date
</UL>

<P><STRONG><a name="[27b]"></a>__aeabi_memcpy</STRONG> (Thumb, 36 bytes, Stack size 0 bytes, memcpya.o(.text))
<BR><BR>[Called By]<UL><LI><a href="#[1a5]">&gt;&gt;</a>&nbsp;&nbsp;&nbsp;luaS_newlstr
<LI><a href="#[1ce]">&gt;&gt;</a>&nbsp;&nbsp;&nbsp;luaL_prepbuffsize
<LI><a href="#[1d0]">&gt;&gt;</a>&nbsp;&nbsp;&nbsp;luaL_addlstring
<LI><a href="#[34b]">&gt;&gt;</a>&nbsp;&nbsp;&nbsp;luaO_chunkid
<LI><a href="#[27a]">&gt;&gt;</a>&nbsp;&nbsp;&nbsp;checkoption
<LI><a href="#[2b6]">&gt;&gt;</a>&nbsp;&nbsp;&nbsp;copy2buff
<LI><a href="#[195]">&gt;&gt;</a>&nbsp;&nbsp;&nbsp;luaZ_read
<LI><a href="#[fd]">&gt;&gt;</a>&nbsp;&nbsp;&nbsp;str_rep
<LI><a href="#[4b0]">&gt;&gt;</a>&nbsp;&nbsp;&nbsp;scanformat
<LI><a href="#[380]">&gt;&gt;</a>&nbsp;&nbsp;&nbsp;internshrstr
<LI><a href="#[1bf]">&gt;&gt;</a>&nbsp;&nbsp;&nbsp;internal_alloc
</UL>

<P><STRONG><a name="[403]"></a>__aeabi_memcpy4</STRONG> (Thumb, 0 bytes, Stack size 0 bytes, memcpya.o(.text))
<BR><BR>[Called By]<UL><LI><a href="#[40c]">&gt;&gt;</a>&nbsp;&nbsp;&nbsp;luaK_posfix
<LI><a href="#[400]">&gt;&gt;</a>&nbsp;&nbsp;&nbsp;luaH_newkey
</UL>

<P><STRONG><a name="[4e9]"></a>__aeabi_memcpy8</STRONG> (Thumb, 0 bytes, Stack size 0 bytes, memcpya.o(.text), UNUSED)

<P><STRONG><a name="[13d]"></a>__aeabi_memset</STRONG> (Thumb, 14 bytes, Stack size 0 bytes, memseta.o(.text), UNUSED)
<BR><BR>[Called By]<UL><LI><a href="#[13e]">&gt;&gt;</a>&nbsp;&nbsp;&nbsp;_memset$wrapper
<LI><a href="#[13c]">&gt;&gt;</a>&nbsp;&nbsp;&nbsp;__aeabi_memclr
</UL>

<P><STRONG><a name="[4ea]"></a>__aeabi_memset4</STRONG> (Thumb, 0 bytes, Stack size 0 bytes, memseta.o(.text), UNUSED)

<P><STRONG><a name="[4eb]"></a>__aeabi_memset8</STRONG> (Thumb, 0 bytes, Stack size 0 bytes, memseta.o(.text), UNUSED)

<P><STRONG><a name="[13c]"></a>__aeabi_memclr</STRONG> (Thumb, 4 bytes, Stack size 0 bytes, memseta.o(.text), UNUSED)
<BR><BR>[Calls]<UL><LI><a href="#[13d]">&gt;&gt;</a>&nbsp;&nbsp;&nbsp;__aeabi_memset
</UL>

<P><STRONG><a name="[4dc]"></a>__aeabi_memclr4</STRONG> (Thumb, 0 bytes, Stack size 0 bytes, memseta.o(.text))
<BR><BR>[Called By]<UL><LI><a href="#[2c9]">&gt;&gt;</a>&nbsp;&nbsp;&nbsp;yu_prints
</UL>

<P><STRONG><a name="[4ec]"></a>__aeabi_memclr8</STRONG> (Thumb, 0 bytes, Stack size 0 bytes, memseta.o(.text), UNUSED)

<P><STRONG><a name="[13e]"></a>_memset$wrapper</STRONG> (Thumb, 18 bytes, Stack size 8 bytes, memseta.o(.text), UNUSED)
<BR><BR>[Calls]<UL><LI><a href="#[13d]">&gt;&gt;</a>&nbsp;&nbsp;&nbsp;__aeabi_memset
</UL>

<P><STRONG><a name="[418]"></a>strstr</STRONG> (Thumb, 36 bytes, Stack size 12 bytes, strstr.o(.text))
<BR><BR>[Stack]<UL><LI>Max Depth = 12<LI>Call Chain = strstr
</UL>
<BR>[Called By]<UL><LI><a href="#[3b8]">&gt;&gt;</a>&nbsp;&nbsp;&nbsp;luaL_gsub
</UL>

<P><STRONG><a name="[275]"></a>strchr</STRONG> (Thumb, 20 bytes, Stack size 0 bytes, strchr.o(.text))
<BR><BR>[Called By]<UL><LI><a href="#[3f6]">&gt;&gt;</a>&nbsp;&nbsp;&nbsp;luaO_pushvfstring
<LI><a href="#[2d4]">&gt;&gt;</a>&nbsp;&nbsp;&nbsp;lua_getinfo
<LI><a href="#[274]">&gt;&gt;</a>&nbsp;&nbsp;&nbsp;checkmode
<LI><a href="#[34b]">&gt;&gt;</a>&nbsp;&nbsp;&nbsp;luaO_chunkid
<LI><a href="#[2dc]">&gt;&gt;</a>&nbsp;&nbsp;&nbsp;makemask
<LI><a href="#[b5]">&gt;&gt;</a>&nbsp;&nbsp;&nbsp;db_getinfo
<LI><a href="#[386]">&gt;&gt;</a>&nbsp;&nbsp;&nbsp;l_checkmode
<LI><a href="#[472]">&gt;&gt;</a>&nbsp;&nbsp;&nbsp;traversetable
<LI><a href="#[39c]">&gt;&gt;</a>&nbsp;&nbsp;&nbsp;l_str2d
<LI><a href="#[f2]">&gt;&gt;</a>&nbsp;&nbsp;&nbsp;searcher_Croot
<LI><a href="#[479]">&gt;&gt;</a>&nbsp;&nbsp;&nbsp;pushnexttemplate
<LI><a href="#[3b7]">&gt;&gt;</a>&nbsp;&nbsp;&nbsp;loadfunc
<LI><a href="#[f7]">&gt;&gt;</a>&nbsp;&nbsp;&nbsp;str_format
<LI><a href="#[4b0]">&gt;&gt;</a>&nbsp;&nbsp;&nbsp;scanformat
</UL>

<P><STRONG><a name="[1e8]"></a>strlen</STRONG> (Thumb, 14 bytes, Stack size 0 bytes, strlen.o(.text))
<BR><BR>[Called By]<UL><LI><a href="#[478]">&gt;&gt;</a>&nbsp;&nbsp;&nbsp;yu_readline
<LI><a href="#[2c9]">&gt;&gt;</a>&nbsp;&nbsp;&nbsp;yu_prints
<LI><a href="#[22a]">&gt;&gt;</a>&nbsp;&nbsp;&nbsp;luaS_new
<LI><a href="#[3f6]">&gt;&gt;</a>&nbsp;&nbsp;&nbsp;luaO_pushvfstring
<LI><a href="#[3b9]">&gt;&gt;</a>&nbsp;&nbsp;&nbsp;pushline
<LI><a href="#[39a]">&gt;&gt;</a>&nbsp;&nbsp;&nbsp;l_message
<LI><a href="#[2f3]">&gt;&gt;</a>&nbsp;&nbsp;&nbsp;dostring
<LI><a href="#[2d2]">&gt;&gt;</a>&nbsp;&nbsp;&nbsp;luaL_optlstring
<LI><a href="#[3b8]">&gt;&gt;</a>&nbsp;&nbsp;&nbsp;luaL_gsub
<LI><a href="#[1f3]">&gt;&gt;</a>&nbsp;&nbsp;&nbsp;luaL_addstring
<LI><a href="#[34b]">&gt;&gt;</a>&nbsp;&nbsp;&nbsp;luaO_chunkid
<LI><a href="#[b2]">&gt;&gt;</a>&nbsp;&nbsp;&nbsp;db_debug
<LI><a href="#[386]">&gt;&gt;</a>&nbsp;&nbsp;&nbsp;l_checkmode
<LI><a href="#[39c]">&gt;&gt;</a>&nbsp;&nbsp;&nbsp;l_str2d
<LI><a href="#[479]">&gt;&gt;</a>&nbsp;&nbsp;&nbsp;pushnexttemplate
<LI><a href="#[3a2]">&gt;&gt;</a>&nbsp;&nbsp;&nbsp;l_strcmp
<LI><a href="#[25f]">&gt;&gt;</a>&nbsp;&nbsp;&nbsp;checkliteral
<LI><a href="#[103]">&gt;&gt;</a>&nbsp;&nbsp;&nbsp;str_unpack
<LI><a href="#[101]">&gt;&gt;</a>&nbsp;&nbsp;&nbsp;str_pack
<LI><a href="#[f7]">&gt;&gt;</a>&nbsp;&nbsp;&nbsp;str_format
<LI><a href="#[462]">&gt;&gt;</a>&nbsp;&nbsp;&nbsp;nospecials
<LI><a href="#[1e7]">&gt;&gt;</a>&nbsp;&nbsp;&nbsp;addlenmod
</UL>

<P><STRONG><a name="[140]"></a>strcmp</STRONG> (Thumb, 28 bytes, Stack size 8 bytes, strcmp.o(.text))
<BR><BR>[Stack]<UL><LI>Max Depth = 8<LI>Call Chain = strcmp
</UL>
<BR>[Called By]<UL><LI><a href="#[22a]">&gt;&gt;</a>&nbsp;&nbsp;&nbsp;luaS_new
<LI><a href="#[37a]">&gt;&gt;</a>&nbsp;&nbsp;&nbsp;incomplete
<LI><a href="#[313]">&gt;&gt;</a>&nbsp;&nbsp;&nbsp;luaL_checkoption
<LI><a href="#[1f1]">&gt;&gt;</a>&nbsp;&nbsp;&nbsp;luaL_argerror
<LI><a href="#[3f4]">&gt;&gt;</a>&nbsp;&nbsp;&nbsp;luaG_ordererror
<LI><a href="#[34f]">&gt;&gt;</a>&nbsp;&nbsp;&nbsp;getobjname
<LI><a href="#[b2]">&gt;&gt;</a>&nbsp;&nbsp;&nbsp;db_debug
<LI><a href="#[11b]">&gt;&gt;</a>&nbsp;&nbsp;&nbsp;os_date
<LI><a href="#[13f]">&gt;&gt;</a>&nbsp;&nbsp;&nbsp;strcoll
</UL>

<P><STRONG><a name="[26d]"></a>memchr</STRONG> (Thumb, 20 bytes, Stack size 0 bytes, memchr.o(.text))
<BR><BR>[Called By]<UL><LI><a href="#[3b5]">&gt;&gt;</a>&nbsp;&nbsp;&nbsp;lmemfind
<LI><a href="#[1ef]">&gt;&gt;</a>&nbsp;&nbsp;&nbsp;checkdp
</UL>

<P><STRONG><a name="[272]"></a>memcmp</STRONG> (Thumb, 26 bytes, Stack size 12 bytes, memcmp.o(.text))
<BR><BR>[Stack]<UL><LI>Max Depth = 12<LI>Call Chain = memcmp
</UL>
<BR>[Called By]<UL><LI><a href="#[27a]">&gt;&gt;</a>&nbsp;&nbsp;&nbsp;checkoption
<LI><a href="#[25f]">&gt;&gt;</a>&nbsp;&nbsp;&nbsp;checkliteral
<LI><a href="#[453]">&gt;&gt;</a>&nbsp;&nbsp;&nbsp;match_capture
<LI><a href="#[3b5]">&gt;&gt;</a>&nbsp;&nbsp;&nbsp;lmemfind
<LI><a href="#[42d]">&gt;&gt;</a>&nbsp;&nbsp;&nbsp;luaS_eqlngstr
<LI><a href="#[380]">&gt;&gt;</a>&nbsp;&nbsp;&nbsp;internshrstr
</UL>

<P><STRONG><a name="[13f]"></a>strcoll</STRONG> (Thumb, 4 bytes, Stack size 0 bytes, strcoll.o(.text))
<BR><BR>[Stack]<UL><LI>Max Depth = 8<LI>Call Chain = strcoll &rArr; strcmp
</UL>
<BR>[Calls]<UL><LI><a href="#[140]">&gt;&gt;</a>&nbsp;&nbsp;&nbsp;strcmp
</UL>
<BR>[Called By]<UL><LI><a href="#[3a2]">&gt;&gt;</a>&nbsp;&nbsp;&nbsp;l_strcmp
</UL>

<P><STRONG><a name="[1e9]"></a>strcpy</STRONG> (Thumb, 18 bytes, Stack size 0 bytes, strcpy.o(.text))
<BR><BR>[Called By]<UL><LI><a href="#[39c]">&gt;&gt;</a>&nbsp;&nbsp;&nbsp;l_str2d
<LI><a href="#[1e7]">&gt;&gt;</a>&nbsp;&nbsp;&nbsp;addlenmod
</UL>

<P><STRONG><a name="[477]"></a>strncmp</STRONG> (Thumb, 30 bytes, Stack size 12 bytes, strncmp.o(.text))
<BR><BR>[Stack]<UL><LI>Max Depth = 12<LI>Call Chain = strncmp
</UL>
<BR>[Called By]<UL><LI><a href="#[40f]">&gt;&gt;</a>&nbsp;&nbsp;&nbsp;pushglobalfuncname
</UL>

<P><STRONG><a name="[241]"></a>strspn</STRONG> (Thumb, 28 bytes, Stack size 12 bytes, strspn.o(.text))
<BR><BR>[Stack]<UL><LI>Max Depth = 12<LI>Call Chain = strspn
</UL>
<BR>[Called By]<UL><LI><a href="#[429]">&gt;&gt;</a>&nbsp;&nbsp;&nbsp;luaO_tostring
<LI><a href="#[240]">&gt;&gt;</a>&nbsp;&nbsp;&nbsp;b_str2int
<LI><a href="#[386]">&gt;&gt;</a>&nbsp;&nbsp;&nbsp;l_checkmode
</UL>

<P><STRONG><a name="[39d]"></a>strpbrk</STRONG> (Thumb, 32 bytes, Stack size 8 bytes, strpbrk.o(.text))
<BR><BR>[Stack]<UL><LI>Max Depth = 8<LI>Call Chain = strpbrk
</UL>
<BR>[Called By]<UL><LI><a href="#[39c]">&gt;&gt;</a>&nbsp;&nbsp;&nbsp;l_str2d
<LI><a href="#[462]">&gt;&gt;</a>&nbsp;&nbsp;&nbsp;nospecials
</UL>

<P><STRONG><a name="[2fc]"></a>strerror</STRONG> (Thumb, 40 bytes, Stack size 0 bytes, strerror.o(.text))
<BR><BR>[Called By]<UL><LI><a href="#[2fa]">&gt;&gt;</a>&nbsp;&nbsp;&nbsp;errfile
<LI><a href="#[308]">&gt;&gt;</a>&nbsp;&nbsp;&nbsp;luaL_fileresult
<LI><a href="#[353]">&gt;&gt;</a>&nbsp;&nbsp;&nbsp;opencheck
</UL>

<P><STRONG><a name="[141]"></a>__aeabi_dadd</STRONG> (Thumb, 322 bytes, Stack size 48 bytes, dadd.o(.text))
<BR><BR>[Stack]<UL><LI>Max Depth = 88<LI>Call Chain = __aeabi_dadd &rArr; _double_epilogue &rArr; _double_round
</UL>
<BR>[Calls]<UL><LI><a href="#[144]">&gt;&gt;</a>&nbsp;&nbsp;&nbsp;_double_round
<LI><a href="#[143]">&gt;&gt;</a>&nbsp;&nbsp;&nbsp;_double_epilogue
<LI><a href="#[134]">&gt;&gt;</a>&nbsp;&nbsp;&nbsp;__aeabi_llsl
<LI><a href="#[142]">&gt;&gt;</a>&nbsp;&nbsp;&nbsp;__aeabi_lasr
</UL>
<BR>[Called By]<UL><LI><a href="#[338]">&gt;&gt;</a>&nbsp;&nbsp;&nbsp;luaV_tointeger
<LI><a href="#[97]">&gt;&gt;</a>&nbsp;&nbsp;&nbsp;luaB_collectgarbage
<LI><a href="#[3dd]">&gt;&gt;</a>&nbsp;&nbsp;&nbsp;luaV_execute
<LI><a href="#[426]">&gt;&gt;</a>&nbsp;&nbsp;&nbsp;numarith
<LI><a href="#[145]">&gt;&gt;</a>&nbsp;&nbsp;&nbsp;__aeabi_dsub
<LI><a href="#[e6]">&gt;&gt;</a>&nbsp;&nbsp;&nbsp;math_random
<LI><a href="#[436]">&gt;&gt;</a>&nbsp;&nbsp;&nbsp;pow
<LI><a href="#[3bf]">&gt;&gt;</a>&nbsp;&nbsp;&nbsp;log2
<LI><a href="#[3be]">&gt;&gt;</a>&nbsp;&nbsp;&nbsp;log10
<LI><a href="#[3bd]">&gt;&gt;</a>&nbsp;&nbsp;&nbsp;log
<LI><a href="#[334]">&gt;&gt;</a>&nbsp;&nbsp;&nbsp;floor
<LI><a href="#[2ff]">&gt;&gt;</a>&nbsp;&nbsp;&nbsp;exp
<LI><a href="#[25b]">&gt;&gt;</a>&nbsp;&nbsp;&nbsp;ceil
<LI><a href="#[205]">&gt;&gt;</a>&nbsp;&nbsp;&nbsp;asin
<LI><a href="#[146]">&gt;&gt;</a>&nbsp;&nbsp;&nbsp;__aeabi_drsub
<LI><a href="#[1c9]">&gt;&gt;</a>&nbsp;&nbsp;&nbsp;acos
<LI><a href="#[1c5]">&gt;&gt;</a>&nbsp;&nbsp;&nbsp;_fp_digits
<LI><a href="#[1bd]">&gt;&gt;</a>&nbsp;&nbsp;&nbsp;__kernel_tan
<LI><a href="#[1ba]">&gt;&gt;</a>&nbsp;&nbsp;&nbsp;__kernel_sin
<LI><a href="#[1b6]">&gt;&gt;</a>&nbsp;&nbsp;&nbsp;__ieee754_rem_pio2
<LI><a href="#[1b9]">&gt;&gt;</a>&nbsp;&nbsp;&nbsp;__kernel_poly
<LI><a href="#[1c2]">&gt;&gt;</a>&nbsp;&nbsp;&nbsp;__mathlib_dbl_infnan2
<LI><a href="#[211]">&gt;&gt;</a>&nbsp;&nbsp;&nbsp;atan
</UL>

<P><STRONG><a name="[145]"></a>__aeabi_dsub</STRONG> (Thumb, 6 bytes, Stack size 0 bytes, dadd.o(.text))
<BR><BR>[Stack]<UL><LI>Max Depth = 88<LI>Call Chain = __aeabi_dsub &rArr; __aeabi_dadd &rArr; _double_epilogue &rArr; _double_round
</UL>
<BR>[Calls]<UL><LI><a href="#[141]">&gt;&gt;</a>&nbsp;&nbsp;&nbsp;__aeabi_dadd
</UL>
<BR>[Called By]<UL><LI><a href="#[3dd]">&gt;&gt;</a>&nbsp;&nbsp;&nbsp;luaV_execute
<LI><a href="#[426]">&gt;&gt;</a>&nbsp;&nbsp;&nbsp;numarith
<LI><a href="#[e4]">&gt;&gt;</a>&nbsp;&nbsp;&nbsp;math_modf
<LI><a href="#[436]">&gt;&gt;</a>&nbsp;&nbsp;&nbsp;pow
<LI><a href="#[3bd]">&gt;&gt;</a>&nbsp;&nbsp;&nbsp;log
<LI><a href="#[2ff]">&gt;&gt;</a>&nbsp;&nbsp;&nbsp;exp
<LI><a href="#[2e5]">&gt;&gt;</a>&nbsp;&nbsp;&nbsp;difftime
<LI><a href="#[212]">&gt;&gt;</a>&nbsp;&nbsp;&nbsp;atan2
<LI><a href="#[205]">&gt;&gt;</a>&nbsp;&nbsp;&nbsp;asin
<LI><a href="#[1c9]">&gt;&gt;</a>&nbsp;&nbsp;&nbsp;acos
<LI><a href="#[1bd]">&gt;&gt;</a>&nbsp;&nbsp;&nbsp;__kernel_tan
<LI><a href="#[1ba]">&gt;&gt;</a>&nbsp;&nbsp;&nbsp;__kernel_sin
<LI><a href="#[1b6]">&gt;&gt;</a>&nbsp;&nbsp;&nbsp;__ieee754_rem_pio2
<LI><a href="#[1b8]">&gt;&gt;</a>&nbsp;&nbsp;&nbsp;__kernel_cos
<LI><a href="#[211]">&gt;&gt;</a>&nbsp;&nbsp;&nbsp;atan
</UL>

<P><STRONG><a name="[146]"></a>__aeabi_drsub</STRONG> (Thumb, 6 bytes, Stack size 0 bytes, dadd.o(.text))
<BR><BR>[Stack]<UL><LI>Max Depth = 88<LI>Call Chain = __aeabi_drsub &rArr; __aeabi_dadd &rArr; _double_epilogue &rArr; _double_round
</UL>
<BR>[Calls]<UL><LI><a href="#[141]">&gt;&gt;</a>&nbsp;&nbsp;&nbsp;__aeabi_dadd
</UL>
<BR>[Called By]<UL><LI><a href="#[436]">&gt;&gt;</a>&nbsp;&nbsp;&nbsp;pow
<LI><a href="#[3bd]">&gt;&gt;</a>&nbsp;&nbsp;&nbsp;log
<LI><a href="#[335]">&gt;&gt;</a>&nbsp;&nbsp;&nbsp;fmod
<LI><a href="#[334]">&gt;&gt;</a>&nbsp;&nbsp;&nbsp;floor
<LI><a href="#[2ff]">&gt;&gt;</a>&nbsp;&nbsp;&nbsp;exp
<LI><a href="#[25b]">&gt;&gt;</a>&nbsp;&nbsp;&nbsp;ceil
<LI><a href="#[212]">&gt;&gt;</a>&nbsp;&nbsp;&nbsp;atan2
<LI><a href="#[205]">&gt;&gt;</a>&nbsp;&nbsp;&nbsp;asin
<LI><a href="#[1c9]">&gt;&gt;</a>&nbsp;&nbsp;&nbsp;acos
<LI><a href="#[1bd]">&gt;&gt;</a>&nbsp;&nbsp;&nbsp;__kernel_tan
<LI><a href="#[1ba]">&gt;&gt;</a>&nbsp;&nbsp;&nbsp;__kernel_sin
<LI><a href="#[1b6]">&gt;&gt;</a>&nbsp;&nbsp;&nbsp;__ieee754_rem_pio2
<LI><a href="#[1b8]">&gt;&gt;</a>&nbsp;&nbsp;&nbsp;__kernel_cos
<LI><a href="#[211]">&gt;&gt;</a>&nbsp;&nbsp;&nbsp;atan
</UL>

<P><STRONG><a name="[147]"></a>__aeabi_dmul</STRONG> (Thumb, 228 bytes, Stack size 48 bytes, dmul.o(.text))
<BR><BR>[Stack]<UL><LI>Max Depth = 88<LI>Call Chain = __aeabi_dmul &rArr; _double_epilogue &rArr; _double_round
</UL>
<BR>[Calls]<UL><LI><a href="#[143]">&gt;&gt;</a>&nbsp;&nbsp;&nbsp;_double_epilogue
</UL>
<BR>[Called By]<UL><LI><a href="#[3dd]">&gt;&gt;</a>&nbsp;&nbsp;&nbsp;luaV_execute
<LI><a href="#[426]">&gt;&gt;</a>&nbsp;&nbsp;&nbsp;numarith
<LI><a href="#[e6]">&gt;&gt;</a>&nbsp;&nbsp;&nbsp;math_random
<LI><a href="#[e5]">&gt;&gt;</a>&nbsp;&nbsp;&nbsp;math_rad
<LI><a href="#[db]">&gt;&gt;</a>&nbsp;&nbsp;&nbsp;math_deg
<LI><a href="#[399]">&gt;&gt;</a>&nbsp;&nbsp;&nbsp;l_hashfloat
<LI><a href="#[436]">&gt;&gt;</a>&nbsp;&nbsp;&nbsp;pow
<LI><a href="#[3be]">&gt;&gt;</a>&nbsp;&nbsp;&nbsp;log10
<LI><a href="#[3bd]">&gt;&gt;</a>&nbsp;&nbsp;&nbsp;log
<LI><a href="#[2ff]">&gt;&gt;</a>&nbsp;&nbsp;&nbsp;exp
<LI><a href="#[205]">&gt;&gt;</a>&nbsp;&nbsp;&nbsp;asin
<LI><a href="#[1c9]">&gt;&gt;</a>&nbsp;&nbsp;&nbsp;acos
<LI><a href="#[1c5]">&gt;&gt;</a>&nbsp;&nbsp;&nbsp;_fp_digits
<LI><a href="#[158]">&gt;&gt;</a>&nbsp;&nbsp;&nbsp;_fp_value
<LI><a href="#[1bd]">&gt;&gt;</a>&nbsp;&nbsp;&nbsp;__kernel_tan
<LI><a href="#[1ba]">&gt;&gt;</a>&nbsp;&nbsp;&nbsp;__kernel_sin
<LI><a href="#[1b6]">&gt;&gt;</a>&nbsp;&nbsp;&nbsp;__ieee754_rem_pio2
<LI><a href="#[1b9]">&gt;&gt;</a>&nbsp;&nbsp;&nbsp;__kernel_poly
<LI><a href="#[1b8]">&gt;&gt;</a>&nbsp;&nbsp;&nbsp;__kernel_cos
<LI><a href="#[211]">&gt;&gt;</a>&nbsp;&nbsp;&nbsp;atan
</UL>

<P><STRONG><a name="[148]"></a>__aeabi_ddiv</STRONG> (Thumb, 222 bytes, Stack size 32 bytes, ddiv.o(.text))
<BR><BR>[Stack]<UL><LI>Max Depth = 40<LI>Call Chain = __aeabi_ddiv &rArr; _double_round
</UL>
<BR>[Calls]<UL><LI><a href="#[144]">&gt;&gt;</a>&nbsp;&nbsp;&nbsp;_double_round
</UL>
<BR>[Called By]<UL><LI><a href="#[97]">&gt;&gt;</a>&nbsp;&nbsp;&nbsp;luaB_collectgarbage
<LI><a href="#[3dd]">&gt;&gt;</a>&nbsp;&nbsp;&nbsp;luaV_execute
<LI><a href="#[426]">&gt;&gt;</a>&nbsp;&nbsp;&nbsp;numarith
<LI><a href="#[e1]">&gt;&gt;</a>&nbsp;&nbsp;&nbsp;math_log
<LI><a href="#[11a]">&gt;&gt;</a>&nbsp;&nbsp;&nbsp;os_clock
<LI><a href="#[436]">&gt;&gt;</a>&nbsp;&nbsp;&nbsp;pow
<LI><a href="#[3bf]">&gt;&gt;</a>&nbsp;&nbsp;&nbsp;log2
<LI><a href="#[3bd]">&gt;&gt;</a>&nbsp;&nbsp;&nbsp;log
<LI><a href="#[2ff]">&gt;&gt;</a>&nbsp;&nbsp;&nbsp;exp
<LI><a href="#[212]">&gt;&gt;</a>&nbsp;&nbsp;&nbsp;atan2
<LI><a href="#[205]">&gt;&gt;</a>&nbsp;&nbsp;&nbsp;asin
<LI><a href="#[1c9]">&gt;&gt;</a>&nbsp;&nbsp;&nbsp;acos
<LI><a href="#[1c5]">&gt;&gt;</a>&nbsp;&nbsp;&nbsp;_fp_digits
<LI><a href="#[158]">&gt;&gt;</a>&nbsp;&nbsp;&nbsp;_fp_value
<LI><a href="#[1bd]">&gt;&gt;</a>&nbsp;&nbsp;&nbsp;__kernel_tan
<LI><a href="#[1c3]">&gt;&gt;</a>&nbsp;&nbsp;&nbsp;__mathlib_dbl_invalid
<LI><a href="#[1c0]">&gt;&gt;</a>&nbsp;&nbsp;&nbsp;__mathlib_dbl_divzero
<LI><a href="#[211]">&gt;&gt;</a>&nbsp;&nbsp;&nbsp;atan
</UL>

<P><STRONG><a name="[149]"></a>__aeabi_i2d</STRONG> (Thumb, 34 bytes, Stack size 16 bytes, dflti.o(.text))
<BR><BR>[Stack]<UL><LI>Max Depth = 56<LI>Call Chain = __aeabi_i2d &rArr; _double_epilogue &rArr; _double_round
</UL>
<BR>[Calls]<UL><LI><a href="#[143]">&gt;&gt;</a>&nbsp;&nbsp;&nbsp;_double_epilogue
</UL>
<BR>[Called By]<UL><LI><a href="#[97]">&gt;&gt;</a>&nbsp;&nbsp;&nbsp;luaB_collectgarbage
<LI><a href="#[e6]">&gt;&gt;</a>&nbsp;&nbsp;&nbsp;math_random
<LI><a href="#[436]">&gt;&gt;</a>&nbsp;&nbsp;&nbsp;pow
<LI><a href="#[3bf]">&gt;&gt;</a>&nbsp;&nbsp;&nbsp;log2
<LI><a href="#[3be]">&gt;&gt;</a>&nbsp;&nbsp;&nbsp;log10
<LI><a href="#[3bd]">&gt;&gt;</a>&nbsp;&nbsp;&nbsp;log
<LI><a href="#[2ff]">&gt;&gt;</a>&nbsp;&nbsp;&nbsp;exp
<LI><a href="#[1bd]">&gt;&gt;</a>&nbsp;&nbsp;&nbsp;__kernel_tan
<LI><a href="#[1b6]">&gt;&gt;</a>&nbsp;&nbsp;&nbsp;__ieee754_rem_pio2
</UL>

<P><STRONG><a name="[14a]"></a>__aeabi_ui2d</STRONG> (Thumb, 26 bytes, Stack size 16 bytes, dfltui.o(.text))
<BR><BR>[Stack]<UL><LI>Max Depth = 56<LI>Call Chain = __aeabi_ui2d &rArr; _double_epilogue &rArr; _double_round
</UL>
<BR>[Calls]<UL><LI><a href="#[143]">&gt;&gt;</a>&nbsp;&nbsp;&nbsp;_double_epilogue
</UL>
<BR>[Called By]<UL><LI><a href="#[11a]">&gt;&gt;</a>&nbsp;&nbsp;&nbsp;os_clock
<LI><a href="#[2e5]">&gt;&gt;</a>&nbsp;&nbsp;&nbsp;difftime
<LI><a href="#[1b6]">&gt;&gt;</a>&nbsp;&nbsp;&nbsp;__ieee754_rem_pio2
</UL>

<P><STRONG><a name="[14b]"></a>__aeabi_l2d</STRONG> (Thumb, 40 bytes, Stack size 24 bytes, dfltl.o(.text))
<BR><BR>[Stack]<UL><LI>Max Depth = 64<LI>Call Chain = __aeabi_l2d &rArr; _double_epilogue &rArr; _double_round
</UL>
[...]
<BR><BR>[Stack]<UL><LI>Max Depth = 20<LI>Call Chain = getcached
</UL>
<BR>[Called By]<UL><LI><a href="#[3dd]">&gt;&gt;</a>&nbsp;&nbsp;&nbsp;luaV_execute
</UL>

<P><STRONG><a name="[3a2]"></a>l_strcmp</STRONG> (Thumb, 118 bytes, Stack size 40 bytes, lvm.o(i.l_strcmp))
<BR><BR>[Stack]<UL><LI>Max Depth = 48<LI>Call Chain = l_strcmp &rArr; strcoll &rArr; strcmp
</UL>
<BR>[Calls]<UL><LI><a href="#[13f]">&gt;&gt;</a>&nbsp;&nbsp;&nbsp;strcoll
<LI><a href="#[1e8]">&gt;&gt;</a>&nbsp;&nbsp;&nbsp;strlen
</UL>
<BR>[Called By]<UL><LI><a href="#[438]">&gt;&gt;</a>&nbsp;&nbsp;&nbsp;luaV_lessthan
<LI><a href="#[439]">&gt;&gt;</a>&nbsp;&nbsp;&nbsp;luaV_lessequal
</UL>

<P><STRONG><a name="[43b]"></a>pushclosure</STRONG> (Thumb, 140 bytes, Stack size 56 bytes, lvm.o(i.pushclosure))
<BR><BR>[Stack]<UL><LI>Max Depth = 104<LI>Call Chain = pushclosure &rArr; luaF_newLclosure &rArr; luaC_newobj &rArr;  luaM_realloc_ (Cycle)
</UL>
<BR>[Calls]<UL><LI><a href="#[3ef]">&gt;&gt;</a>&nbsp;&nbsp;&nbsp;luaF_newLclosure
<LI><a href="#[3ed]">&gt;&gt;</a>&nbsp;&nbsp;&nbsp;luaF_findupval
</UL>
<BR>[Called By]<UL><LI><a href="#[3dd]">&gt;&gt;</a>&nbsp;&nbsp;&nbsp;luaV_execute
</UL>

<P><STRONG><a name="[27a]"></a>checkoption</STRONG> (Thumb, 96 bytes, Stack size 32 bytes, loslib.o(i.checkoption))
<BR><BR>[Stack]<UL><LI>Max Depth = 1728<LI>Call Chain = checkoption &rArr; luaL_argerror &rArr; pushglobalfuncname &rArr; findfield &rArr;  findfield (Cycle)
</UL>
<BR>[Calls]<UL><LI><a href="#[27c]">&gt;&gt;</a>&nbsp;&nbsp;&nbsp;lua_pushfstring
<LI><a href="#[1f1]">&gt;&gt;</a>&nbsp;&nbsp;&nbsp;luaL_argerror
<LI><a href="#[272]">&gt;&gt;</a>&nbsp;&nbsp;&nbsp;memcmp
<LI><a href="#[27b]">&gt;&gt;</a>&nbsp;&nbsp;&nbsp;__aeabi_memcpy
</UL>
<BR>[Called By]<UL><LI><a href="#[11b]">&gt;&gt;</a>&nbsp;&nbsp;&nbsp;os_date
</UL>

<P><STRONG><a name="[35f]"></a>getboolfield</STRONG> (Thumb, 52 bytes, Stack size 16 bytes, loslib.o(i.getboolfield))
<BR><BR>[Stack]<UL><LI>Max Depth = 768<LI>Call Chain = getboolfield &rArr; lua_getfield &rArr; auxgetstr &rArr; luaV_finishget &rArr;  luaG_runerror (Cycle)
</UL>
<BR>[Calls]<UL><LI><a href="#[1db]">&gt;&gt;</a>&nbsp;&nbsp;&nbsp;lua_toboolean
<LI><a href="#[26b]">&gt;&gt;</a>&nbsp;&nbsp;&nbsp;lua_getfield
<LI><a href="#[1d4]">&gt;&gt;</a>&nbsp;&nbsp;&nbsp;lua_settop
</UL>
<BR>[Called By]<UL><LI><a href="#[123]">&gt;&gt;</a>&nbsp;&nbsp;&nbsp;os_time
</UL>

<P><STRONG><a name="[365]"></a>getfield</STRONG> (Thumb, 136 bytes, Stack size 40 bytes, loslib.o(i.getfield))
<BR><BR>[Stack]<UL><LI>Max Depth = 1608<LI>Call Chain = getfield &rArr; luaL_error &rArr; lua_concat &rArr; luaS_newlstr &rArr; internshrstr &rArr; luaS_resize &rArr;  luaM_realloc_ (Cycle)
</UL>
<BR>[Calls]<UL><LI><a href="#[1f0]">&gt;&gt;</a>&nbsp;&nbsp;&nbsp;lua_tointegerx
<LI><a href="#[26b]">&gt;&gt;</a>&nbsp;&nbsp;&nbsp;lua_getfield
<LI><a href="#[1d4]">&gt;&gt;</a>&nbsp;&nbsp;&nbsp;lua_settop
<LI><a href="#[1cf]">&gt;&gt;</a>&nbsp;&nbsp;&nbsp;luaL_error
</UL>
<BR>[Called By]<UL><LI><a href="#[123]">&gt;&gt;</a>&nbsp;&nbsp;&nbsp;os_time
</UL>

<P><STRONG><a name="[398]"></a>l_checktime</STRONG> (Thumb, 44 bytes, Stack size 24 bytes, loslib.o(i.l_checktime))
<BR><BR>[Stack]<UL><LI>Max Depth = 1816<LI>Call Chain = l_checktime &rArr; luaL_checkinteger &rArr; interror &rArr; tag_error &rArr; typeerror &rArr; luaL_argerror &rArr; pushglobalfuncname &rArr; findfield &rArr;  findfield (Cycle)
</UL>
<BR>[Calls]<UL><LI><a href="#[23c]">&gt;&gt;</a>&nbsp;&nbsp;&nbsp;luaL_checkinteger
<LI><a href="#[1f1]">&gt;&gt;</a>&nbsp;&nbsp;&nbsp;luaL_argerror
</UL>
<BR>[Called By]<UL><LI><a href="#[11c]">&gt;&gt;</a>&nbsp;&nbsp;&nbsp;os_difftime
<LI><a href="#[11b]">&gt;&gt;</a>&nbsp;&nbsp;&nbsp;os_date
</UL>

<P><STRONG><a name="[11a]"></a>os_clock</STRONG> (Thumb, 44 bytes, Stack size 32 bytes, loslib.o(i.os_clock))
<BR><BR>[Stack]<UL><LI>Max Depth = 88<LI>Call Chain = os_clock &rArr; __aeabi_ui2d &rArr; _double_epilogue &rArr; _double_round
</UL>
<BR>[Calls]<UL><LI><a href="#[3c6]">&gt;&gt;</a>&nbsp;&nbsp;&nbsp;lua_pushnumber
<LI><a href="#[148]">&gt;&gt;</a>&nbsp;&nbsp;&nbsp;__aeabi_ddiv
<LI><a href="#[14a]">&gt;&gt;</a>&nbsp;&nbsp;&nbsp;__aeabi_ui2d
</UL>
<BR>[Address Reference Count : 1]<UL><LI> loslib.o(.constdata)
</UL>
<P><STRONG><a name="[11b]"></a>os_date</STRONG> (Thumb, 276 bytes, Stack size 4192 bytes, loslib.o(i.os_date))
<BR><BR>[Stack]<UL><LI>Max Depth = 6152<LI>Call Chain = os_date &rArr; luaL_prepbuffsize &rArr; newbox &rArr; lua_setmetatable &rArr; luaC_checkfinalizer &rArr; sweeptolive &rArr; sweeplist &rArr; freeobj &rArr; freeLclosure &rArr; luaC_upvdeccount &rArr; luaM_realloc_ &rArr; luaC_fullgc &rArr; luaC_runtilstate &rArr; singlestep &rArr; runafewfinalizers &rArr; GCTM &rArr; luaD_pcall &rArr; seterrorobj &rArr; luaS_newlstr &rArr; internshrstr &rArr; luaS_resize &rArr;  luaM_realloc_ (Cycle)
</UL>
<BR>[Calls]<UL><LI><a href="#[2bc]">&gt;&gt;</a>&nbsp;&nbsp;&nbsp;lua_createtable
<LI><a href="#[1de]">&gt;&gt;</a>&nbsp;&nbsp;&nbsp;lua_type
<LI><a href="#[32b]">&gt;&gt;</a>&nbsp;&nbsp;&nbsp;luaL_pushresult
<LI><a href="#[1ce]">&gt;&gt;</a>&nbsp;&nbsp;&nbsp;luaL_prepbuffsize
<LI><a href="#[2d2]">&gt;&gt;</a>&nbsp;&nbsp;&nbsp;luaL_optlstring
<LI><a href="#[1cf]">&gt;&gt;</a>&nbsp;&nbsp;&nbsp;luaL_error
<LI><a href="#[329]">&gt;&gt;</a>&nbsp;&nbsp;&nbsp;luaL_buffinit
<LI><a href="#[46b]">&gt;&gt;</a>&nbsp;&nbsp;&nbsp;setallfields
<LI><a href="#[398]">&gt;&gt;</a>&nbsp;&nbsp;&nbsp;l_checktime
<LI><a href="#[27a]">&gt;&gt;</a>&nbsp;&nbsp;&nbsp;checkoption
<LI><a href="#[39b]">&gt;&gt;</a>&nbsp;&nbsp;&nbsp;time
<LI><a href="#[140]">&gt;&gt;</a>&nbsp;&nbsp;&nbsp;strcmp
<LI><a href="#[13b]">&gt;&gt;</a>&nbsp;&nbsp;&nbsp;strftime
<LI><a href="#[14f]">&gt;&gt;</a>&nbsp;&nbsp;&nbsp;localtime
</UL>
<BR>[Address Reference Count : 1]<UL><LI> loslib.o(.constdata)
</UL>
<P><STRONG><a name="[11c]"></a>os_difftime</STRONG> (Thumb, 52 bytes, Stack size 24 bytes, loslib.o(i.os_difftime))
<BR><BR>[Stack]<UL><LI>Max Depth = 1840<LI>Call Chain = os_difftime &rArr; l_checktime &rArr; luaL_checkinteger &rArr; interror &rArr; tag_error &rArr; typeerror &rArr; luaL_argerror &rArr; pushglobalfuncname &rArr; findfield &rArr;  findfield (Cycle)
</UL>
<BR>[Calls]<UL><LI><a href="#[3c6]">&gt;&gt;</a>&nbsp;&nbsp;&nbsp;lua_pushnumber
<LI><a href="#[398]">&gt;&gt;</a>&nbsp;&nbsp;&nbsp;l_checktime
<LI><a href="#[2e5]">&gt;&gt;</a>&nbsp;&nbsp;&nbsp;difftime
</UL>
<BR>[Address Reference Count : 1]<UL><LI> loslib.o(.constdata)
</UL>
<P><STRONG><a name="[11d]"></a>os_execute</STRONG> (Thumb, 50 bytes, Stack size 16 bytes, loslib.o(i.os_execute))
<BR><BR>[Stack]<UL><LI>Max Depth = 1816<LI>Call Chain = os_execute &rArr; luaL_optlstring &rArr; luaL_checklstring &rArr; tag_error &rArr; typeerror &rArr; luaL_argerror &rArr; pushglobalfuncname &rArr; findfield &rArr;  findfield (Cycle)
</UL>
<BR>[Calls]<UL><LI><a href="#[223]">&gt;&gt;</a>&nbsp;&nbsp;&nbsp;lua_pushboolean
<LI><a href="#[2d2]">&gt;&gt;</a>&nbsp;&nbsp;&nbsp;luaL_optlstring
<LI><a href="#[387]">&gt;&gt;</a>&nbsp;&nbsp;&nbsp;luaL_execresult
<LI><a href="#[46c]">&gt;&gt;</a>&nbsp;&nbsp;&nbsp;system
</UL>
<BR>[Address Reference Count : 1]<UL><LI> loslib.o(.constdata)
</UL>
<P><STRONG><a name="[11e]"></a>os_exit</STRONG> (Thumb, 78 bytes, Stack size 16 bytes, loslib.o(i.os_exit))
<BR><BR>[Stack]<UL><LI>Max Depth = 1912<LI>Call Chain = os_exit &rArr; lua_close &rArr; close_state &rArr; luaC_freeallobjects &rArr; sweeplist &rArr; freeobj &rArr; freeLclosure &rArr; luaC_upvdeccount &rArr; luaM_realloc_ &rArr; luaC_fullgc &rArr; luaC_runtilstate &rArr; singlestep &rArr; runafewfinalizers &rArr; GCTM &rArr; luaD_pcall &rArr; seterrorobj &rArr; luaS_newlstr &rArr; internshrstr &rArr; luaS_resize &rArr;  luaM_realloc_ (Cycle)
</UL>
<BR>[Calls]<UL><LI><a href="#[1db]">&gt;&gt;</a>&nbsp;&nbsp;&nbsp;lua_toboolean
<LI><a href="#[1de]">&gt;&gt;</a>&nbsp;&nbsp;&nbsp;lua_type
<LI><a href="#[43f]">&gt;&gt;</a>&nbsp;&nbsp;&nbsp;lua_close
<LI><a href="#[254]">&gt;&gt;</a>&nbsp;&nbsp;&nbsp;luaL_optinteger
<LI><a href="#[46d]">&gt;&gt;</a>&nbsp;&nbsp;&nbsp;exit
</UL>
<BR>[Address Reference Count : 1]<UL><LI> loslib.o(.constdata)
</UL>
<P><STRONG><a name="[11f]"></a>os_getenv</STRONG> (Thumb, 34 bytes, Stack size 16 bytes, loslib.o(i.os_getenv))
<BR><BR>[Stack]<UL><LI>Max Depth = 1792<LI>Call Chain = os_getenv &rArr; luaL_checklstring &rArr; tag_error &rArr; typeerror &rArr; luaL_argerror &rArr; pushglobalfuncname &rArr; findfield &rArr;  findfield (Cycle)
</UL>
<BR>[Calls]<UL><LI><a href="#[1f5]">&gt;&gt;</a>&nbsp;&nbsp;&nbsp;lua_pushstring
<LI><a href="#[253]">&gt;&gt;</a>&nbsp;&nbsp;&nbsp;luaL_checklstring
</UL>
<BR>[Address Reference Count : 1]<UL><LI> loslib.o(.constdata)
</UL>
<P><STRONG><a name="[120]"></a>os_remove</STRONG> (Thumb, 44 bytes, Stack size 16 bytes, loslib.o(i.os_remove))
<BR><BR>[Stack]<UL><LI>Max Depth = 1792<LI>Call Chain = os_remove &rArr; luaL_checklstring &rArr; tag_error &rArr; typeerror &rArr; luaL_argerror &rArr; pushglobalfuncname &rArr; findfield &rArr;  findfield (Cycle)
</UL>
<BR>[Calls]<UL><LI><a href="#[308]">&gt;&gt;</a>&nbsp;&nbsp;&nbsp;luaL_fileresult
<LI><a href="#[253]">&gt;&gt;</a>&nbsp;&nbsp;&nbsp;luaL_checklstring
</UL>
<BR>[Address Reference Count : 1]<UL><LI> loslib.o(.constdata)
</UL>
<P><STRONG><a name="[121]"></a>os_rename</STRONG> (Thumb, 62 bytes, Stack size 24 bytes, loslib.o(i.os_rename))
<BR><BR>[Stack]<UL><LI>Max Depth = 1800<LI>Call Chain = os_rename &rArr; luaL_checklstring &rArr; tag_error &rArr; typeerror &rArr; luaL_argerror &rArr; pushglobalfuncname &rArr; findfield &rArr;  findfield (Cycle)
</UL>
<BR>[Calls]<UL><LI><a href="#[308]">&gt;&gt;</a>&nbsp;&nbsp;&nbsp;luaL_fileresult
<LI><a href="#[253]">&gt;&gt;</a>&nbsp;&nbsp;&nbsp;luaL_checklstring
</UL>
<BR>[Address Reference Count : 1]<UL><LI> loslib.o(.constdata)
</UL>
<P><STRONG><a name="[122]"></a>os_setlocale</STRONG> (Thumb, 62 bytes, Stack size 24 bytes, loslib.o(i.os_setlocale))
<BR><BR>[Stack]<UL><LI>Max Depth = 1856<LI>Call Chain = os_setlocale &rArr; luaL_checkoption &rArr; luaL_optlstring &rArr; luaL_checklstring &rArr; tag_error &rArr; typeerror &rArr; luaL_argerror &rArr; pushglobalfuncname &rArr; findfield &rArr;  findfield (Cycle)
</UL>
<BR>[Calls]<UL><LI><a href="#[1f5]">&gt;&gt;</a>&nbsp;&nbsp;&nbsp;lua_pushstring
<LI><a href="#[2d2]">&gt;&gt;</a>&nbsp;&nbsp;&nbsp;luaL_optlstring
<LI><a href="#[313]">&gt;&gt;</a>&nbsp;&nbsp;&nbsp;luaL_checkoption
</UL>
<BR>[Address Reference Count : 1]<UL><LI> loslib.o(.constdata)
</UL>
<P><STRONG><a name="[123]"></a>os_time</STRONG> (Thumb, 194 bytes, Stack size 56 bytes, loslib.o(i.os_time))
<BR><BR>[Stack]<UL><LI>Max Depth = 1824<LI>Call Chain = os_time &rArr; luaL_checktype &rArr; tag_error &rArr; typeerror &rArr; luaL_argerror &rArr; pushglobalfuncname &rArr; findfield &rArr;  findfield (Cycle)
</UL>
<BR>[Calls]<UL><LI><a href="#[222]">&gt;&gt;</a>&nbsp;&nbsp;&nbsp;lua_pushinteger
<LI><a href="#[1de]">&gt;&gt;</a>&nbsp;&nbsp;&nbsp;lua_type
<LI><a href="#[1d4]">&gt;&gt;</a>&nbsp;&nbsp;&nbsp;lua_settop
<LI><a href="#[1cf]">&gt;&gt;</a>&nbsp;&nbsp;&nbsp;luaL_error
<LI><a href="#[23d]">&gt;&gt;</a>&nbsp;&nbsp;&nbsp;luaL_checktype
<LI><a href="#[46b]">&gt;&gt;</a>&nbsp;&nbsp;&nbsp;setallfields
<LI><a href="#[365]">&gt;&gt;</a>&nbsp;&nbsp;&nbsp;getfield
<LI><a href="#[35f]">&gt;&gt;</a>&nbsp;&nbsp;&nbsp;getboolfield
<LI><a href="#[39b]">&gt;&gt;</a>&nbsp;&nbsp;&nbsp;time
<LI><a href="#[137]">&gt;&gt;</a>&nbsp;&nbsp;&nbsp;mktime
</UL>
<BR>[Address Reference Count : 1]<UL><LI> loslib.o(.constdata)
</UL>
<P><STRONG><a name="[124]"></a>os_tmpname</STRONG> (Thumb, 48 bytes, Stack size 272 bytes, loslib.o(i.os_tmpname))
<BR><BR>[Stack]<UL><LI>Max Depth = 1840<LI>Call Chain = os_tmpname &rArr; luaL_error &rArr; lua_concat &rArr; luaS_newlstr &rArr; internshrstr &rArr; luaS_resize &rArr;  luaM_realloc_ (Cycle)
</UL>
<BR>[Calls]<UL><LI><a href="#[1f5]">&gt;&gt;</a>&nbsp;&nbsp;&nbsp;lua_pushstring
<LI><a href="#[1cf]">&gt;&gt;</a>&nbsp;&nbsp;&nbsp;luaL_error
</UL>
<BR>[Address Reference Count : 1]<UL><LI> loslib.o(.constdata)
</UL>
<P><STRONG><a name="[46b]"></a>setallfields</STRONG> (Thumb, 108 bytes, Stack size 16 bytes, loslib.o(i.setallfields))
<BR><BR>[Stack]<UL><LI>Max Depth = 1096<LI>Call Chain = setallfields &rArr; setfield &rArr; lua_setfield &rArr; auxsetstr &rArr; luaV_finishset &rArr;  luaG_runerror (Cycle)
</UL>
<BR>[Calls]<UL><LI><a href="#[4b4]">&gt;&gt;</a>&nbsp;&nbsp;&nbsp;setfield
<LI><a href="#[4b5]">&gt;&gt;</a>&nbsp;&nbsp;&nbsp;setboolfield
</UL>
<BR>[Called By]<UL><LI><a href="#[123]">&gt;&gt;</a>&nbsp;&nbsp;&nbsp;os_time
<LI><a href="#[11b]">&gt;&gt;</a>&nbsp;&nbsp;&nbsp;os_date
</UL>

<P><STRONG><a name="[4b5]"></a>setboolfield</STRONG> (Thumb, 38 bytes, Stack size 16 bytes, loslib.o(i.setboolfield))
<BR><BR>[Stack]<UL><LI>Max Depth = 1080<LI>Call Chain = setboolfield &rArr; lua_setfield &rArr; auxsetstr &rArr; luaV_finishset &rArr;  luaG_runerror (Cycle)
</UL>
<BR>[Calls]<UL><LI><a href="#[1fb]">&gt;&gt;</a>&nbsp;&nbsp;&nbsp;lua_setfield
<LI><a href="#[223]">&gt;&gt;</a>&nbsp;&nbsp;&nbsp;lua_pushboolean
</UL>
<BR>[Called By]<UL><LI><a href="#[46b]">&gt;&gt;</a>&nbsp;&nbsp;&nbsp;setallfields
</UL>

<P><STRONG><a name="[4b4]"></a>setfield</STRONG> (Thumb, 32 bytes, Stack size 16 bytes, loslib.o(i.setfield))
<BR><BR>[Stack]<UL><LI>Max Depth = 1080<LI>Call Chain = setfield &rArr; lua_setfield &rArr; auxsetstr &rArr; luaV_finishset &rArr;  luaG_runerror (Cycle)
</UL>
<BR>[Calls]<UL><LI><a href="#[1fb]">&gt;&gt;</a>&nbsp;&nbsp;&nbsp;lua_setfield
<LI><a href="#[222]">&gt;&gt;</a>&nbsp;&nbsp;&nbsp;lua_pushinteger
</UL>
<BR>[Called By]<UL><LI><a href="#[46b]">&gt;&gt;</a>&nbsp;&nbsp;&nbsp;setallfields
</UL>

<P><STRONG><a name="[1a7]"></a>SetSysClock</STRONG> (Thumb, 8 bytes, Stack size 8 bytes, system_stm32f10x.o(i.SetSysClock))
<BR><BR>[Stack]<UL><LI>Max Depth = 20<LI>Call Chain = SetSysClock &rArr; SetSysClockTo72
</UL>
<BR>[Calls]<UL><LI><a href="#[1a8]">&gt;&gt;</a>&nbsp;&nbsp;&nbsp;SetSysClockTo72
</UL>
<BR>[Called By]<UL><LI><a href="#[5a]">&gt;&gt;</a>&nbsp;&nbsp;&nbsp;SystemInit
</UL>

<P><STRONG><a name="[1a8]"></a>SetSysClockTo72</STRONG> (Thumb, 214 bytes, Stack size 12 bytes, system_stm32f10x.o(i.SetSysClockTo72))
<BR><BR>[Stack]<UL><LI>Max Depth = 12<LI>Call Chain = SetSysClockTo72
</UL>
<BR>[Called By]<UL><LI><a href="#[1a7]">&gt;&gt;</a>&nbsp;&nbsp;&nbsp;SetSysClock
</UL>

<P><STRONG><a name="[4cc]"></a>rt_id2obj</STRONG> (Thumb, 8 bytes, Stack size 0 bytes, rt_cmsis.o(i.rt_id2obj))
<BR><BR>[Called By]<UL><LI><a href="#[8b]">&gt;&gt;</a>&nbsp;&nbsp;&nbsp;svcTimerCall
</UL>

<P><STRONG><a name="[4c6]"></a>rt_ms2tick</STRONG> (Thumb, 58 bytes, Stack size 0 bytes, rt_cmsis.o(i.rt_ms2tick))
<BR><BR>[Called By]<UL><LI><a href="#[87]">&gt;&gt;</a>&nbsp;&nbsp;&nbsp;svcSignalWait
<LI><a href="#[82]">&gt;&gt;</a>&nbsp;&nbsp;&nbsp;svcMessagePut
<LI><a href="#[81]">&gt;&gt;</a>&nbsp;&nbsp;&nbsp;svcMessageGet
<LI><a href="#[7d]">&gt;&gt;</a>&nbsp;&nbsp;&nbsp;svcDelay
</UL>

<P><STRONG><a name="[38f]"></a>rt_tid2ptcb</STRONG> (Thumb, 18 bytes, Stack size 0 bytes, rt_cmsis.o(i.rt_tid2ptcb))
<BR><BR>[Called By]<UL><LI><a href="#[8a]">&gt;&gt;</a>&nbsp;&nbsp;&nbsp;svcThreadTerminate
<LI><a href="#[86]">&gt;&gt;</a>&nbsp;&nbsp;&nbsp;svcSignalSet
<LI><a href="#[38e]">&gt;&gt;</a>&nbsp;&nbsp;&nbsp;isrSignalSet
</UL>

<P><STRONG><a name="[4cd]"></a>rt_timer_insert</STRONG> (Thumb, 48 bytes, Stack size 12 bytes, rt_cmsis.o(i.rt_timer_insert))
<BR><BR>[Stack]<UL><LI>Max Depth = 12<LI>Call Chain = rt_timer_insert
</UL>
<BR>[Called By]<UL><LI><a href="#[4aa]">&gt;&gt;</a>&nbsp;&nbsp;&nbsp;sysTimerTick
</UL>

<P><STRONG><a name="[499]"></a>rt_init_context</STRONG> (Thumb, 66 bytes, Stack size 16 bytes, rt_task.o(i.rt_init_context))
<BR><BR>[Stack]<UL><LI>Max Depth = 32<LI>Call Chain = rt_init_context &rArr; rt_init_stack
</UL>
<BR>[Calls]<UL><LI><a href="#[58]">&gt;&gt;</a>&nbsp;&nbsp;&nbsp;rt_alloc_box
<LI><a href="#[49a]">&gt;&gt;</a>&nbsp;&nbsp;&nbsp;rt_init_stack
</UL>
<BR>[Called By]<UL><LI><a href="#[4ab]">&gt;&gt;</a>&nbsp;&nbsp;&nbsp;rt_tsk_create
<LI><a href="#[4a4]">&gt;&gt;</a>&nbsp;&nbsp;&nbsp;rt_sys_init
</UL>

<P><STRONG><a name="[139]"></a>_isoweek</STRONG> (Thumb, 64 bytes, Stack size 16 bytes, strftime.o(.text))
<BR><BR>[Stack]<UL><LI>Max Depth = 16<LI>Call Chain = _isoweek
</UL>
<BR>[Calls]<UL><LI><a href="#[13a]">&gt;&gt;</a>&nbsp;&nbsp;&nbsp;_yeardays
</UL>
<BR>[Called By]<UL><LI><a href="#[13b]">&gt;&gt;</a>&nbsp;&nbsp;&nbsp;strftime
</UL>

<P><STRONG><a name="[13a]"></a>_yeardays</STRONG> (Thumb, 42 bytes, Stack size 0 bytes, strftime.o(.text))
<BR><BR>[Called By]<UL><LI><a href="#[139]">&gt;&gt;</a>&nbsp;&nbsp;&nbsp;_isoweek
</UL>

<P><STRONG><a name="[1c5]"></a>_fp_digits</STRONG> (Thumb, 366 bytes, Stack size 64 bytes, printfa.o(i._fp_digits), UNUSED)
<BR><BR>[Calls]<UL><LI><a href="#[148]">&gt;&gt;</a>&nbsp;&nbsp;&nbsp;__aeabi_ddiv
<LI><a href="#[141]">&gt;&gt;</a>&nbsp;&nbsp;&nbsp;__aeabi_dadd
<LI><a href="#[147]">&gt;&gt;</a>&nbsp;&nbsp;&nbsp;__aeabi_dmul
<LI><a href="#[18e]">&gt;&gt;</a>&nbsp;&nbsp;&nbsp;__aeabi_cdrcmple
<LI><a href="#[156]">&gt;&gt;</a>&nbsp;&nbsp;&nbsp;__aeabi_d2ulz
<LI><a href="#[132]">&gt;&gt;</a>&nbsp;&nbsp;&nbsp;__aeabi_uldivmod
</UL>
<BR>[Called By]<UL><LI><a href="#[1b4]">&gt;&gt;</a>&nbsp;&nbsp;&nbsp;_printf_core
</UL>

<P><STRONG><a name="[1b4]"></a>_printf_core</STRONG> (Thumb, 1744 bytes, Stack size 136 bytes, printfa.o(i._printf_core), UNUSED)
<BR><BR>[Calls]<UL><LI><a href="#[1c6]">&gt;&gt;</a>&nbsp;&nbsp;&nbsp;_printf_pre_padding
<LI><a href="#[1c7]">&gt;&gt;</a>&nbsp;&nbsp;&nbsp;_printf_post_padding
<LI><a href="#[1c5]">&gt;&gt;</a>&nbsp;&nbsp;&nbsp;_fp_digits
<LI><a href="#[132]">&gt;&gt;</a>&nbsp;&nbsp;&nbsp;__aeabi_uldivmod
<LI><a href="#[1c8]">&gt;&gt;</a>&nbsp;&nbsp;&nbsp;__aeabi_uidivmod
</UL>
<BR>[Called By]<UL><LI><a href="#[1b5]">&gt;&gt;</a>&nbsp;&nbsp;&nbsp;__0snprintf
<LI><a href="#[1b3]">&gt;&gt;</a>&nbsp;&nbsp;&nbsp;__0fprintf
</UL>

<P><STRONG><a name="[1c7]"></a>_printf_post_padding</STRONG> (Thumb, 36 bytes, Stack size 24 bytes, printfa.o(i._printf_post_padding), UNUSED)
<BR><BR>[Called By]<UL><LI><a href="#[1b4]">&gt;&gt;</a>&nbsp;&nbsp;&nbsp;_printf_core
</UL>

<P><STRONG><a name="[1c6]"></a>_printf_pre_padding</STRONG> (Thumb, 46 bytes, Stack size 24 bytes, printfa.o(i._printf_pre_padding), UNUSED)
<BR><BR>[Called By]<UL><LI><a href="#[1b4]">&gt;&gt;</a>&nbsp;&nbsp;&nbsp;_printf_core
</UL>

<P><STRONG><a name="[61]"></a>_snputc</STRONG> (Thumb, 22 bytes, Stack size 0 bytes, printfa.o(i._snputc))
<BR>[Address Reference Count : 1]<UL><LI> printfa.o(i.__0snprintf)
</UL>
<P><STRONG><a name="[1bf]"></a>internal_alloc</STRONG> (Thumb, 76 bytes, Stack size 24 bytes, mallocr.o(i.internal_alloc))
<BR><BR>[Stack]<UL><LI>Max Depth = 24<LI>Call Chain = internal_alloc
</UL>
<BR>[Calls]<UL><LI><a href="#[27b]">&gt;&gt;</a>&nbsp;&nbsp;&nbsp;__aeabi_memcpy
</UL>
<BR>[Called By]<UL><LI><a href="#[397]">&gt;&gt;</a>&nbsp;&nbsp;&nbsp;realloc
<LI><a href="#[1be]">&gt;&gt;</a>&nbsp;&nbsp;&nbsp;__malloc$realloc
</UL>

<P><STRONG><a name="[150]"></a>_local_sscanf</STRONG> (Thumb, 54 bytes, Stack size 56 bytes, strtod.o(.text))
<BR><BR>[Stack]<UL><LI>Max Depth = 160<LI>Call Chain = _local_sscanf &rArr; _scanf_real
</UL>
<BR>[Calls]<UL><LI><a href="#[151]">&gt;&gt;</a>&nbsp;&nbsp;&nbsp;_scanf_real
</UL>
<BR>[Called By]<UL><LI><a href="#[152]">&gt;&gt;</a>&nbsp;&nbsp;&nbsp;__strtod_int
</UL>

<P><STRONG><a name="[158]"></a>_fp_value</STRONG> (Thumb, 296 bytes, Stack size 64 bytes, scanf_fp.o(.text), UNUSED)
<BR><BR>[Calls]<UL><LI><a href="#[148]">&gt;&gt;</a>&nbsp;&nbsp;&nbsp;__aeabi_ddiv
<LI><a href="#[147]">&gt;&gt;</a>&nbsp;&nbsp;&nbsp;__aeabi_dmul
<LI><a href="#[159]">&gt;&gt;</a>&nbsp;&nbsp;&nbsp;__aeabi_ul2d
</UL>
<BR>[Called By]<UL><LI><a href="#[15a]">&gt;&gt;</a>&nbsp;&nbsp;&nbsp;_scanf_really_real
</UL>
<P>
<H3>
Undefined Global Symbols
</H3><HR></body></html>
