Component: ARM Compiler 5.06 update 6 (build 750) Tool: armlink [4d35ed]

==============================================================================

Section Cross References

    main.o(i.main) refers to rt_cmsis.o(i.osThreadGetId) for osThreadGetId
    main.o(i.main) refers to rt_cmsis.o(i.osKernelInitialize) for osKernelInitialize
    main.o(i.main) refers to ledthread.o(i.Init_led_thread) for Init_led_thread
    main.o(i.main) refers to keythread.o(i.Init_key_thread) for Init_key_thread
    main.o(i.main) refers to timeoutthread.o(i.Init_timeout_thread) for Init_timeout_thread
    main.o(i.main) refers to uartthread.o(i.Init_uart_receive_thread) for Init_uart_receive_thread
    main.o(i.main) refers to uartthread.o(i.Init_uart_send_thread) for Init_uart_send_thread
    main.o(i.main) refers to uarttestthread.o(i.Init_uart_test_thread) for Init_uart_test_thread
    main.o(i.main) refers to rt_cmsis.o(i.osKernelStart) for osKernelStart
    main.o(i.main) refers to main.o(.data) for main_id
    uarttestthread.o(i.Init_uart_test_thread) refers to rt_cmsis.o(i.osThreadCreate) for osThreadCreate
    uarttestthread.o(i.Init_uart_test_thread) refers to uarttestthread.o(.constdata) for os_thread_def_uart_test_thread
    uarttestthread.o(i.Init_uart_test_thread) refers to uarttestthread.o(.data) for uart_test_thread_id
    uarttestthread.o(i.uart_test_thread) refers to rt_cmsis.o(i.osMessageGet) for osMessageGet
    uarttestthread.o(i.uart_test_thread) refers to rt_cmsis.o(i.osPoolAlloc) for osPoolAlloc
    uarttestthread.o(i.uart_test_thread) refers to rt_cmsis.o(i.osPoolFree) for osPoolFree
    uarttestthread.o(i.uart_test_thread) refers to rt_cmsis.o(i.osMessagePut) for osMessagePut
    uarttestthread.o(i.uart_test_thread) refers to uartthread.o(.data) for uart_receive_queue
    uarttestthread.o(.constdata) refers to uarttestthread.o(i.uart_test_thread) for uart_test_thread
    ledthread.o(i.Init_led_thread) refers to rt_cmsis.o(i.osThreadCreate) for osThreadCreate
    ledthread.o(i.Init_led_thread) refers to ledthread.o(.constdata) for os_thread_def_led_thread
    ledthread.o(i.Init_led_thread) refers to ledthread.o(.data) for led_thread_id
    ledthread.o(i.led_thread) refers to led.o(i.LED_Initialize) for LED_Initialize
    ledthread.o(i.led_thread) refers to led.o(i.LED_On) for LED_On
    ledthread.o(i.led_thread) refers to rt_cmsis.o(i.osDelay) for osDelay
    ledthread.o(i.led_thread) refers to led.o(i.LED_Off) for LED_Off
    ledthread.o(.constdata) refers to ledthread.o(i.led_thread) for led_thread
    uartthread.o(i.Init_uart_receive_thread) refers to rt_cmsis.o(i.osThreadCreate) for osThreadCreate
    uartthread.o(i.Init_uart_receive_thread) refers to uartthread.o(.constdata) for os_thread_def_uart_receive_thread
    uartthread.o(i.Init_uart_receive_thread) refers to uartthread.o(.data) for uart1_receive_thread_id
    uartthread.o(i.Init_uart_send_thread) refers to rt_cmsis.o(i.osThreadCreate) for osThreadCreate
    uartthread.o(i.Init_uart_send_thread) refers to uartthread.o(.constdata) for os_thread_def_uart_send_thread
    uartthread.o(i.Init_uart_send_thread) refers to uartthread.o(.data) for uart1_send_thread_id
    uartthread.o(i.UART4_IRQHandler) refers to rt_cmsis.o(i.osSignalSet) for osSignalSet
    uartthread.o(i.UART4_IRQHandler) refers to uartthread.o(.data) for uart4_receive_thread_id
    uartthread.o(i.UART5_IRQHandler) refers to rt_cmsis.o(i.osSignalSet) for osSignalSet
    uartthread.o(i.UART5_IRQHandler) refers to uartthread.o(.data) for uart5_receive_thread_id
    uartthread.o(i.USART1_IRQHandler) refers to rt_cmsis.o(i.osSignalSet) for osSignalSet
    uartthread.o(i.USART1_IRQHandler) refers to uartthread.o(.data) for uart1_receive_thread_id
    uartthread.o(i.USART2_IRQHandler) refers to rt_cmsis.o(i.osSignalSet) for osSignalSet
    uartthread.o(i.USART2_IRQHandler) refers to uartthread.o(.data) for uart2_receive_thread_id
    uartthread.o(i.USART3_IRQHandler) refers to rt_cmsis.o(i.osSignalSet) for osSignalSet
    uartthread.o(i.USART3_IRQHandler) refers to uartthread.o(.data) for uart3_receive_thread_id
    uartthread.o(i.uart_receive_thread) refers to usart.o(i.uart_init) for uart_init
    uartthread.o(i.uart_receive_thread) refers to rt_cmsis.o(i.osPoolCreate) for osPoolCreate
    uartthread.o(i.uart_receive_thread) refers to rt_cmsis.o(i.osMessageCreate) for osMessageCreate
    uartthread.o(i.uart_receive_thread) refers to rt_cmsis.o(i.osSignalWait) for osSignalWait
    uartthread.o(i.uart_receive_thread) refers to rt_cmsis.o(i.osPoolAlloc) for osPoolAlloc
    uartthread.o(i.uart_receive_thread) refers to stm32f10x_usart.o(i.USART_ReceiveData) for USART_ReceiveData
    uartthread.o(i.uart_receive_thread) refers to rt_cmsis.o(i.osMessagePut) for osMessagePut
    uartthread.o(i.uart_receive_thread) refers to uartthread.o(.constdata) for os_pool_def_uart_receive_mpool
    uartthread.o(i.uart_receive_thread) refers to uartthread.o(.data) for uart_receive_mpool
[...]
    i.osPoolFree                             0x080019f8   Section        0  rt_cmsis.o(i.osPoolFree)
    i.osSignalSet                            0x08001a18   Section        0  rt_cmsis.o(i.osSignalSet)
    i.osSignalWait                           0x08001a30   Section        0  rt_cmsis.o(i.osSignalWait)
    i.osThreadCreate                         0x08001a48   Section        0  rt_cmsis.o(i.osThreadCreate)
    i.osThreadExit                           0x08001a74   Section        0  rt_cmsis.o(i.osThreadExit)
    i.osThreadGetId                          0x08001a8c   Section        0  rt_cmsis.o(i.osThreadGetId)
    i.osTimerCall                            0x08001aa4   Section        0  rt_cmsis.o(i.osTimerCall)
    i.osTimerThread                          0x08001ab0   Section        0  rt_cmsis.o(i.osTimerThread)
    i.os_error                               0x08001adc   Section        0  rtx_conf_cm.o(i.os_error)
    i.os_idle_demon                          0x08001afe   Section        0  rtx_conf_cm.o(i.os_idle_demon)
    i.os_tick_init                           0x08001b04   Section        0  rt_system.o(i.os_tick_init)
    i.os_tick_irqack                         0x08001b2c   Section        0  rt_system.o(i.os_tick_irqack)
    i.rt_alloc_box                           0x08001b2e   Section        0  rt_membox.o(i.rt_alloc_box)
    i.rt_alloc_mem                           0x08001b48   Section        0  rt_memory.o(i.rt_alloc_mem)
    i.rt_block                               0x08001b88   Section        0  rt_task.o(i.rt_block)
    i.rt_chk_robin                           0x08001bc0   Section        0  rt_robin.o(i.rt_chk_robin)
    i.rt_dec_dly                             0x08001c08   Section        0  rt_list.o(i.rt_dec_dly)
    i.rt_dispatch                            0x08001c78   Section        0  rt_task.o(i.rt_dispatch)
    i.rt_dly_wait                            0x08001cbc   Section        0  rt_time.o(i.rt_dly_wait)
    i.rt_evt_psh                             0x08001cc4   Section        0  rt_event.o(i.rt_evt_psh)
    i.rt_evt_set                             0x08001d14   Section        0  rt_event.o(i.rt_evt_set)
    i.rt_evt_wait                            0x08001d70   Section        0  rt_event.o(i.rt_evt_wait)
    i.rt_free_box                            0x08001dac   Section        0  rt_membox.o(i.rt_free_box)
    i.rt_free_mem                            0x08001dd8   Section        0  rt_memory.o(i.rt_free_mem)
    i.rt_get_first                           0x08001e00   Section        0  rt_list.o(i.rt_get_first)
    i.rt_id2obj                              0x08001e28   Section        0  rt_cmsis.o(i.rt_id2obj)
    rt_id2obj                                0x08001e29   Thumb Code     8  rt_cmsis.o(i.rt_id2obj)
    i.rt_init_context                        0x08001e30   Section        0  rt_task.o(i.rt_init_context)
    rt_init_context                          0x08001e31   Thumb Code    66  rt_task.o(i.rt_init_context)
    i.rt_init_mem                            0x08001e78   Section        0  rt_memory.o(i.rt_init_mem)
    i.rt_init_robin                          0x08001e94   Section        0  rt_robin.o(i.rt_init_robin)
    i.rt_init_stack                          0x08001eac   Section        0  hal_cm.o(i.rt_init_stack)
    i.rt_mbx_check                           0x08001f2c   Section        0  rt_mailbox.o(i.rt_mbx_check)
    i.rt_mbx_init                            0x08001f34   Section        0  rt_mailbox.o(i.rt_mbx_init)
    i.rt_mbx_psh                             0x08001f50   Section        0  rt_mailbox.o(i.rt_mbx_psh)
    i.rt_mbx_send                            0x08002040   Section        0  rt_mailbox.o(i.rt_mbx_send)
    i.rt_mbx_wait                            0x080020d8   Section        0  rt_mailbox.o(i.rt_mbx_wait)
    i.rt_ms2tick                             0x0800218c   Section        0  rt_cmsis.o(i.rt_ms2tick)
    rt_ms2tick                               0x0800218d   Thumb Code    58  rt_cmsis.o(i.rt_ms2tick)
    i.rt_mut_release                         0x080021d0   Section        0  rt_mutex.o(i.rt_mut_release)
    i.rt_mut_wait                            0x080022a8   Section        0  rt_mutex.o(i.rt_mut_wait)
    i.rt_pop_req                             0x08002320   Section        0  rt_system.o(i.rt_pop_req)
    i.rt_psh_req                             0x0800239c   Section        0  rt_system.o(i.rt_psh_req)
    i.rt_psq_enq                             0x080023bc   Section        0  rt_list.o(i.rt_psq_enq)
    i.rt_put_dly                             0x08002418   Section        0  rt_list.o(i.rt_put_dly)
    i.rt_put_prio                            0x08002460   Section        0  rt_list.o(i.rt_put_prio)
    i.rt_put_rdy_first                       0x08002498   Section        0  rt_list.o(i.rt_put_rdy_first)
    i.rt_resort_prio                         0x080024ac   Section        0  rt_list.o(i.rt_resort_prio)
    i.rt_ret_val                             0x080024e0   Section        0  hal_cm.o(i.rt_ret_val)
    i.rt_ret_val2                            0x080024e6   Section        0  hal_cm.o(i.rt_ret_val2)
    i.rt_rmv_dly                             0x080024ee   Section        0  rt_list.o(i.rt_rmv_dly)
    i.rt_rmv_list                            0x08002518   Section        0  rt_list.o(i.rt_rmv_list)
    i.rt_sem_psh                             0x08002548   Section        0  rt_semaphore.o(i.rt_sem_psh)
    i.rt_stk_check                           0x0800257c   Section        0  rt_system.o(i.rt_stk_check)
    i.rt_switch_req                          0x080025a0   Section        0  rt_task.o(i.rt_switch_req)
    i.rt_sys_init                            0x080025c8   Section        0  rt_task.o(i.rt_sys_init)
    i.rt_sys_start                           0x08002694   Section        0  rt_task.o(i.rt_sys_start)
    i.rt_systick                             0x0800270c   Section        0  rt_system.o(i.rt_systick)
    i.rt_tid2ptcb                            0x0800274c   Section        0  rt_cmsis.o(i.rt_tid2ptcb)
    rt_tid2ptcb                              0x0800274d   Thumb Code    18  rt_cmsis.o(i.rt_tid2ptcb)
    i.rt_timer_insert                        0x08002760   Section        0  rt_cmsis.o(i.rt_timer_insert)
    rt_timer_insert                          0x08002761   Thumb Code    48  rt_cmsis.o(i.rt_timer_insert)
    i.rt_tsk_create                          0x08002794   Section        0  rt_task.o(i.rt_tsk_create)
    i.rt_tsk_delete                          0x0800281c   Section        0  rt_task.o(i.rt_tsk_delete)
    i.rt_tsk_prio                            0x08002998   Section        0  rt_task.o(i.rt_tsk_prio)
    i.rt_tsk_self                            0x08002a14   Section        0  rt_task.o(i.rt_tsk_self)
    i.svcDelay                               0x08002a24   Section        0  rt_cmsis.o(i.svcDelay)
    i.svcKernelInitialize                    0x08002a38   Section        0  rt_cmsis.o(i.svcKernelInitialize)
    i.svcKernelStart                         0x08002aa8   Section        0  rt_cmsis.o(i.svcKernelStart)
    i.svcMessageCreate                       0x08002af0   Section        0  rt_cmsis.o(i.svcMessageCreate)
    i.svcMessageGet                          0x08002b14   Section        0  rt_cmsis.o(i.svcMessageGet)
    i.svcMessagePut                          0x08002b4e   Section        0  rt_cmsis.o(i.svcMessagePut)
    i.svcPoolCreate                          0x08002b84   Section        0  rt_cmsis.o(i.svcPoolCreate)
    i.svcSignalSet                           0x08002bac   Section        0  rt_cmsis.o(i.svcSignalSet)
    i.svcSignalWait                          0x08002bd0   Section        0  rt_cmsis.o(i.svcSignalWait)
    i.svcThreadCreate                        0x08002c24   Section        0  rt_cmsis.o(i.svcThreadCreate)
    i.svcThreadGetId                         0x08002c90   Section        0  rt_cmsis.o(i.svcThreadGetId)
    i.svcThreadTerminate                     0x08002cac   Section        0  rt_cmsis.o(i.svcThreadTerminate)
    i.svcTimerCall                           0x08002ce4   Section        0  rt_cmsis.o(i.svcTimerCall)
    i.sysPoolAlloc                           0x08002cfc   Section        0  rt_cmsis.o(i.sysPoolAlloc)
    i.sysPoolFree                            0x08002d06   Section        0  rt_cmsis.o(i.sysPoolFree)
    i.sysTimerTick                           0x08002d1c   Section        0  rt_cmsis.o(i.sysTimerTick)
    i.timeout_thread                         0x08002d78   Section        0  timeoutthread.o(i.timeout_thread)
    i.uart1_init                             0x08002da8   Section        0  usart.o(i.uart1_init)
    i.uart2_init                             0x08002e74   Section        0  usart.o(i.uart2_init)
    i.uart3_init                             0x08002f40   Section        0  usart.o(i.uart3_init)
    i.uart4_init                             0x08003010   Section        0  usart.o(i.uart4_init)
    i.uart5_init                             0x080030e0   Section        0  usart.o(i.uart5_init)
    i.uart_init                              0x080031b0   Section        0  usart.o(i.uart_init)
    i.uart_receive_thread                    0x080031e4   Section        0  uartthread.o(i.uart_receive_thread)
    i.uart_send_datas                        0x08003320   Section        0  uartthread.o(i.uart_send_datas)
    i.uart_send_thread                       0x08003354   Section        0  uartthread.o(i.uart_send_thread)
    i.uart_test_thread                       0x080033f8   Section        0  uarttestthread.o(i.uart_test_thread)
    .constdata                               0x0800346c   Section       16  uarttestthread.o(.constdata)
    .constdata                               0x0800347c   Section       16  ledthread.o(.constdata)
    .constdata                               0x0800348c   Section       72  uartthread.o(.constdata)
    .constdata                               0x080034d4   Section       16  keythread.o(.constdata)
    .constdata                               0x080034e4   Section       16  timeoutthread.o(.constdata)
    .constdata                               0x080034f4   Section        8  led.o(.constdata)
    .constdata                               0x080034fc   Section      104  rtx_conf_cm.o(.constdata)
    __tagsym$$used                           0x08003518   Number         0  rtx_conf_cm.o(.constdata)
    __tagsym$$used                           0x0800351c   Number         0  rtx_conf_cm.o(.constdata)
    __tagsym$$used                           0x08003520   Number         0  rtx_conf_cm.o(.constdata)
    __tagsym$$used                           0x08003524   Number         0  rtx_conf_cm.o(.constdata)
    .data                                    0x20000000   Section        4  main.o(.data)
    .data                                    0x20000004   Section        4  uarttestthread.o(.data)
    .data                                    0x20000008   Section        4  ledthread.o(.data)
    .data                                    0x2000000c   Section       66  uartthread.o(.data)
    .data                                    0x20000050   Section        8  keythread.o(.data)
    .data                                    0x20000058   Section        4  timeoutthread.o(.data)
    .data                                    0x2000005c   Section        2  key.o(.data)
    .data                                    0x20000060   Section       20  rtx_conf_cm.o(.data)
    nr_mutex                                 0x20000070   Data           4  rtx_conf_cm.o(.data)
    .data                                    0x20000074   Section       20  stm32f10x_rcc.o(.data)
    APBAHBPrescTable                         0x20000074   Data          16  stm32f10x_rcc.o(.data)
    ADCPrescTable                            0x20000084   Data           4  stm32f10x_rcc.o(.data)
    .data                                    0x20000088   Section        8  rt_cmsis.o(.data)
    .data                                    0x20000090   Section        8  rt_task.o(.data)
    .data                                    0x20000098   Section        8  rt_system.o(.data)
    os_lock                                  0x20000098   Data           1  rt_system.o(.data)
    os_psh_flag                              0x20000099   Data           1  rt_system.o(.data)
    pend_flags                               0x2000009a   Data           1  rt_system.o(.data)
    .data                                    0x200000a0   Section        4  rt_time.o(.data)
    .data                                    0x200000a4   Section        8  rt_robin.o(.data)
    .data                                    0x200000ac   Section        1  hal_cm.o(.data)
    .bss                                     0x200000b0   Section      480  uartthread.o(.bss)
    .bss                                     0x20000290   Section     4424  rtx_conf_cm.o(.bss)
    std_libspace                             0x20000f38   Data        1056  rtx_conf_cm.o(.bss)
    std_libmutex                             0x20001358   Data         128  rtx_conf_cm.o(.bss)
    .bss                                     0x200013d8   Section       52  rt_task.o(.bss)
    .bss                                     0x2000140c   Section       48  rt_list.o(.bss)
    .bss                                     0x2000143c   Section       96  libspace.o(.bss)
    HEAP                                     0x200014a0   Section      512  startup_stm32f10x_hd.o(HEAP)
    Heap_Mem                                 0x200014a0   Data         512  startup_stm32f10x_hd.o(HEAP)
    STACK                                    0x200016a0   Section     1024  startup_stm32f10x_hd.o(STACK)
    Stack_Mem                                0x200016a0   Data        1024  startup_stm32f10x_hd.o(STACK)
    __initial_sp                             0x20001aa0   Data           0  startup_stm32f10x_hd.o(STACK)

    Global Symbols

    Symbol Name                              Value     Ov Type        Size  Object(Section)

    BuildAttributes$$THM_ISAv4$P$D$K$B$S$PE$A:L22UL41UL21$X:L11$S22US41US21$IEEE1$IW$USESV6$~STKCKD$USESV7$~SHL$OSPACE$ROPI$EBA8$UX$STANDARDLIB$REQ8$PRES8$EABIv2 0x00000000   Number         0  anon$$obj.o ABSOLUTE
    __ARM_use_no_argv                        0x00000000   Number         0  main.o ABSOLUTE
    __ARM_exceptions_init                     - Undefined Weak Reference
    __alloca_initialize                       - Undefined Weak Reference
    __arm_preinit_                            - Undefined Weak Reference
    __cpp_initialize__aeabi_                  - Undefined Weak Reference
    __cxa_finalize                            - Undefined Weak Reference
    __rt_locale                               - Undefined Weak Reference
    __sigvec_lookup                           - Undefined Weak Reference
    _atexit_init                              - Undefined Weak Reference
    _call_atexit_fns                          - Undefined Weak Reference
    _clock_init                               - Undefined Weak Reference
    _fp_trap_init                             - Undefined Weak Reference
    _fp_trap_shutdown                         - Undefined Weak Reference
    _get_lc_collate                           - Undefined Weak Reference
    _get_lc_ctype                             - Undefined Weak Reference
    _get_lc_monetary                          - Undefined Weak Reference
    _get_lc_numeric                           - Undefined Weak Reference
    _get_lc_time                              - Undefined Weak Reference
    _getenv_init                              - Undefined Weak Reference
    _handle_redirection                       - Undefined Weak Reference
    _init_alloc                               - Undefined Weak Reference
    _init_user_alloc                          - Undefined Weak Reference
    _initio                                   - Undefined Weak Reference
    _rand_init                                - Undefined Weak Reference
    _signal_finish                            - Undefined Weak Reference
    _signal_init                              - Undefined Weak Reference
    _terminate_alloc                          - Undefined Weak Reference
    _terminate_user_alloc                     - Undefined Weak Reference
    _terminateio                              - Undefined Weak Reference
    __Vectors_Size                           0x00000130   Number         0  startup_stm32f10x_hd.o ABSOLUTE
    __RL_RTX_VER                             0x00000482   Number         0  rt_system.o ABSOLUTE
    __Vectors                                0x08000000   Data           4  startup_stm32f10x_hd.o(RESET)
    __Vectors_End                            0x08000130   Data           0  startup_stm32f10x_hd.o(RESET)
    __main                                   0x08000131   Thumb Code     8  __main.o(!!!main)
    __scatterload                            0x08000139   Thumb Code     0  __scatter.o(!!!scatter)
    __scatterload_rt2                        0x08000139   Thumb Code    44  __scatter.o(!!!scatter)
    __scatterload_rt2_thumb_only             0x08000139   Thumb Code     0  __scatter.o(!!!scatter)
    __scatterload_null                       0x08000147   Thumb Code     0  __scatter.o(!!!scatter)
    __scatterload_copy                       0x0800016d   Thumb Code    26  __scatter_copy.o(!!handler_copy)
    __scatterload_zeroinit                   0x08000189   Thumb Code    28  __scatter_zi.o(!!handler_zi)
    __rt_lib_init                            0x080001a5   Thumb Code     0  libinit.o(.ARM.Collect$$libinit$$00000000)
    __rt_lib_init_alloca_1                   0x080001a7   Thumb Code     0  libinit2.o(.ARM.Collect$$libinit$$0000002E)
    __rt_lib_init_argv_1                     0x080001a7   Thumb Code     0  libinit2.o(.ARM.Collect$$libinit$$0000002C)
    __rt_lib_init_atexit_1                   0x080001a7   Thumb Code     0  libinit2.o(.ARM.Collect$$libinit$$0000001B)
    __rt_lib_init_clock_1                    0x080001a7   Thumb Code     0  libinit2.o(.ARM.Collect$$libinit$$00000021)
    __rt_lib_init_cpp_1                      0x080001a7   Thumb Code     0  libinit2.o(.ARM.Collect$$libinit$$00000032)
    __rt_lib_init_exceptions_1               0x080001a7   Thumb Code     0  libinit2.o(.ARM.Collect$$libinit$$00000030)
    __rt_lib_init_fp_1                       0x080001a7   Thumb Code     0  libinit2.o(.ARM.Collect$$libinit$$00000002)
    __rt_lib_init_fp_trap_1                  0x080001a7   Thumb Code     0  libinit2.o(.ARM.Collect$$libinit$$0000001F)
    __rt_lib_init_getenv_1                   0x080001a7   Thumb Code     0  libinit2.o(.ARM.Collect$$libinit$$00000023)
    __rt_lib_init_heap_1                     0x080001a7   Thumb Code     0  libinit2.o(.ARM.Collect$$libinit$$0000000A)
    __rt_lib_init_lc_collate_1               0x080001a7   Thumb Code     0  libinit2.o(.ARM.Collect$$libinit$$00000011)
    __rt_lib_init_lc_ctype_1                 0x080001a7   Thumb Code     0  libinit2.o(.ARM.Collect$$libinit$$00000013)
    __rt_lib_init_lc_monetary_1              0x080001a7   Thumb Code     0  libinit2.o(.ARM.Collect$$libinit$$00000015)
    __rt_lib_init_lc_numeric_1               0x080001a7   Thumb Code     0  libinit2.o(.ARM.Collect$$libinit$$00000017)
    __rt_lib_init_lc_time_1                  0x080001a7   Thumb Code     0  libinit2.o(.ARM.Collect$$libinit$$00000019)
    __rt_lib_init_preinit_1                  0x080001a7   Thumb Code     0  libinit2.o(.ARM.Collect$$libinit$$00000004)
    __rt_lib_init_rand_1                     0x080001a7   Thumb Code     0  libinit2.o(.ARM.Collect$$libinit$$0000000E)
    __rt_lib_init_return                     0x080001a7   Thumb Code     0  libinit2.o(.ARM.Collect$$libinit$$00000033)
    __rt_lib_init_signal_1                   0x080001a7   Thumb Code     0  libinit2.o(.ARM.Collect$$libinit$$0000001D)
    __rt_lib_init_stdio_1                    0x080001a7   Thumb Code     0  libinit2.o(.ARM.Collect$$libinit$$00000025)
    __rt_lib_init_user_alloc_1               0x080001a7   Thumb Code     0  libinit2.o(.ARM.Collect$$libinit$$0000000C)
    __rt_lib_shutdown                        0x080001a9   Thumb Code     0  libshutdown.o(.ARM.Collect$$libshutdown$$00000000)
    __rt_lib_shutdown_cpp_1                  0x080001ab   Thumb Code     0  libshutdown2.o(.ARM.Collect$$libshutdown$$00000002)
    __rt_lib_shutdown_fp_trap_1              0x080001ab   Thumb Code     0  libshutdown2.o(.ARM.Collect$$libshutdown$$00000007)
    __rt_lib_shutdown_heap_1                 0x080001ab   Thumb Code     0  libshutdown2.o(.ARM.Collect$$libshutdown$$0000000F)
    __rt_lib_shutdown_return                 0x080001ab   Thumb Code     0  libshutdown2.o(.ARM.Collect$$libshutdown$$00000010)
    __rt_lib_shutdown_signal_1               0x080001ab   Thumb Code     0  libshutdown2.o(.ARM.Collect$$libshutdown$$0000000A)
    __rt_lib_shutdown_stdio_1                0x080001ab   Thumb Code     0  libshutdown2.o(.ARM.Collect$$libshutdown$$00000004)
    __rt_lib_shutdown_user_alloc_1           0x080001ab   Thumb Code     0  libshutdown2.o(.ARM.Collect$$libshutdown$$0000000C)
    __rt_entry                               0x080001ad   Thumb Code     0  __rtentry.o(.ARM.Collect$$rtentry$$00000000)
    __rt_entry_presh_1                       0x080001ad   Thumb Code     0  __rtentry2.o(.ARM.Collect$$rtentry$$00000002)
    __rt_entry_sh                            0x080001ad   Thumb Code     0  __rtentry4.o(.ARM.Collect$$rtentry$$00000004)
    __rt_entry_li                            0x080001b3   Thumb Code     0  __rtentry2.o(.ARM.Collect$$rtentry$$0000000A)
    __rt_entry_postsh_1                      0x080001b3   Thumb Code     0  __rtentry2.o(.ARM.Collect$$rtentry$$00000009)
    __rt_entry_postli_1                      0x080001b7   Thumb Code     0  __rtentry2.o(.ARM.Collect$$rtentry$$0000000B)
    __rt_entry_main                          0x080001bf   Thumb Code     0  __rtentry2.o(.ARM.Collect$$rtentry$$0000000D)
    __rt_exit                                0x080001c7   Thumb Code     0  rtexit.o(.ARM.Collect$$rtexit$$00000000)
    __rt_exit_ls                             0x080001c9   Thumb Code     0  rtexit2.o(.ARM.Collect$$rtexit$$00000003)
    __rt_exit_prels_1                        0x080001c9   Thumb Code     0  rtexit2.o(.ARM.Collect$$rtexit$$00000002)
    __rt_exit_exit                           0x080001cd   Thumb Code     0  rtexit2.o(.ARM.Collect$$rtexit$$00000004)
    _platform_post_lib_init                  0x080001d5   Thumb Code    24  rtx_conf_cm.o(.emb_text)
    rt_set_PSP                               0x080001f1   Thumb Code     6  hal_cm3.o(.emb_text)
    rt_get_PSP                               0x080001f7   Thumb Code     6  hal_cm3.o(.emb_text)
    os_set_env                               0x080001fd   Thumb Code    24  hal_cm3.o(.emb_text)
    _alloc_box                               0x08000219   Thumb Code    28  hal_cm3.o(.emb_text)
    _free_box                                0x08000239   Thumb Code    28  hal_cm3.o(.emb_text)
    SVC_Handler                              0x08000259   Thumb Code   108  hal_cm3.o(.emb_text)
    PendSV_Handler                           0x080002d1   Thumb Code    56  hal_cm3.o(.emb_text)
    SysTick_Handler                          0x0800030d   Thumb Code     8  hal_cm3.o(.emb_text)
    OS_Tick_Handler                          0x08000315   Thumb Code    12  hal_cm3.o(.emb_text)
    Reset_Handler                            0x08000321   Thumb Code     8  startup_stm32f10x_hd.o(.text)
    NMI_Handler                              0x08000329   Thumb Code     2  startup_stm32f10x_hd.o(.text)
    HardFault_Handler                        0x0800032b   Thumb Code     2  startup_stm32f10x_hd.o(.text)
    MemManage_Handler                        0x0800032d   Thumb Code     2  startup_stm32f10x_hd.o(.text)
    BusFault_Handler                         0x0800032f   Thumb Code     2  startup_stm32f10x_hd.o(.text)
    UsageFault_Handler                       0x08000331   Thumb Code     2  startup_stm32f10x_hd.o(.text)
    DebugMon_Handler                         0x08000335   Thumb Code     2  startup_stm32f10x_hd.o(.text)
    ADC1_2_IRQHandler                        0x0800033b   Thumb Code     0  startup_stm32f10x_hd.o(.text)
    ADC3_IRQHandler                          0x0800033b   Thumb Code     0  startup_stm32f10x_hd.o(.text)
    CAN1_RX1_IRQHandler                      0x0800033b   Thumb Code     0  startup_stm32f10x_hd.o(.text)
    CAN1_SCE_IRQHandler                      0x0800033b   Thumb Code     0  startup_stm32f10x_hd.o(.text)
    EXTI0_IRQHandler                         0x0800033b   Thumb Code     0  startup_stm32f10x_hd.o(.text)
    EXTI2_IRQHandler                         0x0800033b   Thumb Code     0  startup_stm32f10x_hd.o(.text)
    EXTI3_IRQHandler                         0x0800033b   Thumb Code     0  startup_stm32f10x_hd.o(.text)
    EXTI4_IRQHandler                         0x0800033b   Thumb Code     0  startup_stm32f10x_hd.o(.text)
    EXTI9_5_IRQHandler                       0x0800033b   Thumb Code     0  startup_stm32f10x_hd.o(.text)
    FLASH_IRQHandler                         0x0800033b   Thumb Code     0  startup_stm32f10x_hd.o(.text)
    FSMC_IRQHandler                          0x0800033b   Thumb Code     0  startup_stm32f10x_hd.o(.text)
    I2C1_ER_IRQHandler                       0x0800033b   Thumb Code     0  startup_stm32f10x_hd.o(.text)
    I2C1_EV_IRQHandler                       0x0800033b   Thumb Code     0  startup_stm32f10x_hd.o(.text)
    I2C2_ER_IRQHandler                       0x0800033b   Thumb Code     0  startup_stm32f10x_hd.o(.text)
    I2C2_EV_IRQHandler                       0x0800033b   Thumb Code     0  startup_stm32f10x_hd.o(.text)
    PVD_IRQHandler                           0x0800033b   Thumb Code     0  startup_stm32f10x_hd.o(.text)
    RCC_IRQHandler                           0x0800033b   Thumb Code     0  startup_stm32f10x_hd.o(.text)
    RTCAlarm_IRQHandler                      0x0800033b   Thumb Code     0  startup_stm32f10x_hd.o(.text)
    RTC_IRQHandler                           0x0800033b   Thumb Code     0  startup_stm32f10x_hd.o(.text)
    SDIO_IRQHandler                          0x0800033b   Thumb Code     0  startup_stm32f10x_hd.o(.text)
    SPI1_IRQHandler                          0x0800033b   Thumb Code     0  startup_stm32f10x_hd.o(.text)
    SPI2_IRQHandler                          0x0800033b   Thumb Code     0  startup_stm32f10x_hd.o(.text)
    SPI3_IRQHandler                          0x0800033b   Thumb Code     0  startup_stm32f10x_hd.o(.text)
    TAMPER_IRQHandler                        0x0800033b   Thumb Code     0  startup_stm32f10x_hd.o(.text)
    TIM1_BRK_IRQHandler                      0x0800033b   Thumb Code     0  startup_stm32f10x_hd.o(.text)
    TIM1_CC_IRQHandler                       0x0800033b   Thumb Code     0  startup_stm32f10x_hd.o(.text)
    TIM1_TRG_COM_IRQHandler                  0x0800033b   Thumb Code     0  startup_stm32f10x_hd.o(.text)
    TIM1_UP_IRQHandler                       0x0800033b   Thumb Code     0  startup_stm32f10x_hd.o(.text)
    TIM3_IRQHandler                          0x0800033b   Thumb Code     0  startup_stm32f10x_hd.o(.text)
    TIM4_IRQHandler                          0x0800033b   Thumb Code     0  startup_stm32f10x_hd.o(.text)
    TIM5_IRQHandler                          0x0800033b   Thumb Code     0  startup_stm32f10x_hd.o(.text)
    TIM6_IRQHandler                          0x0800033b   Thumb Code     0  startup_stm32f10x_hd.o(.text)
    TIM7_IRQHandler                          0x0800033b   Thumb Code     0  startup_stm32f10x_hd.o(.text)
    TIM8_BRK_IRQHandler                      0x0800033b   Thumb Code     0  startup_stm32f10x_hd.o(.text)
    TIM8_CC_IRQHandler                       0x0800033b   Thumb Code     0  startup_stm32f10x_hd.o(.text)
    TIM8_TRG_COM_IRQHandler                  0x0800033b   Thumb Code     0  startup_stm32f10x_hd.o(.text)
    TIM8_UP_IRQHandler                       0x0800033b   Thumb Code     0  startup_stm32f10x_hd.o(.text)
    USBWakeUp_IRQHandler                     0x0800033b   Thumb Code     0  startup_stm32f10x_hd.o(.text)
    USB_HP_CAN1_TX_IRQHandler                0x0800033b   Thumb Code     0  startup_stm32f10x_hd.o(.text)
    USB_LP_CAN1_RX0_IRQHandler               0x0800033b   Thumb Code     0  startup_stm32f10x_hd.o(.text)
    WWDG_IRQHandler                          0x0800033b   Thumb Code     0  startup_stm32f10x_hd.o(.text)
    __user_initial_stackheap                 0x0800033d   Thumb Code     0  startup_stm32f10x_hd.o(.text)
    __user_libspace                          0x08000361   Thumb Code     8  libspace.o(.text)
    __user_perproc_libspace                  0x08000361   Thumb Code     0  libspace.o(.text)
    exit                                     0x08000369   Thumb Code    18  exit.o(.text)
    __use_two_region_memory                  0x0800037b   Thumb Code     2  heapauxi.o(.text)
    __rt_heap_escrow$2region                 0x0800037d   Thumb Code     2  heapauxi.o(.text)
    __rt_heap_expand$2region                 0x0800037f   Thumb Code     2  heapauxi.o(.text)
    _sys_exit                                0x08000381   Thumb Code     8  sys_exit.o(.text)
    __user_setup_stackheap                   0x0800038d   Thumb Code    74  sys_stackheap_outer.o(.text)
    __I$use$semihosting                      0x080003d7   Thumb Code     0  use_no_semi.o(.text)
    __use_no_semihosting_swi                 0x080003d7   Thumb Code     2  use_no_semi.o(.text)
    SVC_Count                                0x080003d8   Data           4  svc_table.o(SVC_TABLE)
    __semihosting_library_function           0x080003d9   Thumb Code     0  indicate_semi.o(.text)
    DMA1_Channel1_Event                      0x080003dd   Thumb Code     2  dma_stm32f10x.o(i.DMA1_Channel1_Event)
    SVC_Table                                0x080003dc   Data           0  svc_table.o(SVC_TABLE)
    DMA1_Channel1_IRQHandler                 0x080003e1   Thumb Code    22  dma_stm32f10x.o(i.DMA1_Channel1_IRQHandler)
    DMA1_Channel2_Event                      0x080003fd   Thumb Code     2  dma_stm32f10x.o(i.DMA1_Channel2_Event)
    DMA1_Channel2_IRQHandler                 0x08000401   Thumb Code    24  dma_stm32f10x.o(i.DMA1_Channel2_IRQHandler)
    DMA1_Channel3_Event                      0x0800041d   Thumb Code     2  dma_stm32f10x.o(i.DMA1_Channel3_Event)
    DMA1_Channel3_IRQHandler                 0x08000421   Thumb Code    24  dma_stm32f10x.o(i.DMA1_Channel3_IRQHandler)
    DMA1_Channel4_Event                      0x0800043d   Thumb Code     2  dma_stm32f10x.o(i.DMA1_Channel4_Event)
    DMA1_Channel4_IRQHandler                 0x08000441   Thumb Code    24  dma_stm32f10x.o(i.DMA1_Channel4_IRQHandler)
    DMA1_Channel5_Event                      0x0800045d   Thumb Code     2  dma_stm32f10x.o(i.DMA1_Channel5_Event)
    DMA1_Channel5_IRQHandler                 0x08000461   Thumb Code    24  dma_stm32f10x.o(i.DMA1_Channel5_IRQHandler)
    DMA1_Channel6_Event                      0x0800047d   Thumb Code     2  dma_stm32f10x.o(i.DMA1_Channel6_Event)
    DMA1_Channel6_IRQHandler                 0x08000481   Thumb Code    24  dma_stm32f10x.o(i.DMA1_Channel6_IRQHandler)
    DMA1_Channel7_Event                      0x0800049d   Thumb Code     2  dma_stm32f10x.o(i.DMA1_Channel7_Event)
    DMA1_Channel7_IRQHandler                 0x080004a1   Thumb Code    24  dma_stm32f10x.o(i.DMA1_Channel7_IRQHandler)
    DMA2_Channel1_Event                      0x080004bd   Thumb Code     2  dma_stm32f10x.o(i.DMA2_Channel1_Event)
    DMA2_Channel1_IRQHandler                 0x080004c1   Thumb Code    24  dma_stm32f10x.o(i.DMA2_Channel1_IRQHandler)
    DMA2_Channel2_Event                      0x080004dd   Thumb Code     2  dma_stm32f10x.o(i.DMA2_Channel2_Event)
    DMA2_Channel2_IRQHandler                 0x080004e1   Thumb Code    26  dma_stm32f10x.o(i.DMA2_Channel2_IRQHandler)
    DMA2_Channel3_Event                      0x08000501   Thumb Code     2  dma_stm32f10x.o(i.DMA2_Channel3_Event)
    DMA2_Channel3_IRQHandler                 0x08000505   Thumb Code    26  dma_stm32f10x.o(i.DMA2_Channel3_IRQHandler)
    DMA2_Channel4_5_IRQHandler               0x08000525   Thumb Code    52  dma_stm32f10x.o(i.DMA2_Channel4_5_IRQHandler)
    DMA2_Channel4_Event                      0x0800055d   Thumb Code     2  dma_stm32f10x.o(i.DMA2_Channel4_Event)
    DMA2_Channel5_Event                      0x0800055f   Thumb Code     2  dma_stm32f10x.o(i.DMA2_Channel5_Event)
    EXTI15_10_IRQHandler                     0x08000561   Thumb Code    26  key.o(i.EXTI15_10_IRQHandler)
    EXTI1_IRQHandler                         0x08000589   Thumb Code    26  key.o(i.EXTI1_IRQHandler)
    EXTI_Init                                0x080005b1   Thumb Code   142  stm32f10x_exti.o(i.EXTI_Init)
    GPIO_EXTILineConfig                      0x08000645   Thumb Code    60  stm32f10x_gpio.o(i.GPIO_EXTILineConfig)
    GPIO_GetPortClockState                   0x08000685   Thumb Code   118  gpio_stm32f10x.o(i.GPIO_GetPortClockState)
    GPIO_Init                                0x0800071d   Thumb Code   278  stm32f10x_gpio.o(i.GPIO_Init)
    GPIO_PinConfigure                        0x08000833   Thumb Code   120  gpio_stm32f10x.o(i.GPIO_PinConfigure)
    GPIO_PortClock                           0x080008ad   Thumb Code   284  gpio_stm32f10x.o(i.GPIO_PortClock)
    Init_key_thread                          0x080009e9   Thumb Code    30  keythread.o(i.Init_key_thread)
    Init_led_thread                          0x08000a11   Thumb Code    30  ledthread.o(i.Init_led_thread)
    Init_timeout_thread                      0x08000a39   Thumb Code    30  timeoutthread.o(i.Init_timeout_thread)
    Init_uart_receive_thread                 0x08000a61   Thumb Code   154  uartthread.o(i.Init_uart_receive_thread)
    Init_uart_send_thread                    0x08000b15   Thumb Code   154  uartthread.o(i.Init_uart_send_thread)
    Init_uart_test_thread                    0x08000bc9   Thumb Code    30  uarttestthread.o(i.Init_uart_test_thread)
    KEY_Init                                 0x08000bf1   Thumb Code   154  key.o(i.KEY_Init)
    LED_Initialize                           0x08000c91   Thumb Code    86  led.o(i.LED_Initialize)
    LED_Off                                  0x08000ced   Thumb Code    44  led.o(i.LED_Off)
    LED_On                                   0x08000d1d   Thumb Code    44  led.o(i.LED_On)
    NVIC_Init                                0x08000d4d   Thumb Code   100  misc.o(i.NVIC_Init)
    RCC_APB1PeriphClockCmd                   0x08000dbd   Thumb Code    26  stm32f10x_rcc.o(i.RCC_APB1PeriphClockCmd)
    RCC_APB1PeriphResetCmd                   0x08000ddd   Thumb Code    26  stm32f10x_rcc.o(i.RCC_APB1PeriphResetCmd)
    RCC_APB2PeriphClockCmd                   0x08000dfd   Thumb Code    26  stm32f10x_rcc.o(i.RCC_APB2PeriphClockCmd)
    RCC_APB2PeriphResetCmd                   0x08000e1d   Thumb Code    26  stm32f10x_rcc.o(i.RCC_APB2PeriphResetCmd)
    RCC_GetClocksFreq                        0x08000e3d   Thumb Code   192  stm32f10x_rcc.o(i.RCC_GetClocksFreq)
    SystemInit                               0x08000ff9   Thumb Code    78  system_stm32f10x.o(i.SystemInit)
    TIM2_IRQHandler                          0x08001059   Thumb Code    72  timer2.o(i.TIM2_IRQHandler)
    TIM2_Int_Init                            0x080010b1   Thumb Code    92  timer2.o(i.TIM2_Int_Init)
    TIM_Cmd                                  0x0800110d   Thumb Code    24  stm32f10x_tim.o(i.TIM_Cmd)
    TIM_ITConfig                             0x08001125   Thumb Code    18  stm32f10x_tim.o(i.TIM_ITConfig)
    TIM_TimeBaseInit                         0x08001139   Thumb Code   122  stm32f10x_tim.o(i.TIM_TimeBaseInit)
    UART4_IRQHandler                         0x080011dd   Thumb Code    84  uartthread.o(i.UART4_IRQHandler)
    UART5_IRQHandler                         0x08001245   Thumb Code    84  uartthread.o(i.UART5_IRQHandler)
    USART1_IRQHandler                        0x080012ad   Thumb Code    84  uartthread.o(i.USART1_IRQHandler)
    USART2_IRQHandler                        0x08001315   Thumb Code    84  uartthread.o(i.USART2_IRQHandler)
    USART3_IRQHandler                        0x0800137d   Thumb Code    84  uartthread.o(i.USART3_IRQHandler)
    USART_ClearFlag                          0x080013e5   Thumb Code    18  stm32f10x_usart.o(i.USART_ClearFlag)
    USART_Cmd                                0x080013f7   Thumb Code    24  stm32f10x_usart.o(i.USART_Cmd)
    USART_DeInit                             0x08001411   Thumb Code   134  stm32f10x_usart.o(i.USART_DeInit)
    USART_GetFlagStatus                      0x080014ad   Thumb Code    26  stm32f10x_usart.o(i.USART_GetFlagStatus)
    USART_ITConfig                           0x080014c7   Thumb Code    74  stm32f10x_usart.o(i.USART_ITConfig)
    USART_Init                               0x08001511   Thumb Code   210  stm32f10x_usart.o(i.USART_Init)
    USART_ReceiveData                        0x080015e9   Thumb Code    10  stm32f10x_usart.o(i.USART_ReceiveData)
    _init_box                                0x080015f3   Thumb Code    70  rt_membox.o(i._init_box)
    _mutex_acquire                           0x08001639   Thumb Code    22  rtx_conf_cm.o(i._mutex_acquire)
    _mutex_release                           0x08001659   Thumb Code    18  rtx_conf_cm.o(i._mutex_release)
    dbg_init                                 0x08001675   Thumb Code    34  hal_cm.o(i.dbg_init)
    dbg_task_notify                          0x080016a5   Thumb Code    32  hal_cm.o(i.dbg_task_notify)
    dbg_task_switch                          0x080016c5   Thumb Code    16  hal_cm.o(i.dbg_task_switch)
    isrMessageGet                            0x080016d5   Thumb Code    42  rt_cmsis.o(i.isrMessageGet)
    isrMessagePut                            0x080016ff   Thumb Code    44  rt_cmsis.o(i.isrMessagePut)
    isrSignalSet                             0x0800172b   Thumb Code    36  rt_cmsis.o(i.isrSignalSet)
    isr_evt_set                              0x08001751   Thumb Code    34  rt_event.o(i.isr_evt_set)
    isr_mbx_receive                          0x08001779   Thumb Code    86  rt_mailbox.o(i.isr_mbx_receive)
    isr_mbx_send                             0x080017cf   Thumb Code    14  rt_mailbox.o(i.isr_mbx_send)
    key_thread                               0x080017dd   Thumb Code    92  keythread.o(i.key_thread)
    led_thread                               0x0800184d   Thumb Code    36  ledthread.o(i.led_thread)
    main                                     0x08001871   Thumb Code    50  main.o(i.main)
    osDelay                                  0x080018a9   Thumb Code    18  rt_cmsis.o(i.osDelay)
    osKernelInitialize                       0x080018c1   Thumb Code    30  rt_cmsis.o(i.osKernelInitialize)
    osKernelStart                            0x080018e5   Thumb Code    98  rt_cmsis.o(i.osKernelStart)
    osMessageCreate                          0x08001951   Thumb Code    36  rt_cmsis.o(i.osMessageCreate)
    osMessageGet                             0x0800197d   Thumb Code    18  rt_cmsis.o(i.osMessageGet)
    osMessagePut                             0x08001995   Thumb Code    18  rt_cmsis.o(i.osMessagePut)
    osPoolAlloc                              0x080019ad   Thumb Code    26  rt_cmsis.o(i.osPoolAlloc)
    osPoolCreate                             0x080019cd   Thumb Code    36  rt_cmsis.o(i.osPoolCreate)
    osPoolFree                               0x080019f9   Thumb Code    26  rt_cmsis.o(i.osPoolFree)
    osSignalSet                              0x08001a19   Thumb Code    18  rt_cmsis.o(i.osSignalSet)
    osSignalWait                             0x08001a31   Thumb Code    18  rt_cmsis.o(i.osSignalWait)
    osThreadCreate                           0x08001a49   Thumb Code    36  rt_cmsis.o(i.osThreadCreate)
    osThreadExit                             0x08001a75   Thumb Code    14  rt_cmsis.o(i.osThreadExit)
    osThreadGetId                            0x08001a8d   Thumb Code    18  rt_cmsis.o(i.osThreadGetId)
    osTimerCall                              0x08001aa5   Thumb Code     8  rt_cmsis.o(i.osTimerCall)
    osTimerThread                            0x08001ab1   Thumb Code    38  rt_cmsis.o(i.osTimerThread)
    os_error                                 0x08001add   Thumb Code    34  rtx_conf_cm.o(i.os_error)
    os_idle_demon                            0x08001aff   Thumb Code     4  rtx_conf_cm.o(i.os_idle_demon)
    os_tick_init                             0x08001b05   Thumb Code    32  rt_system.o(i.os_tick_init)
    os_tick_irqack                           0x08001b2d   Thumb Code     2  rt_system.o(i.os_tick_irqack)
    rt_alloc_box                             0x08001b2f   Thumb Code    26  rt_membox.o(i.rt_alloc_box)
    rt_alloc_mem                             0x08001b49   Thumb Code    62  rt_memory.o(i.rt_alloc_mem)
    rt_block                                 0x08001b89   Thumb Code    48  rt_task.o(i.rt_block)
    rt_chk_robin                             0x08001bc1   Thumb Code    60  rt_robin.o(i.rt_chk_robin)
    rt_dec_dly                               0x08001c09   Thumb Code   102  rt_list.o(i.rt_dec_dly)
    rt_dispatch                              0x08001c79   Thumb Code    60  rt_task.o(i.rt_dispatch)
    rt_dly_wait                              0x08001cbd   Thumb Code     6  rt_time.o(i.rt_dly_wait)
    rt_evt_psh                               0x08001cc5   Thumb Code    76  rt_event.o(i.rt_evt_psh)
    rt_evt_set                               0x08001d15   Thumb Code    88  rt_event.o(i.rt_evt_set)
    rt_evt_wait                              0x08001d71   Thumb Code    56  rt_event.o(i.rt_evt_wait)
    rt_free_box                              0x08001dad   Thumb Code    44  rt_membox.o(i.rt_free_box)
    rt_free_mem                              0x08001dd9   Thumb Code    40  rt_memory.o(i.rt_free_mem)
    rt_get_first                             0x08001e01   Thumb Code    40  rt_list.o(i.rt_get_first)
    rt_init_mem                              0x08001e79   Thumb Code    26  rt_memory.o(i.rt_init_mem)
    rt_init_robin                            0x08001e95   Thumb Code    14  rt_robin.o(i.rt_init_robin)
    rt_init_stack                            0x08001ead   Thumb Code   118  hal_cm.o(i.rt_init_stack)
    rt_mbx_check                             0x08001f2d   Thumb Code     8  rt_mailbox.o(i.rt_mbx_check)
    rt_mbx_init                              0x08001f35   Thumb Code    26  rt_mailbox.o(i.rt_mbx_init)
    rt_mbx_psh                               0x08001f51   Thumb Code   236  rt_mailbox.o(i.rt_mbx_psh)
    rt_mbx_send                              0x08002041   Thumb Code   148  rt_mailbox.o(i.rt_mbx_send)
    rt_mbx_wait                              0x080020d9   Thumb Code   174  rt_mailbox.o(i.rt_mbx_wait)
    rt_mut_release                           0x080021d1   Thumb Code   208  rt_mutex.o(i.rt_mut_release)
    rt_mut_wait                              0x080022a9   Thumb Code   114  rt_mutex.o(i.rt_mut_wait)
    rt_pop_req                               0x08002321   Thumb Code   112  rt_system.o(i.rt_pop_req)
    rt_psh_req                               0x0800239d   Thumb Code    22  rt_system.o(i.rt_psh_req)
    rt_psq_enq                               0x080023bd   Thumb Code    88  rt_list.o(i.rt_psq_enq)
    rt_put_dly                               0x08002419   Thumb Code    68  rt_list.o(i.rt_put_dly)
    rt_put_prio                              0x08002461   Thumb Code    54  rt_list.o(i.rt_put_prio)
    rt_put_rdy_first                         0x08002499   Thumb Code    14  rt_list.o(i.rt_put_rdy_first)
    rt_resort_prio                           0x080024ad   Thumb Code    46  rt_list.o(i.rt_resort_prio)
    rt_ret_val                               0x080024e1   Thumb Code     6  hal_cm.o(i.rt_ret_val)
    rt_ret_val2                              0x080024e7   Thumb Code     8  hal_cm.o(i.rt_ret_val2)
    rt_rmv_dly                               0x080024ef   Thumb Code    40  rt_list.o(i.rt_rmv_dly)
    rt_rmv_list                              0x08002519   Thumb Code    44  rt_list.o(i.rt_rmv_list)
    rt_sem_psh                               0x08002549   Thumb Code    48  rt_semaphore.o(i.rt_sem_psh)
    rt_stk_check                             0x0800257d   Thumb Code    28  rt_system.o(i.rt_stk_check)
    rt_switch_req                            0x080025a1   Thumb Code    30  rt_task.o(i.rt_switch_req)
    rt_sys_init                              0x080025c9   Thumb Code   138  rt_task.o(i.rt_sys_init)
    rt_sys_start                             0x08002695   Thumb Code   110  rt_task.o(i.rt_sys_start)
    rt_systick                               0x0800270d   Thumb Code    50  rt_system.o(i.rt_systick)
    rt_tsk_create                            0x08002795   Thumb Code   118  rt_task.o(i.rt_tsk_create)
    rt_tsk_delete                            0x0800281d   Thumb Code   352  rt_task.o(i.rt_tsk_delete)
    rt_tsk_prio                              0x08002999   Thumb Code   108  rt_task.o(i.rt_tsk_prio)
    rt_tsk_self                              0x08002a15   Thumb Code    12  rt_task.o(i.rt_tsk_self)
    svcDelay                                 0x08002a25   Thumb Code    18  rt_cmsis.o(i.svcDelay)
    svcKernelInitialize                      0x08002a39   Thumb Code    80  rt_cmsis.o(i.svcKernelInitialize)
    svcKernelStart                           0x08002aa9   Thumb Code    62  rt_cmsis.o(i.svcKernelStart)
    svcMessageCreate                         0x08002af1   Thumb Code    36  rt_cmsis.o(i.svcMessageCreate)
    svcMessageGet                            0x08002b15   Thumb Code    58  rt_cmsis.o(i.svcMessageGet)
    svcMessagePut                            0x08002b4f   Thumb Code    54  rt_cmsis.o(i.svcMessagePut)
    svcPoolCreate                            0x08002b85   Thumb Code    40  rt_cmsis.o(i.svcPoolCreate)
    svcSignalSet                             0x08002bad   Thumb Code    36  rt_cmsis.o(i.svcSignalSet)
    svcSignalWait                            0x08002bd1   Thumb Code    80  rt_cmsis.o(i.svcSignalWait)
    svcThreadCreate                          0x08002c25   Thumb Code    96  rt_cmsis.o(i.svcThreadCreate)
    svcThreadGetId                           0x08002c91   Thumb Code    22  rt_cmsis.o(i.svcThreadGetId)
    svcThreadTerminate                       0x08002cad   Thumb Code    50  rt_cmsis.o(i.svcThreadTerminate)
    svcTimerCall                             0x08002ce5   Thumb Code    24  rt_cmsis.o(i.svcTimerCall)
    sysPoolAlloc                             0x08002cfd   Thumb Code    10  rt_cmsis.o(i.sysPoolAlloc)
    sysPoolFree                              0x08002d07   Thumb Code    20  rt_cmsis.o(i.sysPoolFree)
    sysTimerTick                             0x08002d1d   Thumb Code    84  rt_cmsis.o(i.sysTimerTick)
    timeout_thread                           0x08002d79   Thumb Code    40  timeoutthread.o(i.timeout_thread)
    uart1_init                               0x08002da9   Thumb Code   194  usart.o(i.uart1_init)
    uart2_init                               0x08002e75   Thumb Code   196  usart.o(i.uart2_init)
    uart3_init                               0x08002f41   Thumb Code   200  usart.o(i.uart3_init)
    uart4_init                               0x08003011   Thumb Code   200  usart.o(i.uart4_init)
    uart5_init                               0x080030e1   Thumb Code   196  usart.o(i.uart5_init)
    uart_init                                0x080031b1   Thumb Code    52  usart.o(i.uart_init)
    uart_receive_thread                      0x080031e5   Thumb Code   236  uartthread.o(i.uart_receive_thread)
    uart_send_datas                          0x08003321   Thumb Code    52  uartthread.o(i.uart_send_datas)
    uart_send_thread                         0x08003355   Thumb Code   126  uartthread.o(i.uart_send_thread)
    uart_test_thread                         0x080033f9   Thumb Code   100  uarttestthread.o(i.uart_test_thread)
    os_thread_def_uart_test_thread           0x0800346c   Data          16  uarttestthread.o(.constdata)
    os_thread_def_led_thread                 0x0800347c   Data          16  ledthread.o(.constdata)
    os_pool_def_uart_send_mpool              0x0800348c   Data          12  uartthread.o(.constdata)
    os_messageQ_def_uart_send_queue          0x08003498   Data           8  uartthread.o(.constdata)
    os_pool_def_uart_receive_mpool           0x080034a0   Data          12  uartthread.o(.constdata)
    os_messageQ_def_uart_receive_queue       0x080034ac   Data           8  uartthread.o(.constdata)
    os_thread_def_uart_send_thread           0x080034b4   Data          16  uartthread.o(.constdata)
    os_thread_def_uart_receive_thread        0x080034c4   Data          16  uartthread.o(.constdata)
    os_thread_def_key_thread                 0x080034d4   Data          16  keythread.o(.constdata)
    os_thread_def_timeout_thread             0x080034e4   Data          16  timeoutthread.o(.constdata)
    Pin_LED                                  0x080034f4   Data           8  led.o(.constdata)
    os_maxtaskrun                            0x080034fc   Data           2  rtx_conf_cm.o(.constdata)
    os_stackinfo                             0x08003500   Data           4  rtx_conf_cm.o(.constdata)
    os_rrobin                                0x08003504   Data           4  rtx_conf_cm.o(.constdata)
    os_tickfreq                              0x08003508   Data           4  rtx_conf_cm.o(.constdata)
    os_tickus_i                              0x0800350c   Data           2  rtx_conf_cm.o(.constdata)
    os_tickus_f                              0x0800350e   Data           2  rtx_conf_cm.o(.constdata)
    os_trv                                   0x08003510   Data           4  rtx_conf_cm.o(.constdata)
    os_flags                                 0x08003514   Data           1  rtx_conf_cm.o(.constdata)
    CMSIS_RTOS_API_Version                   0x08003518   Data           4  rtx_conf_cm.o(.constdata)
    CMSIS_RTOS_RTX_Version                   0x0800351c   Data           4  rtx_conf_cm.o(.constdata)
    os_clockrate                             0x08003520   Data           4  rtx_conf_cm.o(.constdata)
    os_timernum                              0x08003524   Data           4  rtx_conf_cm.o(.constdata)
    mp_tcb_size                              0x08003528   Data           2  rtx_conf_cm.o(.constdata)
    mp_stk_size                              0x0800352c   Data           4  rtx_conf_cm.o(.constdata)
    os_stack_sz                              0x08003530   Data           4  rtx_conf_cm.o(.constdata)
    os_fifo_size                             0x08003534   Data           1  rtx_conf_cm.o(.constdata)
    os_thread_def_osTimerThread              0x08003538   Data          16  rtx_conf_cm.o(.constdata)
    os_messageQ_def_osTimerMessageQ          0x08003548   Data           8  rtx_conf_cm.o(.constdata)
    mp_tmr_size                              0x08003550   Data           2  rtx_conf_cm.o(.constdata)
    os_thread_def_main                       0x08003554   Data          16  rtx_conf_cm.o(.constdata)
    Region$$Table$$Base                      0x08003564   Number         0  anon$$obj.o(Region$$Table)
    Region$$Table$$Limit                     0x08003584   Number         0  anon$$obj.o(Region$$Table)
    main_id                                  0x20000000   Data           4  main.o(.data)
    uart_test_thread_id                      0x20000004   Data           4  uarttestthread.o(.data)
    led_thread_id                            0x20000008   Data           4  ledthread.o(.data)
    uart_send_mpool                          0x2000000c   Data           4  uartthread.o(.data)
    uart_send_queue                          0x20000010   Data           4  uartthread.o(.data)
    uart_receive_mpool                       0x20000014   Data           4  uartthread.o(.data)
    uart_receive_queue                       0x20000018   Data           4  uartthread.o(.data)
    uart1_send_thread_id                     0x2000001c   Data           4  uartthread.o(.data)
    uart2_send_thread_id                     0x20000020   Data           4  uartthread.o(.data)
    uart3_send_thread_id                     0x20000024   Data           4  uartthread.o(.data)
    uart4_send_thread_id                     0x20000028   Data           4  uartthread.o(.data)
    uart5_send_thread_id                     0x2000002c   Data           4  uartthread.o(.data)
    uart1_receive_thread_id                  0x20000030   Data           4  uartthread.o(.data)
    uart2_receive_thread_id                  0x20000034   Data           4  uartthread.o(.data)
    uart3_receive_thread_id                  0x20000038   Data           4  uartthread.o(.data)
    uart4_receive_thread_id                  0x2000003c   Data           4  uartthread.o(.data)
    uart5_receive_thread_id                  0x20000040   Data           4  uartthread.o(.data)
    current_uart_receive_thread_id           0x20000044   Data           4  uartthread.o(.data)
    uart_frame_start                         0x20000048   Data           1  uartthread.o(.data)
    uart_receive_timerstart                  0x20000049   Data           1  uartthread.o(.data)
    uart_receive_timecount                   0x2000004a   Data           1  uartthread.o(.data)
    uart_receive_overtime                    0x2000004b   Data           1  uartthread.o(.data)
    uart_receive_datacount                   0x2000004c   Data           2  uartthread.o(.data)
    key0_pressed                             0x20000050   Data           1  keythread.o(.data)
    key1_pressed                             0x20000051   Data           1  keythread.o(.data)
    key_thread_id                            0x20000054   Data           4  keythread.o(.data)
    timeout_thread_id                        0x20000058   Data           4  timeoutthread.o(.data)
    key0_press_falg                          0x2000005c   Data           1  key.o(.data)
    key1_press_falg                          0x2000005d   Data           1  key.o(.data)
    osThreadId_osTimerThread                 0x20000060   Data           4  rtx_conf_cm.o(.data)
    osMessageQId_osTimerMessageQ             0x20000064   Data           4  rtx_conf_cm.o(.data)
    os_tmr                                   0x20000068   Data           4  rtx_conf_cm.o(.data)
    m_tmr                                    0x2000006c   Data           4  rtx_conf_cm.o(.data)
    os_initialized                           0x20000088   Data           1  rt_cmsis.o(.data)
    os_running                               0x20000089   Data           1  rt_cmsis.o(.data)
    os_timer_head                            0x2000008c   Data           4  rt_cmsis.o(.data)
    os_tsk                                   0x20000090   Data           8  rt_task.o(.data)
    os_tick_irqn                             0x2000009c   Data           4  rt_system.o(.data)
    os_time                                  0x200000a0   Data           4  rt_time.o(.data)
    os_robin                                 0x200000a4   Data           8  rt_robin.o(.data)
    dbg_msg                                  0x200000ac   Data           1  hal_cm.o(.data)
    os_pool_m_uart_send_mpool                0x200000b0   Data         220  uartthread.o(.bss)
    os_messageQ_q_uart_send_queue            0x2000018c   Data          20  uartthread.o(.bss)
    os_pool_m_uart_receive_mpool             0x200001a0   Data         220  uartthread.o(.bss)
    os_messageQ_q_uart_receive_queue         0x2000027c   Data          20  uartthread.o(.bss)
    mp_tcb                                   0x20000290   Data         584  rtx_conf_cm.o(.bss)
    mp_stk                                   0x200004d8   Data        2016  rtx_conf_cm.o(.bss)
    os_stack_mem                             0x20000cb8   Data         432  rtx_conf_cm.o(.bss)
    os_fifo                                  0x20000e68   Data         132  rtx_conf_cm.o(.bss)
    os_active_TCB                            0x20000eec   Data          44  rtx_conf_cm.o(.bss)
    os_messageQ_q_osTimerMessageQ            0x20000f18   Data          32  rtx_conf_cm.o(.bss)
    os_idle_TCB                              0x200013d8   Data          52  rt_task.o(.bss)
    os_rdy                                   0x2000140c   Data          24  rt_list.o(.bss)
    os_dly                                   0x20001424   Data          24  rt_list.o(.bss)
    __libspace_start                         0x2000143c   Data          96  libspace.o(.bss)
    __temporary_stack_top$libspace           0x2000149c   Data           0  libspace.o(.bss)



==============================================================================

Memory Map of the image

  Image Entry point : 0x08000131

  Load Region LR_IROM1 (Base: 0x08000000, Size: 0x00003634, Max: 0x00040000, ABSOLUTE)

    Execution Region ER_IROM1 (Exec base: 0x08000000, Load base: 0x08000000, Size: 0x00003584, Max: 0x00040000, ABSOLUTE)

    Exec Addr    Load Addr    Size         Type   Attr      Idx    E Section Name        Object

    0x08000000   0x08000000   0x00000130   Data   RO         4182    RESET               startup_stm32f10x_hd.o
    0x08000130   0x08000130   0x00000008   Code   RO         5452  * !!!main             c_w.l(__main.o)
    0x08000138   0x08000138   0x00000034   Code   RO         5613    !!!scatter          c_w.l(__scatter.o)
    0x0800016c   0x0800016c   0x0000001a   Code   RO         5615    !!handler_copy      c_w.l(__scatter_copy.o)
    0x08000186   0x08000186   0x00000002   PAD
    0x08000188   0x08000188   0x0000001c   Code   RO         5617    !!handler_zi        c_w.l(__scatter_zi.o)
    0x080001a4   0x080001a4   0x00000002   Code   RO         5499    .ARM.Collect$$libinit$$00000000  c_w.l(libinit.o)
    0x080001a6   0x080001a6   0x00000000   Code   RO         5511    .ARM.Collect$$libinit$$00000002  c_w.l(libinit2.o)
    0x080001a6   0x080001a6   0x00000000   Code   RO         5513    .ARM.Collect$$libinit$$00000004  c_w.l(libinit2.o)
    0x080001a6   0x080001a6   0x00000000   Code   RO         5516    .ARM.Collect$$libinit$$0000000A  c_w.l(libinit2.o)
    0x080001a6   0x080001a6   0x00000000   Code   RO         5518    .ARM.Collect$$libinit$$0000000C  c_w.l(libinit2.o)
    0x080001a6   0x080001a6   0x00000000   Code   RO         5520    .ARM.Collect$$libinit$$0000000E  c_w.l(libinit2.o)
    0x080001a6   0x080001a6   0x00000000   Code   RO         5523    .ARM.Collect$$libinit$$00000011  c_w.l(libinit2.o)
    0x080001a6   0x080001a6   0x00000000   Code   RO         5525    .ARM.Collect$$libinit$$00000013  c_w.l(libinit2.o)
    0x080001a6   0x080001a6   0x00000000   Code   RO         5527    .ARM.Collect$$libinit$$00000015  c_w.l(libinit2.o)
    0x080001a6   0x080001a6   0x00000000   Code   RO         5529    .ARM.Collect$$libinit$$00000017  c_w.l(libinit2.o)
    0x080001a6   0x080001a6   0x00000000   Code   RO         5531    .ARM.Collect$$libinit$$00000019  c_w.l(libinit2.o)
    0x080001a6   0x080001a6   0x00000000   Code   RO         5533    .ARM.Collect$$libinit$$0000001B  c_w.l(libinit2.o)
    0x080001a6   0x080001a6   0x00000000   Code   RO         5535    .ARM.Collect$$libinit$$0000001D  c_w.l(libinit2.o)
    0x080001a6   0x080001a6   0x00000000   Code   RO         5537    .ARM.Collect$$libinit$$0000001F  c_w.l(libinit2.o)
    0x080001a6   0x080001a6   0x00000000   Code   RO         5539    .ARM.Collect$$libinit$$00000021  c_w.l(libinit2.o)
    0x080001a6   0x080001a6   0x00000000   Code   RO         5541    .ARM.Collect$$libinit$$00000023  c_w.l(libinit2.o)
    0x080001a6   0x080001a6   0x00000000   Code   RO         5543    .ARM.Collect$$libinit$$00000025  c_w.l(libinit2.o)
    0x080001a6   0x080001a6   0x00000000   Code   RO         5547    .ARM.Collect$$libinit$$0000002C  c_w.l(libinit2.o)
    0x080001a6   0x080001a6   0x00000000   Code   RO         5549    .ARM.Collect$$libinit$$0000002E  c_w.l(libinit2.o)
    0x080001a6   0x080001a6   0x00000000   Code   RO         5551    .ARM.Collect$$libinit$$00000030  c_w.l(libinit2.o)
    0x080001a6   0x080001a6   0x00000000   Code   RO         5553    .ARM.Collect$$libinit$$00000032  c_w.l(libinit2.o)
    0x080001a6   0x080001a6   0x00000002   Code   RO         5554    .ARM.Collect$$libinit$$00000033  c_w.l(libinit2.o)
    0x080001a8   0x080001a8   0x00000002   Code   RO         5500    .ARM.Collect$$libshutdown$$00000000  c_w.l(libshutdown.o)
    0x080001aa   0x080001aa   0x00000000   Code   RO         5556    .ARM.Collect$$libshutdown$$00000002  c_w.l(libshutdown2.o)
    0x080001aa   0x080001aa   0x00000000   Code   RO         5558    .ARM.Collect$$libshutdown$$00000004  c_w.l(libshutdown2.o)
    0x080001aa   0x080001aa   0x00000000   Code   RO         5561    .ARM.Collect$$libshutdown$$00000007  c_w.l(libshutdown2.o)
    0x080001aa   0x080001aa   0x00000000   Code   RO         5564    .ARM.Collect$$libshutdown$$0000000A  c_w.l(libshutdown2.o)
    0x080001aa   0x080001aa   0x00000000   Code   RO         5566    .ARM.Collect$$libshutdown$$0000000C  c_w.l(libshutdown2.o)
    0x080001aa   0x080001aa   0x00000000   Code   RO         5569    .ARM.Collect$$libshutdown$$0000000F  c_w.l(libshutdown2.o)
    0x080001aa   0x080001aa   0x00000002   Code   RO         5570    .ARM.Collect$$libshutdown$$00000010  c_w.l(libshutdown2.o)
    0x080001ac   0x080001ac   0x00000000   Code   RO         5454    .ARM.Collect$$rtentry$$00000000  c_w.l(__rtentry.o)
    0x080001ac   0x080001ac   0x00000000   Code   RO         5462    .ARM.Collect$$rtentry$$00000002  c_w.l(__rtentry2.o)
    0x080001ac   0x080001ac   0x00000006   Code   RO         5474    .ARM.Collect$$rtentry$$00000004  c_w.l(__rtentry4.o)
    0x080001b2   0x080001b2   0x00000000   Code   RO         5464    .ARM.Collect$$rtentry$$00000009  c_w.l(__rtentry2.o)
    0x080001b2   0x080001b2   0x00000004   Code   RO         5465    .ARM.Collect$$rtentry$$0000000A  c_w.l(__rtentry2.o)
    0x080001b6   0x080001b6   0x00000008   Code   RO         5466    .ARM.Collect$$rtentry$$0000000B  c_w.l(__rtentry2.o)
    0x080001be   0x080001be   0x00000008   Code   RO         5468    .ARM.Collect$$rtentry$$0000000D  c_w.l(__rtentry2.o)
    0x080001c6   0x080001c6   0x00000002   Code   RO         5455    .ARM.Collect$$rtexit$$00000000  c_w.l(rtexit.o)
    0x080001c8   0x080001c8   0x00000000   Code   RO         5477    .ARM.Collect$$rtexit$$00000002  c_w.l(rtexit2.o)
    0x080001c8   0x080001c8   0x00000004   Code   RO         5478    .ARM.Collect$$rtexit$$00000003  c_w.l(rtexit2.o)
    0x080001cc   0x080001cc   0x00000006   Code   RO         5479    .ARM.Collect$$rtexit$$00000004  c_w.l(rtexit2.o)
    0x080001d2   0x080001d2   0x00000002   PAD
    0x080001d4   0x080001d4   0x0000001c   Code   RO          621    .emb_text           rtx_conf_cm.o
    0x080001f0   0x080001f0   0x00000130   Code   RO         5428    .emb_text           RTX_CM3.lib(hal_cm3.o)
    0x08000320   0x08000320   0x00000040   Code   RO         4183    .text               startup_stm32f10x_hd.o
    0x08000360   0x08000360   0x00000008   Code   RO         5443    .text               c_w.l(libspace.o)
    0x08000368   0x08000368   0x00000012   Code   RO         5448    .text               c_w.l(exit.o)
    0x0800037a   0x0800037a   0x00000006   Code   RO         5450    .text               c_w.l(heapauxi.o)
    0x08000380   0x08000380   0x0000000c   Code   RO         5485    .text               c_w.l(sys_exit.o)
    0x0800038c   0x0800038c   0x0000004a   Code   RO         5487    .text               c_w.l(sys_stackheap_outer.o)
    0x080003d6   0x080003d6   0x00000002   Code   RO         5501    .text               c_w.l(use_no_semi.o)
    0x080003d8   0x080003d8   0x00000000   Code   RO         5503    .text               c_w.l(indicate_semi.o)
    0x080003d8   0x080003d8   0x00000004   Code   RO         5438    SVC_TABLE           RTX_CM3.lib(svc_table.o)
    0x080003dc   0x080003dc   0x00000002   Code   RO         3925    i.DMA1_Channel1_Event  dma_stm32f10x.o
    0x080003de   0x080003de   0x00000002   PAD
    0x080003e0   0x080003e0   0x0000001c   Code   RO         3926    i.DMA1_Channel1_IRQHandler  dma_stm32f10x.o
    0x080003fc   0x080003fc   0x00000002   Code   RO         3927    i.DMA1_Channel2_Event  dma_stm32f10x.o
    0x080003fe   0x080003fe   0x00000002   PAD
    0x08000400   0x08000400   0x0000001c   Code   RO         3928    i.DMA1_Channel2_IRQHandler  dma_stm32f10x.o
    0x0800041c   0x0800041c   0x00000002   Code   RO         3929    i.DMA1_Channel3_Event  dma_stm32f10x.o
    0x0800041e   0x0800041e   0x00000002   PAD
    0x08000420   0x08000420   0x0000001c   Code   RO         3930    i.DMA1_Channel3_IRQHandler  dma_stm32f10x.o
    0x0800043c   0x0800043c   0x00000002   Code   RO         3931    i.DMA1_Channel4_Event  dma_stm32f10x.o
    0x0800043e   0x0800043e   0x00000002   PAD
    0x08000440   0x08000440   0x0000001c   Code   RO         3932    i.DMA1_Channel4_IRQHandler  dma_stm32f10x.o
    0x0800045c   0x0800045c   0x00000002   Code   RO         3933    i.DMA1_Channel5_Event  dma_stm32f10x.o
    0x0800045e   0x0800045e   0x00000002   PAD
    0x08000460   0x08000460   0x0000001c   Code   RO         3934    i.DMA1_Channel5_IRQHandler  dma_stm32f10x.o
    0x0800047c   0x0800047c   0x00000002   Code   RO         3935    i.DMA1_Channel6_Event  dma_stm32f10x.o
    0x0800047e   0x0800047e   0x00000002   PAD
    0x08000480   0x08000480   0x0000001c   Code   RO         3936    i.DMA1_Channel6_IRQHandler  dma_stm32f10x.o
    0x0800049c   0x0800049c   0x00000002   Code   RO         3937    i.DMA1_Channel7_Event  dma_stm32f10x.o
    0x0800049e   0x0800049e   0x00000002   PAD
    0x080004a0   0x080004a0   0x0000001c   Code   RO         3938    i.DMA1_Channel7_IRQHandler  dma_stm32f10x.o
    0x080004bc   0x080004bc   0x00000002   Code   RO         3939    i.DMA2_Channel1_Event  dma_stm32f10x.o
    0x080004be   0x080004be   0x00000002   PAD
    0x080004c0   0x080004c0   0x0000001c   Code   RO         3940    i.DMA2_Channel1_IRQHandler  dma_stm32f10x.o
    0x080004dc   0x080004dc   0x00000002   Code   RO         3941    i.DMA2_Channel2_Event  dma_stm32f10x.o
    0x080004de   0x080004de   0x00000002   PAD
    0x080004e0   0x080004e0   0x00000020   Code   RO         3942    i.DMA2_Channel2_IRQHandler  dma_stm32f10x.o
    0x08000500   0x08000500   0x00000002   Code   RO         3943    i.DMA2_Channel3_Event  dma_stm32f10x.o
    0x08000502   0x08000502   0x00000002   PAD
    0x08000504   0x08000504   0x00000020   Code   RO         3944    i.DMA2_Channel3_IRQHandler  dma_stm32f10x.o
    0x08000524   0x08000524   0x00000038   Code   RO         3945    i.DMA2_Channel4_5_IRQHandler  dma_stm32f10x.o
    0x0800055c   0x0800055c   0x00000002   Code   RO         3946    i.DMA2_Channel4_Event  dma_stm32f10x.o
    0x0800055e   0x0800055e   0x00000002   Code   RO         3948    i.DMA2_Channel5_Event  dma_stm32f10x.o
    0x08000560   0x08000560   0x00000028   Code   RO          582    i.EXTI15_10_IRQHandler  key.o
    0x08000588   0x08000588   0x00000028   Code   RO          583    i.EXTI1_IRQHandler  key.o
    0x080005b0   0x080005b0   0x00000094   Code   RO         1593    i.EXTI_Init         stm32f10x_exti.o
    0x08000644   0x08000644   0x00000040   Code   RO         1974    i.GPIO_EXTILineConfig  stm32f10x_gpio.o
    0x08000684   0x08000684   0x00000098   Code   RO         4139    i.GPIO_GetPortClockState  gpio_stm32f10x.o
    0x0800071c   0x0800071c   0x00000116   Code   RO         1977    i.GPIO_Init         stm32f10x_gpio.o
    0x08000832   0x08000832   0x00000078   Code   RO         4140    i.GPIO_PinConfigure  gpio_stm32f10x.o
    0x080008aa   0x080008aa   0x00000002   PAD
    0x080008ac   0x080008ac   0x0000013c   Code   RO         4141    i.GPIO_PortClock    gpio_stm32f10x.o
    0x080009e8   0x080009e8   0x00000028   Code   RO          336    i.Init_key_thread   keythread.o
    0x08000a10   0x08000a10   0x00000028   Code   RO          212    i.Init_led_thread   ledthread.o
    0x08000a38   0x08000a38   0x00000028   Code   RO          373    i.Init_timeout_thread  timeoutthread.o
    0x08000a60   0x08000a60   0x000000b4   Code   RO          240    i.Init_uart_receive_thread  uartthread.o
    0x08000b14   0x08000b14   0x000000b4   Code   RO          241    i.Init_uart_send_thread  uartthread.o
    0x08000bc8   0x08000bc8   0x00000028   Code   RO          177    i.Init_uart_test_thread  uarttestthread.o
    0x08000bf0   0x08000bf0   0x000000a0   Code   RO          584    i.KEY_Init          key.o
    0x08000c90   0x08000c90   0x0000005c   Code   RO          419    i.LED_Initialize    led.o
    0x08000cec   0x08000cec   0x00000030   Code   RO          420    i.LED_Off           led.o
    0x08000d1c   0x08000d1c   0x00000030   Code   RO          421    i.LED_On            led.o
    0x08000d4c   0x08000d4c   0x00000070   Code   RO          682    i.NVIC_Init         misc.o
    0x08000dbc   0x08000dbc   0x00000020   Code   RO         2441    i.RCC_APB1PeriphClockCmd  stm32f10x_rcc.o
    0x08000ddc   0x08000ddc   0x00000020   Code   RO         2442    i.RCC_APB1PeriphResetCmd  stm32f10x_rcc.o
    0x08000dfc   0x08000dfc   0x00000020   Code   RO         2443    i.RCC_APB2PeriphClockCmd  stm32f10x_rcc.o
    0x08000e1c   0x08000e1c   0x00000020   Code   RO         2444    i.RCC_APB2PeriphResetCmd  stm32f10x_rcc.o
    0x08000e3c   0x08000e3c   0x000000d4   Code   RO         2451    i.RCC_GetClocksFreq  stm32f10x_rcc.o
    0x08000f10   0x08000f10   0x00000008   Code   RO         4190    i.SetSysClock       system_stm32f10x.o
    0x08000f18   0x08000f18   0x000000e0   Code   RO         4191    i.SetSysClockTo72   system_stm32f10x.o
    0x08000ff8   0x08000ff8   0x00000060   Code   RO         4193    i.SystemInit        system_stm32f10x.o
    0x08001058   0x08001058   0x00000058   Code   RO          545    i.TIM2_IRQHandler   timer2.o
    0x080010b0   0x080010b0   0x0000005c   Code   RO          546    i.TIM2_Int_Init     timer2.o
    0x0800110c   0x0800110c   0x00000018   Code   RO         3123    i.TIM_Cmd           stm32f10x_tim.o
    0x08001124   0x08001124   0x00000012   Code   RO         3148    i.TIM_ITConfig      stm32f10x_tim.o
    0x08001136   0x08001136   0x00000002   PAD
    0x08001138   0x08001138   0x000000a4   Code   RO         3194    i.TIM_TimeBaseInit  stm32f10x_tim.o
    0x080011dc   0x080011dc   0x00000068   Code   RO          242    i.UART4_IRQHandler  uartthread.o
    0x08001244   0x08001244   0x00000068   Code   RO          243    i.UART5_IRQHandler  uartthread.o
    0x080012ac   0x080012ac   0x00000068   Code   RO          244    i.USART1_IRQHandler  uartthread.o
    0x08001314   0x08001314   0x00000068   Code   RO          245    i.USART2_IRQHandler  uartthread.o
    0x0800137c   0x0800137c   0x00000068   Code   RO          246    i.USART3_IRQHandler  uartthread.o
    0x080013e4   0x080013e4   0x00000012   Code   RO         3667    i.USART_ClearFlag   stm32f10x_usart.o
    0x080013f6   0x080013f6   0x00000018   Code   RO         3671    i.USART_Cmd         stm32f10x_usart.o
    0x0800140e   0x0800140e   0x00000002   PAD
    0x08001410   0x08001410   0x0000009c   Code   RO         3673    i.USART_DeInit      stm32f10x_usart.o
    0x080014ac   0x080014ac   0x0000001a   Code   RO         3674    i.USART_GetFlagStatus  stm32f10x_usart.o
    0x080014c6   0x080014c6   0x0000004a   Code   RO         3677    i.USART_ITConfig    stm32f10x_usart.o
    0x08001510   0x08001510   0x000000d8   Code   RO         3678    i.USART_Init        stm32f10x_usart.o
    0x080015e8   0x080015e8   0x0000000a   Code   RO         3685    i.USART_ReceiveData  stm32f10x_usart.o
    0x080015f2   0x080015f2   0x00000046   Code   RO         5327    i._init_box         RTX_CM3.lib(rt_membox.o)
    0x08001638   0x08001638   0x00000020   Code   RO          623    i._mutex_acquire    rtx_conf_cm.o
    0x08001658   0x08001658   0x0000001c   Code   RO          625    i._mutex_release    rtx_conf_cm.o
    0x08001674   0x08001674   0x00000030   Code   RO         5380    i.dbg_init          RTX_CM3.lib(hal_cm.o)
    0x080016a4   0x080016a4   0x00000020   Code   RO         5381    i.dbg_task_notify   RTX_CM3.lib(hal_cm.o)
    0x080016c4   0x080016c4   0x00000010   Code   RO         5382    i.dbg_task_switch   RTX_CM3.lib(hal_cm.o)
    0x080016d4   0x080016d4   0x0000002a   Code   RO         4236    i.isrMessageGet     RTX_CM3.lib(rt_cmsis.o)
    0x080016fe   0x080016fe   0x0000002c   Code   RO         4237    i.isrMessagePut     RTX_CM3.lib(rt_cmsis.o)
    0x0800172a   0x0800172a   0x00000024   Code   RO         4239    i.isrSignalSet      RTX_CM3.lib(rt_cmsis.o)
    0x0800174e   0x0800174e   0x00000002   PAD
    0x08001750   0x08001750   0x00000028   Code   RO         5064    i.isr_evt_set       RTX_CM3.lib(rt_event.o)
    0x08001778   0x08001778   0x00000056   Code   RO         5182    i.isr_mbx_receive   RTX_CM3.lib(rt_mailbox.o)
    0x080017ce   0x080017ce   0x0000000e   Code   RO         5183    i.isr_mbx_send      RTX_CM3.lib(rt_mailbox.o)
    0x080017dc   0x080017dc   0x00000070   Code   RO          337    i.key_thread        keythread.o
    0x0800184c   0x0800184c   0x00000024   Code   RO          213    i.led_thread        ledthread.o
    0x08001870   0x08001870   0x00000038   Code   RO            4    i.main              main.o
    0x080018a8   0x080018a8   0x00000018   Code   RO         4240    i.osDelay           RTX_CM3.lib(rt_cmsis.o)
    0x080018c0   0x080018c0   0x00000024   Code   RO         4241    i.osKernelInitialize  RTX_CM3.lib(rt_cmsis.o)
    0x080018e4   0x080018e4   0x0000006c   Code   RO         4243    i.osKernelStart     RTX_CM3.lib(rt_cmsis.o)
    0x08001950   0x08001950   0x0000002c   Code   RO         4251    i.osMessageCreate   RTX_CM3.lib(rt_cmsis.o)
    0x0800197c   0x0800197c   0x00000018   Code   RO         4252    i.osMessageGet      RTX_CM3.lib(rt_cmsis.o)
    0x08001994   0x08001994   0x00000018   Code   RO         4253    i.osMessagePut      RTX_CM3.lib(rt_cmsis.o)
    0x080019ac   0x080019ac   0x00000020   Code   RO         4258    i.osPoolAlloc       RTX_CM3.lib(rt_cmsis.o)
    0x080019cc   0x080019cc   0x0000002c   Code   RO         4260    i.osPoolCreate      RTX_CM3.lib(rt_cmsis.o)
    0x080019f8   0x080019f8   0x00000020   Code   RO         4261    i.osPoolFree        RTX_CM3.lib(rt_cmsis.o)
    0x08001a18   0x08001a18   0x00000018   Code   RO         4267    i.osSignalSet       RTX_CM3.lib(rt_cmsis.o)
    0x08001a30   0x08001a30   0x00000018   Code   RO         4268    i.osSignalWait      RTX_CM3.lib(rt_cmsis.o)
    0x08001a48   0x08001a48   0x0000002c   Code   RO         4269    i.osThreadCreate    RTX_CM3.lib(rt_cmsis.o)
    0x08001a74   0x08001a74   0x00000018   Code   RO         4270    i.osThreadExit      RTX_CM3.lib(rt_cmsis.o)
    0x08001a8c   0x08001a8c   0x00000018   Code   RO         4271    i.osThreadGetId     RTX_CM3.lib(rt_cmsis.o)
    0x08001aa4   0x08001aa4   0x0000000c   Code   RO         4276    i.osTimerCall       RTX_CM3.lib(rt_cmsis.o)
    0x08001ab0   0x08001ab0   0x0000002c   Code   RO         4281    i.osTimerThread     RTX_CM3.lib(rt_cmsis.o)
    0x08001adc   0x08001adc   0x00000022   Code   RO          626    i.os_error          rtx_conf_cm.o
    0x08001afe   0x08001afe   0x00000004   Code   RO          627    i.os_idle_demon     rtx_conf_cm.o
    0x08001b02   0x08001b02   0x00000002   PAD
    0x08001b04   0x08001b04   0x00000028   Code   RO         4974    i.os_tick_init      RTX_CM3.lib(rt_system.o)
    0x08001b2c   0x08001b2c   0x00000002   Code   RO         4975    i.os_tick_irqack    RTX_CM3.lib(rt_system.o)
    0x08001b2e   0x08001b2e   0x0000001a   Code   RO         5328    i.rt_alloc_box      RTX_CM3.lib(rt_membox.o)
    0x08001b48   0x08001b48   0x0000003e   Code   RO         5356    i.rt_alloc_mem      RTX_CM3.lib(rt_memory.o)
    0x08001b86   0x08001b86   0x00000002   PAD
    0x08001b88   0x08001b88   0x00000038   Code   RO         4855    i.rt_block          RTX_CM3.lib(rt_task.o)
    0x08001bc0   0x08001bc0   0x00000048   Code   RO         5305    i.rt_chk_robin      RTX_CM3.lib(rt_robin.o)
    0x08001c08   0x08001c08   0x00000070   Code   RO         5106    i.rt_dec_dly        RTX_CM3.lib(rt_list.o)
    0x08001c78   0x08001c78   0x00000044   Code   RO         4856    i.rt_dispatch       RTX_CM3.lib(rt_task.o)
    0x08001cbc   0x08001cbc   0x00000006   Code   RO         5272    i.rt_dly_wait       RTX_CM3.lib(rt_time.o)
    0x08001cc2   0x08001cc2   0x00000002   PAD
    0x08001cc4   0x08001cc4   0x00000050   Code   RO         5067    i.rt_evt_psh        RTX_CM3.lib(rt_event.o)
    0x08001d14   0x08001d14   0x0000005c   Code   RO         5068    i.rt_evt_set        RTX_CM3.lib(rt_event.o)
    0x08001d70   0x08001d70   0x0000003c   Code   RO         5069    i.rt_evt_wait       RTX_CM3.lib(rt_event.o)
    0x08001dac   0x08001dac   0x0000002c   Code   RO         5329    i.rt_free_box       RTX_CM3.lib(rt_membox.o)
    0x08001dd8   0x08001dd8   0x00000028   Code   RO         5357    i.rt_free_mem       RTX_CM3.lib(rt_memory.o)
    0x08001e00   0x08001e00   0x00000028   Code   RO         5107    i.rt_get_first      RTX_CM3.lib(rt_list.o)
    0x08001e28   0x08001e28   0x00000008   Code   RO         4286    i.rt_id2obj         RTX_CM3.lib(rt_cmsis.o)
    0x08001e30   0x08001e30   0x00000048   Code   RO         4857    i.rt_init_context   RTX_CM3.lib(rt_task.o)
    0x08001e78   0x08001e78   0x0000001a   Code   RO         5358    i.rt_init_mem       RTX_CM3.lib(rt_memory.o)
    0x08001e92   0x08001e92   0x00000002   PAD
    0x08001e94   0x08001e94   0x00000018   Code   RO         5306    i.rt_init_robin     RTX_CM3.lib(rt_robin.o)
    0x08001eac   0x08001eac   0x00000080   Code   RO         5383    i.rt_init_stack     RTX_CM3.lib(hal_cm.o)
    0x08001f2c   0x08001f2c   0x00000008   Code   RO         5184    i.rt_mbx_check      RTX_CM3.lib(rt_mailbox.o)
    0x08001f34   0x08001f34   0x0000001a   Code   RO         5185    i.rt_mbx_init       RTX_CM3.lib(rt_mailbox.o)
    0x08001f4e   0x08001f4e   0x00000002   PAD
    0x08001f50   0x08001f50   0x000000f0   Code   RO         5186    i.rt_mbx_psh        RTX_CM3.lib(rt_mailbox.o)
    0x08002040   0x08002040   0x00000098   Code   RO         5187    i.rt_mbx_send       RTX_CM3.lib(rt_mailbox.o)
    0x080020d8   0x080020d8   0x000000b4   Code   RO         5188    i.rt_mbx_wait       RTX_CM3.lib(rt_mailbox.o)
    0x0800218c   0x0800218c   0x00000044   Code   RO         4287    i.rt_ms2tick        RTX_CM3.lib(rt_cmsis.o)
    0x080021d0   0x080021d0   0x000000d8   Code   RO         4941    i.rt_mut_release    RTX_CM3.lib(rt_mutex.o)
    0x080022a8   0x080022a8   0x00000078   Code   RO         4942    i.rt_mut_wait       RTX_CM3.lib(rt_mutex.o)
    0x08002320   0x08002320   0x0000007c   Code   RO         4978    i.rt_pop_req        RTX_CM3.lib(rt_system.o)
    0x0800239c   0x0800239c   0x00000020   Code   RO         4979    i.rt_psh_req        RTX_CM3.lib(rt_system.o)
    0x080023bc   0x080023bc   0x0000005c   Code   RO         5109    i.rt_psq_enq        RTX_CM3.lib(rt_list.o)
    0x08002418   0x08002418   0x00000048   Code   RO         5110    i.rt_put_dly        RTX_CM3.lib(rt_list.o)
    0x08002460   0x08002460   0x00000036   Code   RO         5111    i.rt_put_prio       RTX_CM3.lib(rt_list.o)
    0x08002496   0x08002496   0x00000002   PAD
    0x08002498   0x08002498   0x00000014   Code   RO         5112    i.rt_put_rdy_first  RTX_CM3.lib(rt_list.o)
    0x080024ac   0x080024ac   0x00000034   Code   RO         5113    i.rt_resort_prio    RTX_CM3.lib(rt_list.o)
    0x080024e0   0x080024e0   0x00000006   Code   RO         5384    i.rt_ret_val        RTX_CM3.lib(hal_cm.o)
    0x080024e6   0x080024e6   0x00000008   Code   RO         5385    i.rt_ret_val2       RTX_CM3.lib(hal_cm.o)
    0x080024ee   0x080024ee   0x00000028   Code   RO         5114    i.rt_rmv_dly        RTX_CM3.lib(rt_list.o)
    0x08002516   0x08002516   0x00000002   PAD
    0x08002518   0x08002518   0x00000030   Code   RO         5115    i.rt_rmv_list       RTX_CM3.lib(rt_list.o)
    0x08002548   0x08002548   0x00000034   Code   RO         5233    i.rt_sem_psh        RTX_CM3.lib(rt_semaphore.o)
    0x0800257c   0x0800257c   0x00000024   Code   RO         4981    i.rt_stk_check      RTX_CM3.lib(rt_system.o)
    0x080025a0   0x080025a0   0x00000028   Code   RO         4858    i.rt_switch_req     RTX_CM3.lib(rt_task.o)
    0x080025c8   0x080025c8   0x000000cc   Code   RO         4859    i.rt_sys_init       RTX_CM3.lib(rt_task.o)
    0x08002694   0x08002694   0x00000078   Code   RO         4860    i.rt_sys_start      RTX_CM3.lib(rt_task.o)
    0x0800270c   0x0800270c   0x00000040   Code   RO         4983    i.rt_systick        RTX_CM3.lib(rt_system.o)
    0x0800274c   0x0800274c   0x00000012   Code   RO         4288    i.rt_tid2ptcb       RTX_CM3.lib(rt_cmsis.o)
    0x0800275e   0x0800275e   0x00000002   PAD
    0x08002760   0x08002760   0x00000034   Code   RO         4289    i.rt_timer_insert   RTX_CM3.lib(rt_cmsis.o)
    0x08002794   0x08002794   0x00000088   Code   RO         4861    i.rt_tsk_create     RTX_CM3.lib(rt_task.o)
    0x0800281c   0x0800281c   0x0000017c   Code   RO         4862    i.rt_tsk_delete     RTX_CM3.lib(rt_task.o)
    0x08002998   0x08002998   0x0000007c   Code   RO         4864    i.rt_tsk_prio       RTX_CM3.lib(rt_task.o)
    0x08002a14   0x08002a14   0x00000010   Code   RO         4865    i.rt_tsk_self       RTX_CM3.lib(rt_task.o)
    0x08002a24   0x08002a24   0x00000012   Code   RO         4291    i.svcDelay          RTX_CM3.lib(rt_cmsis.o)
    0x08002a36   0x08002a36   0x00000002   PAD
    0x08002a38   0x08002a38   0x00000070   Code   RO         4292    i.svcKernelInitialize  RTX_CM3.lib(rt_cmsis.o)
    0x08002aa8   0x08002aa8   0x00000048   Code   RO         4294    i.svcKernelStart    RTX_CM3.lib(rt_cmsis.o)
    0x08002af0   0x08002af0   0x00000024   Code   RO         4297    i.svcMessageCreate  RTX_CM3.lib(rt_cmsis.o)
    0x08002b14   0x08002b14   0x0000003a   Code   RO         4298    i.svcMessageGet     RTX_CM3.lib(rt_cmsis.o)
    0x08002b4e   0x08002b4e   0x00000036   Code   RO         4299    i.svcMessagePut     RTX_CM3.lib(rt_cmsis.o)
    0x08002b84   0x08002b84   0x00000028   Code   RO         4304    i.svcPoolCreate     RTX_CM3.lib(rt_cmsis.o)
    0x08002bac   0x08002bac   0x00000024   Code   RO         4310    i.svcSignalSet      RTX_CM3.lib(rt_cmsis.o)
    0x08002bd0   0x08002bd0   0x00000054   Code   RO         4311    i.svcSignalWait     RTX_CM3.lib(rt_cmsis.o)
    0x08002c24   0x08002c24   0x0000006c   Code   RO         4312    i.svcThreadCreate   RTX_CM3.lib(rt_cmsis.o)
    0x08002c90   0x08002c90   0x0000001c   Code   RO         4313    i.svcThreadGetId    RTX_CM3.lib(rt_cmsis.o)
    0x08002cac   0x08002cac   0x00000038   Code   RO         4316    i.svcThreadTerminate  RTX_CM3.lib(rt_cmsis.o)
    0x08002ce4   0x08002ce4   0x00000018   Code   RO         4318    i.svcTimerCall      RTX_CM3.lib(rt_cmsis.o)
    0x08002cfc   0x08002cfc   0x0000000a   Code   RO         4325    i.sysPoolAlloc      RTX_CM3.lib(rt_cmsis.o)
    0x08002d06   0x08002d06   0x00000014   Code   RO         4326    i.sysPoolFree       RTX_CM3.lib(rt_cmsis.o)
    0x08002d1a   0x08002d1a   0x00000002   PAD
    0x08002d1c   0x08002d1c   0x0000005c   Code   RO         4327    i.sysTimerTick      RTX_CM3.lib(rt_cmsis.o)
    0x08002d78   0x08002d78   0x00000030   Code   RO          374    i.timeout_thread    timeoutthread.o
    0x08002da8   0x08002da8   0x000000cc   Code   RO          484    i.uart1_init        usart.o
    0x08002e74   0x08002e74   0x000000cc   Code   RO          485    i.uart2_init        usart.o
    0x08002f40   0x08002f40   0x000000d0   Code   RO          486    i.uart3_init        usart.o
    0x08003010   0x08003010   0x000000d0   Code   RO          487    i.uart4_init        usart.o
    0x080030e0   0x080030e0   0x000000d0   Code   RO          488    i.uart5_init        usart.o
    0x080031b0   0x080031b0   0x00000034   Code   RO          489    i.uart_init         usart.o
    0x080031e4   0x080031e4   0x0000013c   Code   RO          247    i.uart_receive_thread  uartthread.o
    0x08003320   0x08003320   0x00000034   Code   RO          248    i.uart_send_datas   uartthread.o
    0x08003354   0x08003354   0x000000a4   Code   RO          249    i.uart_send_thread  uartthread.o
    0x080033f8   0x080033f8   0x00000074   Code   RO          178    i.uart_test_thread  uarttestthread.o
    0x0800346c   0x0800346c   0x00000010   Data   RO          179    .constdata          uarttestthread.o
    0x0800347c   0x0800347c   0x00000010   Data   RO          214    .constdata          ledthread.o
    0x0800348c   0x0800348c   0x00000048   Data   RO          251    .constdata          uartthread.o
    0x080034d4   0x080034d4   0x00000010   Data   RO          338    .constdata          keythread.o
    0x080034e4   0x080034e4   0x00000010   Data   RO          375    .constdata          timeoutthread.o
    0x080034f4   0x080034f4   0x00000008   Data   RO          424    .constdata          led.o
    0x080034fc   0x080034fc   0x00000068   Data   RO          629    .constdata          rtx_conf_cm.o
    0x08003564   0x08003564   0x00000020   Data   RO         5611    Region$$Table       anon$$obj.o


    Execution Region RW_IRAM1 (Exec base: 0x20000000, Load base: 0x08003584, Size: 0x00001aa0, Max: 0x0000c000, ABSOLUTE)

    Exec Addr    Load Addr    Size         Type   Attr      Idx    E Section Name        Object

    0x20000000   0x08003584   0x00000004   Data   RW            5    .data               main.o
    0x20000004   0x08003588   0x00000004   Data   RW          180    .data               uarttestthread.o
    0x20000008   0x0800358c   0x00000004   Data   RW          215    .data               ledthread.o
    0x2000000c   0x08003590   0x00000042   Data   RW          252    .data               uartthread.o
    0x2000004e   0x080035d2   0x00000002   PAD
    0x20000050   0x080035d4   0x00000008   Data   RW          339    .data               keythread.o
    0x20000058   0x080035dc   0x00000004   Data   RW          376    .data               timeoutthread.o
    0x2000005c   0x080035e0   0x00000002   Data   RW          585    .data               key.o
    0x2000005e   0x080035e2   0x00000002   PAD
    0x20000060   0x080035e4   0x00000014   Data   RW          630    .data               rtx_conf_cm.o
    0x20000074   0x080035f8   0x00000014   Data   RW         2471    .data               stm32f10x_rcc.o
    0x20000088   0x0800360c   0x00000008   Data   RW         4330    .data               RTX_CM3.lib(rt_cmsis.o)
    0x20000090   0x08003614   0x00000008   Data   RW         4867    .data               RTX_CM3.lib(rt_task.o)
    0x20000098   0x0800361c   0x00000008   Data   RW         4986    .data               RTX_CM3.lib(rt_system.o)
    0x200000a0   0x08003624   0x00000004   Data   RW         5276    .data               RTX_CM3.lib(rt_time.o)
    0x200000a4   0x08003628   0x00000008   Data   RW         5307    .data               RTX_CM3.lib(rt_robin.o)
    0x200000ac   0x08003630   0x00000001   Data   RW         5386    .data               RTX_CM3.lib(hal_cm.o)
    0x200000ad   0x08003631   0x00000003   PAD
    0x200000b0        -       0x000001e0   Zero   RW          250    .bss                uartthread.o
    0x20000290        -       0x00001148   Zero   RW          628    .bss                rtx_conf_cm.o
    0x200013d8        -       0x00000034   Zero   RW         4866    .bss                RTX_CM3.lib(rt_task.o)
    0x2000140c        -       0x00000030   Zero   RW         5116    .bss                RTX_CM3.lib(rt_list.o)
    0x2000143c        -       0x00000060   Zero   RW         5444    .bss                c_w.l(libspace.o)
    0x2000149c   0x08003631   0x00000004   PAD
    0x200014a0        -       0x00000200   Zero   RW         4181    HEAP                startup_stm32f10x_hd.o
    0x200016a0        -       0x00000400   Zero   RW         4180    STACK               startup_stm32f10x_hd.o


==============================================================================

Image component sizes


      Code (inc. data)   RO Data    RW Data    ZI Data      Debug   Object Name

       368         50          0          0          0      12419   dma_stm32f10x.o
       588         66          0          0          0       5814   gpio_stm32f10x.o
       240         34          0          2          0       1627   key.o
       152         30         16          8          0       1770   keythread.o
       188         14          8          0          0       5614   led.o
        76         10         16          4          0       1628   ledthread.o
        56          6          0          4          0     261595   main.o
       112         12          0          0          0       1316   misc.o
       126         26        104         20       4424       9067   rtx_conf_cm.o
        64         26        304          0       1536        796   startup_stm32f10x_hd.o
       148          6          0          0          0       1276   stm32f10x_exti.o
       342          4          0          0          0       2930   stm32f10x_gpio.o
       340         44          0         20          0       6084   stm32f10x_rcc.o
       206         42          0          0          0       2724   stm32f10x_tim.o
       524         28          0          0          0       6673   stm32f10x_usart.o
       328         28          0          0          0       2025   system_stm32f10x.o
        88         18         16          4          0       1708   timeoutthread.o
       180         16          0          0          0        942   timer2.o
       156         26         16          4          0       1860   uarttestthread.o
      1412        294         72         66        480       8646   uartthread.o
      1084         52          0          0          0       3581   usart.o

    ----------------------------------------------------------------------
      6806        832        584        136       6440     340095   Object Totals
         0          0         32          0          0          0   (incl. Generated)
        28          0          0          4          0          0   (incl. Padding)

    ----------------------------------------------------------------------

      Code (inc. data)   RO Data    RW Data    ZI Data      Debug   Library Member Name

       238         24          0          1          0       3312   hal_cm.o
       304         36          0          0          0        768   hal_cm3.o
      1680        200          0          8          0      42418   rt_cmsis.o
       272         18          0          0          0       2650   rt_event.o
       530         34          0          0         48       8253   rt_list.o
       706         14          0          0          0       4787   rt_mailbox.o
       140          0          0          0          0       1925   rt_membox.o
       128          0          0          0          0       2307   rt_memory.o
       336         14          0          0          0       1643   rt_mutex.o
        96         22          0          8          0       1158   rt_robin.o
        52          4          0          0          0        573   rt_semaphore.o
       298         52          0          8          0       6223   rt_system.o
      1216        174          0          8         52       9649   rt_task.o
         6          0          0          4          0        652   rt_time.o
         4          4          0          0          0        208   svc_table.o
         8          0          0          0          0         68   __main.o
         0          0          0          0          0          0   __rtentry.o
        20          0          0          0          0          0   __rtentry2.o
         6          0          0          0          0          0   __rtentry4.o
        52          8          0          0          0          0   __scatter.o
        26          0          0          0          0          0   __scatter_copy.o
        28          0          0          0          0          0   __scatter_zi.o
        18          0          0          0          0         80   exit.o
         6          0          0          0          0        152   heapauxi.o
         0          0          0          0          0          0   indicate_semi.o
         2          0          0          0          0          0   libinit.o
         2          0          0          0          0          0   libinit2.o
         2          0          0          0          0          0   libshutdown.o
         2          0          0          0          0          0   libshutdown2.o
         8          4          0          0         96         68   libspace.o
         2          0          0          0          0          0   rtexit.o
        10          0          0          0          0          0   rtexit2.o
        12          4          0          0          0         68   sys_exit.o
        74          0          0          0          0         80   sys_stackheap_outer.o
         2          0          0          0          0         68   use_no_semi.o

    ----------------------------------------------------------------------
      6310        612          0         40        200      87110   Library Totals
        24          0          0          3          4          0   (incl. Padding)

    ----------------------------------------------------------------------

      Code (inc. data)   RO Data    RW Data    ZI Data      Debug   Library Name

      6006        596          0         37        100      86526   RTX_CM3.lib
       280         16          0          0         96        584   c_w.l

    ----------------------------------------------------------------------
      6310        612          0         40        200      87110   Library Totals

    ----------------------------------------------------------------------

==============================================================================


      Code (inc. data)   RO Data    RW Data    ZI Data      Debug   

     13116       1444        584        176       6640     418153   Grand Totals
     13116       1444        584        176       6640     418153   ELF Image Totals
     13116       1444        584        176          0          0   ROM Totals

==============================================================================

    Total RO  Size (Code + RO Data)                13700 (  13.38kB)
    Total RW  Size (RW Data + ZI Data)              6816 (   6.66kB)
    Total ROM Size (Code + RO Data + RW Data)      13876 (  13.55kB)

==============================================================================

