Component: ARM Compiler 5.06 update 6 (build 750) Tool: armlink [4d35ed]

==============================================================================

Section Cross References

    main.o(i.main) refers to rt_cmsis.o(i.osThreadGetId) for osThreadGetId
    main.o(i.main) refers to rt_cmsis.o(i.osKernelInitialize) for osKernelInitialize
    main.o(i.main) refers to ledthread.o(i.Init_led_thread) for Init_led_thread
    main.o(i.main) refers to keythread.o(i.Init_key_thread) for Init_key_thread
    main.o(i.main) refers to timeoutthread.o(i.Init_timeout_thread) for Init_timeout_thread
    main.o(i.main) refers to uartthread.o(i.Init_uart_receive_thread) for Init_uart_receive_thread
    main.o(i.main) refers to uartthread.o(i.Init_uart_send_thread) for Init_uart_send_thread
    main.o(i.main) refers to luathread.o(i.Init_lua_thread) for Init_lua_thread
    main.o(i.main) refers to uarttestthread.o(i.Init_uart_test_thread) for Init_uart_test_thread
    main.o(i.main) refers to rt_cmsis.o(i.osKernelStart) for osKernelStart
    main.o(i.main) refers to main.o(.data) for main_id
    uarttestthread.o(i.Init_uart_test_thread) refers to rt_cmsis.o(i.osThreadCreate) for osThreadCreate
    uarttestthread.o(i.Init_uart_test_thread) refers to uarttestthread.o(.constdata) for os_thread_def_uart_test_thread
    uarttestthread.o(i.Init_uart_test_thread) refers to uarttestthread.o(.data) for uart_test_thread_id
    uarttestthread.o(i.uart_test_thread) refers to rt_cmsis.o(i.osMessageGet) for osMessageGet
    uarttestthread.o(i.uart_test_thread) refers to rt_cmsis.o(i.osPoolAlloc) for osPoolAlloc
    uarttestthread.o(i.uart_test_thread) refers to rt_cmsis.o(i.osMessagePut) for osMessagePut
    uarttestthread.o(i.uart_test_thread) refers to rt_cmsis.o(i.osSignalWait) for osSignalWait
    uarttestthread.o(i.uart_test_thread) refers to rt_cmsis.o(i.osPoolFree) for osPoolFree
    uarttestthread.o(i.uart_test_thread) refers to uarttestthread.o(.data) for uart_test_thread_id
    uarttestthread.o(i.uart_test_thread) refers to uartthread.o(.data) for uart1_current_send_thread_id
    uarttestthread.o(.constdata) refers to uarttestthread.o(i.uart_test_thread) for uart_test_thread
    ledthread.o(i.Init_led_thread) refers to rt_cmsis.o(i.osThreadCreate) for osThreadCreate
    ledthread.o(i.Init_led_thread) refers to ledthread.o(.constdata) for os_thread_def_led_thread
    ledthread.o(i.Init_led_thread) refers to ledthread.o(.data) for led_thread_id
    ledthread.o(i.led_thread) refers to led.o(i.LED_Initialize) for LED_Initialize
    ledthread.o(i.led_thread) refers to led.o(i.LED_On) for LED_On
    ledthread.o(i.led_thread) refers to rt_cmsis.o(i.osDelay) for osDelay
    ledthread.o(i.led_thread) refers to led.o(i.LED_Off) for LED_Off
    ledthread.o(.constdata) refers to ledthread.o(i.led_thread) for led_thread
    uartthread.o(i.Init_uart_receive_thread) refers to rt_cmsis.o(i.osThreadCreate) for osThreadCreate
    uartthread.o(i.Init_uart_receive_thread) refers to uartthread.o(.constdata) for os_thread_def_uart_receive_thread
    uartthread.o(i.Init_uart_receive_thread) refers to uartthread.o(.data) for uart1_receive_thread_id
    uartthread.o(i.Init_uart_send_thread) refers to rt_cmsis.o(i.osThreadCreate) for osThreadCreate
    uartthread.o(i.Init_uart_send_thread) refers to uartthread.o(.constdata) for os_thread_def_uart_send_thread
    uartthread.o(i.Init_uart_send_thread) refers to uartthread.o(.data) for uart1_send_thread_id
    uartthread.o(i.USART1_IRQHandler) refers to rt_cmsis.o(i.osSignalSet) for osSignalSet
    uartthread.o(i.USART1_IRQHandler) refers to uartthread.o(.data) for uart1_receive_thread_id
    uartthread.o(i.USART2_IRQHandler) refers to rt_cmsis.o(i.osSignalSet) for osSignalSet
    uartthread.o(i.USART2_IRQHandler) refers to uartthread.o(.data) for uart2_receive_thread_id
    uartthread.o(i.uart_receive_thread) refers to usart.o(i.uart_init) for uart_init
    uartthread.o(i.uart_receive_thread) refers to rt_cmsis.o(i.osPoolCreate) for osPoolCreate
    uartthread.o(i.uart_receive_thread) refers to rt_cmsis.o(i.osMessageCreate) for osMessageCreate
    uartthread.o(i.uart_receive_thread) refers to rt_cmsis.o(i.osSignalWait) for osSignalWait
    uartthread.o(i.uart_receive_thread) refers to rt_cmsis.o(i.osPoolAlloc) for osPoolAlloc
    uartthread.o(i.uart_receive_thread) refers to stm32f10x_usart.o(i.USART_ReceiveData) for USART_ReceiveData
    uartthread.o(i.uart_receive_thread) refers to rt_cmsis.o(i.osMessagePut) for osMessagePut
    uartthread.o(i.uart_receive_thread) refers to uartthread.o(.constdata) for os_pool_def_uart1_receive_mpool
    uartthread.o(i.uart_receive_thread) refers to uartthread.o(.data) for uart1_receive_mpool
    uartthread.o(i.uart_send_datas) refers to rt_cmsis.o(i.osSignalWait) for osSignalWait
    uartthread.o(i.uart_send_thread) refers to usart.o(i.uart_init) for uart_init
    uartthread.o(i.uart_send_thread) refers to rt_cmsis.o(i.osPoolCreate) for osPoolCreate
[...]
    0x0800d3c8   0x0800d3c8   0x0000009c   Code   RO         2457    i.luaB_costatus     lcorolib.o
    0x0800d464   0x0800d464   0x0000001c   Code   RO         2458    i.luaB_cowrap       lcorolib.o
    0x0800d480   0x0800d480   0x00000050   Code   RO         1847    i.luaB_dofile       lbaselib.o
    0x0800d4d0   0x0800d4d0   0x0000004a   Code   RO         1848    i.luaB_error        lbaselib.o
    0x0800d51a   0x0800d51a   0x00000002   PAD
    0x0800d51c   0x0800d51c   0x0000003c   Code   RO         1849    i.luaB_getmetatable  lbaselib.o
    0x0800d558   0x0800d558   0x00000030   Code   RO         1850    i.luaB_ipairs       lbaselib.o
    0x0800d588   0x0800d588   0x000000a8   Code   RO         1851    i.luaB_load         lbaselib.o
    0x0800d630   0x0800d630   0x00000050   Code   RO         1852    i.luaB_loadfile     lbaselib.o
    0x0800d680   0x0800d680   0x0000002e   Code   RO         1853    i.luaB_next         lbaselib.o
    0x0800d6ae   0x0800d6ae   0x00000002   PAD
    0x0800d6b0   0x0800d6b0   0x00000020   Code   RO         1854    i.luaB_pairs        lbaselib.o
    0x0800d6d0   0x0800d6d0   0x0000004c   Code   RO         1855    i.luaB_pcall        lbaselib.o
    0x0800d71c   0x0800d71c   0x000000cc   Code   RO         1856    i.luaB_print        lbaselib.o
    0x0800d7e8   0x0800d7e8   0x0000002c   Code   RO         1857    i.luaB_rawequal     lbaselib.o
    0x0800d814   0x0800d814   0x0000002a   Code   RO         1858    i.luaB_rawget       lbaselib.o
    0x0800d83e   0x0800d83e   0x00000002   PAD
    0x0800d840   0x0800d840   0x00000058   Code   RO         1859    i.luaB_rawlen       lbaselib.o
    0x0800d898   0x0800d898   0x00000032   Code   RO         1860    i.luaB_rawset       lbaselib.o
    0x0800d8ca   0x0800d8ca   0x00000002   PAD
    0x0800d8cc   0x0800d8cc   0x00000094   Code   RO         1861    i.luaB_select       lbaselib.o
    0x0800d960   0x0800d960   0x0000009c   Code   RO         1862    i.luaB_setmetatable  lbaselib.o
    0x0800d9fc   0x0800d9fc   0x000000d8   Code   RO         1863    i.luaB_tonumber     lbaselib.o
    0x0800dad4   0x0800dad4   0x0000001a   Code   RO         1864    i.luaB_tostring     lbaselib.o
    0x0800daee   0x0800daee   0x00000002   PAD
    0x0800daf0   0x0800daf0   0x00000044   Code   RO         1865    i.luaB_type         lbaselib.o
    0x0800db34   0x0800db34   0x00000058   Code   RO         1866    i.luaB_xpcall       lbaselib.o
    0x0800db8c   0x0800db8c   0x0000001a   Code   RO         2459    i.luaB_yield        lcorolib.o
    0x0800dba6   0x0800dba6   0x00000018   Code   RO         2460    i.luaB_yieldable    lcorolib.o
    0x0800dbbe   0x0800dbbe   0x00000034   Code   RO         3325    i.luaC_barrier_     lgc.o
    0x0800dbf2   0x0800dbf2   0x00000012   Code   RO         3326    i.luaC_barrierback_  lgc.o
    0x0800dc04   0x0800dc04   0x00000092   Code   RO         3327    i.luaC_checkfinalizer  lgc.o
    0x0800dc96   0x0800dc96   0x00000018   Code   RO         3328    i.luaC_fix          lgc.o
    0x0800dcae   0x0800dcae   0x0000004a   Code   RO         3329    i.luaC_freeallobjects  lgc.o
    0x0800dcf8   0x0800dcf8   0x0000004e   Code   RO         3330    i.luaC_fullgc       lgc.o
    0x0800dd46   0x0800dd46   0x00000034   Code   RO         3331    i.luaC_newobj       lgc.o
    0x0800dd7a   0x0800dd7a   0x00000020   Code   RO         3332    i.luaC_runtilstate  lgc.o
    0x0800dd9a   0x0800dd9a   0x00000002   PAD
    0x0800dd9c   0x0800dd9c   0x00000070   Code   RO         3333    i.luaC_step         lgc.o
    0x0800de0c   0x0800de0c   0x0000002a   Code   RO         3334    i.luaC_upvalbarrier_  lgc.o
    0x0800de36   0x0800de36   0x00000028   Code   RO         3335    i.luaC_upvdeccount  lgc.o
    0x0800de5e   0x0800de5e   0x0000003c   Code   RO         2954    i.luaD_call         ldo.o
    0x0800de9a   0x0800de9a   0x00000028   Code   RO         2955    i.luaD_callnoyield  ldo.o
    0x0800dec2   0x0800dec2   0x00000002   PAD
    0x0800dec4   0x0800dec4   0x00000070   Code   RO         2956    i.luaD_growstack    ldo.o
    0x0800df34   0x0800df34   0x0000008a   Code   RO         2957    i.luaD_hook         ldo.o
    0x0800dfbe   0x0800dfbe   0x00000024   Code   RO         2958    i.luaD_inctop       ldo.o
    0x0800dfe2   0x0800dfe2   0x0000006c   Code   RO         2959    i.luaD_pcall        ldo.o
    0x0800e04e   0x0800e04e   0x0000005e   Code   RO         2960    i.luaD_poscall      ldo.o
    0x0800e0ac   0x0800e0ac   0x000001c8   Code   RO         2961    i.luaD_precall      ldo.o
    0x0800e274   0x0800e274   0x0000009c   Code   RO         2962    i.luaD_protectedparser  ldo.o
    0x0800e310   0x0800e310   0x00000036   Code   RO         2963    i.luaD_rawrunprotected  ldo.o
    0x0800e346   0x0800e346   0x00000056   Code   RO         2964    i.luaD_reallocstack  ldo.o
    0x0800e39c   0x0800e39c   0x0000005c   Code   RO         2965    i.luaD_shrinkstack  ldo.o
    0x0800e3f8   0x0800e3f8   0x00000072   Code   RO         2966    i.luaD_throw        ldo.o
    0x0800e46a   0x0800e46a   0x00000028   Code   RO         4940    i.luaE_extendCI     lstate.o
    0x0800e492   0x0800e492   0x00000028   Code   RO         4941    i.luaE_freeCI       lstate.o
    0x0800e4ba   0x0800e4ba   0x00000024   Code   RO         4942    i.luaE_freethread   lstate.o
    0x0800e4de   0x0800e4de   0x00000020   Code   RO         4943    i.luaE_setdebt      lstate.o
    0x0800e4fe   0x0800e4fe   0x0000002e   Code   RO         4944    i.luaE_shrinkCI     lstate.o
    0x0800e52c   0x0800e52c   0x0000005e   Code   RO         3257    i.luaF_close        lfunc.o
    0x0800e58a   0x0800e58a   0x00000062   Code   RO         3258    i.luaF_findupval    lfunc.o
    0x0800e5ec   0x0800e5ec   0x0000006c   Code   RO         3259    i.luaF_freeproto    lfunc.o
    0x0800e658   0x0800e658   0x00000048   Code   RO         3260    i.luaF_getlocalname  lfunc.o
    0x0800e6a0   0x0800e6a0   0x0000003e   Code   RO         3261    i.luaF_initupvals   lfunc.o
    0x0800e6de   0x0800e6de   0x00000024   Code   RO         3262    i.luaF_newCclosure  lfunc.o
    0x0800e702   0x0800e702   0x0000003c   Code   RO         3263    i.luaF_newLclosure  lfunc.o
    0x0800e73e   0x0800e73e   0x0000003e   Code   RO         3264    i.luaF_newproto     lfunc.o
    0x0800e77c   0x0800e77c   0x00000048   Code   RO         2731    i.luaG_addinfo      ldebug.o
    0x0800e7c4   0x0800e7c4   0x00000034   Code   RO         2732    i.luaG_concaterror  ldebug.o
    0x0800e7f8   0x0800e7f8   0x0000004c   Code   RO         2733    i.luaG_errormsg     ldebug.o
    0x0800e844   0x0800e844   0x00000032   Code   RO         2734    i.luaG_opinterror   ldebug.o
    0x0800e876   0x0800e876   0x00000002   PAD
    0x0800e878   0x0800e878   0x00000080   Code   RO         2735    i.luaG_ordererror   ldebug.o
    0x0800e8f8   0x0800e8f8   0x00000046   Code   RO         2736    i.luaG_runerror     ldebug.o
    0x0800e93e   0x0800e93e   0x00000002   PAD
    0x0800e940   0x0800e940   0x00000064   Code   RO         2737    i.luaG_tointerror   ldebug.o
    0x0800e9a4   0x0800e9a4   0x000000f4   Code   RO         2738    i.luaG_traceexec    ldebug.o
    0x0800ea98   0x0800ea98   0x00000044   Code   RO         2739    i.luaG_typeerror    ldebug.o
    0x0800eadc   0x0800eadc   0x00000038   Code   RO         5438    i.luaH_free         ltable.o
    0x0800eb14   0x0800eb14   0x00000064   Code   RO         5439    i.luaH_get          ltable.o
    0x0800eb78   0x0800eb78   0x0000005c   Code   RO         5440    i.luaH_getint       ltable.o
    0x0800ebd4   0x0800ebd4   0x0000004a   Code   RO         5441    i.luaH_getn         ltable.o
    0x0800ec1e   0x0800ec1e   0x00000002   PAD
    0x0800ec20   0x0800ec20   0x00000044   Code   RO         5442    i.luaH_getshortstr  ltable.o
    0x0800ec64   0x0800ec64   0x00000030   Code   RO         5443    i.luaH_getstr       ltable.o
    0x0800ec94   0x0800ec94   0x0000002e   Code   RO         5444    i.luaH_new          ltable.o
    0x0800ecc2   0x0800ecc2   0x00000002   PAD
    0x0800ecc4   0x0800ecc4   0x0000016c   Code   RO         5445    i.luaH_newkey       ltable.o
    0x0800ee30   0x0800ee30   0x0000009a   Code   RO         5446    i.luaH_next         ltable.o
    0x0800eeca   0x0800eeca   0x000000d2   Code   RO         5447    i.luaH_resize       ltable.o
    0x0800ef9c   0x0800ef9c   0x0000002a   Code   RO         5448    i.luaH_resizearray  ltable.o
    0x0800efc6   0x0800efc6   0x00000002   PAD
    0x0800efc8   0x0800efc8   0x00000030   Code   RO         5449    i.luaH_set          ltable.o
    0x0800eff8   0x0800eff8   0x00000050   Code   RO         5450    i.luaH_setint       ltable.o
    0x0800f048   0x0800f048   0x00000058   Code   RO         2066    i.luaK_checkstack   lcode.o
    0x0800f0a0   0x0800f0a0   0x00000080   Code   RO         2067    i.luaK_code         lcode.o
    0x0800f120   0x0800f120   0x00000026   Code   RO         2068    i.luaK_codeABC      lcode.o
    0x0800f146   0x0800f146   0x0000001e   Code   RO         2069    i.luaK_codeABx      lcode.o
    0x0800f164   0x0800f164   0x0000003a   Code   RO         2070    i.luaK_codek        lcode.o
    0x0800f19e   0x0800f19e   0x00000044   Code   RO         2071    i.luaK_concat       lcode.o
    0x0800f1e2   0x0800f1e2   0x00000082   Code   RO         2072    i.luaK_dischargevars  lcode.o
    0x0800f264   0x0800f264   0x0000008a   Code   RO         2073    i.luaK_exp2RK       lcode.o
    0x0800f2ee   0x0800f2ee   0x00000044   Code   RO         2074    i.luaK_exp2anyreg   lcode.o
    0x0800f332   0x0800f332   0x0000001e   Code   RO         2075    i.luaK_exp2anyregup  lcode.o
    0x0800f350   0x0800f350   0x0000002e   Code   RO         2076    i.luaK_exp2nextreg  lcode.o
    0x0800f37e   0x0800f37e   0x00000022   Code   RO         2077    i.luaK_exp2val      lcode.o
    0x0800f3a0   0x0800f3a0   0x0000000e   Code   RO         2078    i.luaK_fixline      lcode.o
    0x0800f3ae   0x0800f3ae   0x0000000a   Code   RO         2079    i.luaK_getlabel     lcode.o
    0x0800f3b8   0x0800f3b8   0x00000054   Code   RO         2080    i.luaK_goiffalse    lcode.o
    0x0800f40c   0x0800f40c   0x00000068   Code   RO         2081    i.luaK_goiftrue     lcode.o
    0x0800f474   0x0800f474   0x0000002c   Code   RO         2082    i.luaK_indexed      lcode.o
    0x0800f4a0   0x0800f4a0   0x0000007c   Code   RO         2083    i.luaK_infix        lcode.o
    0x0800f51c   0x0800f51c   0x0000002a   Code   RO         2084    i.luaK_intK         lcode.o
    0x0800f546   0x0800f546   0x00000002   PAD
    0x0800f548   0x0800f548   0x0000002c   Code   RO         2085    i.luaK_jump         lcode.o
    0x0800f574   0x0800f574   0x00000090   Code   RO         2086    i.luaK_nil          lcode.o
    0x0800f604   0x0800f604   0x00000020   Code   RO         2087    i.luaK_numberK      lcode.o
    0x0800f624   0x0800f624   0x00000032   Code   RO         2088    i.luaK_patchclose   lcode.o
    0x0800f656   0x0800f656   0x00000028   Code   RO         2089    i.luaK_patchlist    lcode.o
    0x0800f67e   0x0800f67e   0x0000001a   Code   RO         2090    i.luaK_patchtohere  lcode.o
    0x0800f698   0x0800f698   0x0000012e   Code   RO         2091    i.luaK_posfix       lcode.o
    0x0800f7c6   0x0800f7c6   0x00000002   PAD
    0x0800f7c8   0x0800f7c8   0x0000005c   Code   RO         2092    i.luaK_prefix       lcode.o
    0x0800f824   0x0800f824   0x0000001a   Code   RO         2093    i.luaK_reserveregs  lcode.o
    0x0800f83e   0x0800f83e   0x0000001a   Code   RO         2094    i.luaK_ret          lcode.o
    0x0800f858   0x0800f858   0x00000052   Code   RO         2095    i.luaK_self         lcode.o
    0x0800f8aa   0x0800f8aa   0x00000002   PAD
    0x0800f8ac   0x0800f8ac   0x00000084   Code   RO         2096    i.luaK_setlist      lcode.o
    0x0800f930   0x0800f930   0x00000046   Code   RO         2097    i.luaK_setoneret    lcode.o
    0x0800f976   0x0800f976   0x00000060   Code   RO         2098    i.luaK_setreturns   lcode.o
    0x0800f9d6   0x0800f9d6   0x00000086   Code   RO         2099    i.luaK_storevar     lcode.o
    0x0800fa5c   0x0800fa5c   0x00000022   Code   RO         2100    i.luaK_stringK      lcode.o
    0x0800fa7e   0x0800fa7e   0x0000002c   Code   RO         1466    i.luaL_addlstring   lauxlib.o
    0x0800faaa   0x0800faaa   0x0000001a   Code   RO         1467    i.luaL_addstring    lauxlib.o
    0x0800fac4   0x0800fac4   0x0000005e   Code   RO         1468    i.luaL_addvalue     lauxlib.o
    0x0800fb22   0x0800fb22   0x00000002   PAD
    0x0800fb24   0x0800fb24   0x000000e4   Code   RO         1469    i.luaL_argerror     lauxlib.o
    0x0800fc08   0x0800fc08   0x00000014   Code   RO         1470    i.luaL_buffinit     lauxlib.o
    0x0800fc1c   0x0800fc1c   0x0000001a   Code   RO         1471    i.luaL_buffinitsize  lauxlib.o
    0x0800fc36   0x0800fc36   0x0000003e   Code   RO         1472    i.luaL_callmeta     lauxlib.o
    0x0800fc74   0x0800fc74   0x00000030   Code   RO         1473    i.luaL_checkany     lauxlib.o
    0x0800fca4   0x0800fca4   0x00000026   Code   RO         1474    i.luaL_checkinteger  lauxlib.o
    0x0800fcca   0x0800fcca   0x00000028   Code   RO         1475    i.luaL_checklstring  lauxlib.o
    0x0800fcf2   0x0800fcf2   0x00000028   Code   RO         1476    i.luaL_checknumber  lauxlib.o
    0x0800fd1a   0x0800fd1a   0x00000002   PAD
    0x0800fd1c   0x0800fd1c   0x00000074   Code   RO         1477    i.luaL_checkoption  lauxlib.o
    0x0800fd90   0x0800fd90   0x00000050   Code   RO         1478    i.luaL_checkstack   lauxlib.o
    0x0800fde0   0x0800fde0   0x00000020   Code   RO         1479    i.luaL_checktype    lauxlib.o
    0x0800fe00   0x0800fe00   0x00000028   Code   RO         1480    i.luaL_checkudata   lauxlib.o
    0x0800fe28   0x0800fe28   0x000000e8   Code   RO         1481    i.luaL_checkversion_  lauxlib.o
    0x0800ff10   0x0800ff10   0x00000034   Code   RO         1482    i.luaL_error        lauxlib.o
    0x0800ff44   0x0800ff44   0x00000050   Code   RO         1483    i.luaL_execresult   lauxlib.o
    0x0800ff94   0x0800ff94   0x00000064   Code   RO         1484    i.luaL_fileresult   lauxlib.o
    0x0800fff8   0x0800fff8   0x00000056   Code   RO         1485    i.luaL_getmetafield  lauxlib.o
    0x0801004e   0x0801004e   0x00000050   Code   RO         1486    i.luaL_getsubtable  lauxlib.o
    0x0801009e   0x0801009e   0x00000064   Code   RO         1487    i.luaL_gsub         lauxlib.o
    0x08010102   0x08010102   0x00000002   PAD
    0x08010104   0x08010104   0x0000005c   Code   RO         1488    i.luaL_len          lauxlib.o
    0x08010160   0x08010160   0x0000002c   Code   RO         1489    i.luaL_loadbufferx  lauxlib.o
    0x0801018c   0x0801018c   0x00000144   Code   RO         1490    i.luaL_loadfilex    lauxlib.o
    0x080102d0   0x080102d0   0x00000064   Code   RO         1492    i.luaL_newmetatable  lauxlib.o
    0x08010334   0x08010334   0x00000024   Code   RO         1493    i.luaL_newstate     lauxlib.o
    0x08010358   0x08010358   0x0000002c   Code   RO         6111    i.luaL_openlibs     linit.o
    0x08010384   0x08010384   0x0000002a   Code   RO         1494    i.luaL_optinteger   lauxlib.o
    0x080103ae   0x080103ae   0x0000003a   Code   RO         1495    i.luaL_optlstring   lauxlib.o
    0x080103e8   0x080103e8   0x0000002a   Code   RO         1496    i.luaL_optnumber    lauxlib.o
    0x08010412   0x08010412   0x00000002   PAD
    0x08010414   0x08010414   0x00000090   Code   RO         1497    i.luaL_prepbuffsize  lauxlib.o
    0x080104a4   0x080104a4   0x0000003c   Code   RO         1498    i.luaL_pushresult   lauxlib.o
    0x080104e0   0x080104e0   0x00000014   Code   RO         1499    i.luaL_pushresultsize  lauxlib.o
    0x080104f4   0x080104f4   0x000000a8   Code   RO         1501    i.luaL_requiref     lauxlib.o
    0x0801059c   0x0801059c   0x00000068   Code   RO         1502    i.luaL_setfuncs     lauxlib.o
    0x08010604   0x08010604   0x00000020   Code   RO         1503    i.luaL_setmetatable  lauxlib.o
    0x08010624   0x08010624   0x00000054   Code   RO         1504    i.luaL_testudata    lauxlib.o
    0x08010678   0x08010678   0x00000184   Code   RO         1505    i.luaL_tolstring    lauxlib.o
    0x080107fc   0x080107fc   0x00000138   Code   RO         1506    i.luaL_traceback    lauxlib.o
    0x08010934   0x08010934   0x00000050   Code   RO         1508    i.luaL_where        lauxlib.o
    0x08010984   0x08010984   0x0000008c   Code   RO         4162    i.luaM_growaux_     lmem.o
    0x08010a10   0x08010a10   0x00000064   Code   RO         4163    i.luaM_realloc_     lmem.o
    0x08010a74   0x08010a74   0x00000034   Code   RO         4164    i.luaM_toobig       lmem.o
    0x08010aa8   0x08010aa8   0x00000192   Code   RO         4346    i.luaO_arith        lobject.o
    0x08010c3a   0x08010c3a   0x00000002   PAD
    0x08010c3c   0x08010c3c   0x0000001c   Code   RO         4347    i.luaO_ceillog2     lobject.o
    0x08010c58   0x08010c58   0x000000f0   Code   RO         4348    i.luaO_chunkid      lobject.o
    0x08010d48   0x08010d48   0x0000001a   Code   RO         4349    i.luaO_fb2int       lobject.o
    0x08010d62   0x08010d62   0x00000002   PAD
    0x08010d64   0x08010d64   0x00000020   Code   RO         4350    i.luaO_hexavalue    lobject.o
    0x08010d84   0x08010d84   0x00000032   Code   RO         4351    i.luaO_int2fb       lobject.o
    0x08010db6   0x08010db6   0x00000022   Code   RO         4352    i.luaO_pushfstring  lobject.o
    0x08010dd8   0x08010dd8   0x00000208   Code   RO         4353    i.luaO_pushvfstring  lobject.o
    0x08010fe0   0x08010fe0   0x0000004a   Code   RO         4354    i.luaO_str2num      lobject.o
    0x0801102a   0x0801102a   0x00000002   PAD
    0x0801102c   0x0801102c   0x0000009c   Code   RO         4355    i.luaO_tostring     lobject.o
    0x080110c8   0x080110c8   0x0000003e   Code   RO         4356    i.luaO_utf8esc      lobject.o
    0x08011106   0x08011106   0x0000003e   Code   RO         5033    i.luaS_clearcache   lstring.o
    0x08011144   0x08011144   0x0000001c   Code   RO         5034    i.luaS_createlngstrobj  lstring.o
    0x08011160   0x08011160   0x0000002a   Code   RO         5035    i.luaS_eqlngstr     lstring.o
    0x0801118a   0x0801118a   0x00000026   Code   RO         5036    i.luaS_hash         lstring.o
    0x080111b0   0x080111b0   0x0000001e   Code   RO         5037    i.luaS_hashlongstr  lstring.o
    0x080111ce   0x080111ce   0x00000002   PAD
    0x080111d0   0x080111d0   0x00000064   Code   RO         5038    i.luaS_init         lstring.o
    0x08011234   0x08011234   0x0000006a   Code   RO         5039    i.luaS_new          lstring.o
    0x0801129e   0x0801129e   0x00000042   Code   RO         5040    i.luaS_newlstr      lstring.o
    0x080112e0   0x080112e0   0x00000044   Code   RO         5041    i.luaS_newudata     lstring.o
    0x08011324   0x08011324   0x00000036   Code   RO         5042    i.luaS_remove       lstring.o
    0x0801135a   0x0801135a   0x000000b0   Code   RO         5043    i.luaS_resize       lstring.o
    0x0801140a   0x0801140a   0x00000094   Code   RO         5694    i.luaT_callTM       ltm.o
    0x0801149e   0x0801149e   0x0000004c   Code   RO         5695    i.luaT_callbinTM    ltm.o
    0x080114ea   0x080114ea   0x0000003c   Code   RO         5696    i.luaT_callorderTM  ltm.o
    0x08011526   0x08011526   0x0000002e   Code   RO         5697    i.luaT_gettm        ltm.o
    0x08011554   0x08011554   0x00000054   Code   RO         5698    i.luaT_gettmbyobj   ltm.o
    0x080115a8   0x080115a8   0x00000038   Code   RO         5699    i.luaT_init         ltm.o
    0x080115e0   0x080115e0   0x00000068   Code   RO         5700    i.luaT_objtypename  ltm.o
    0x08011648   0x08011648   0x000000e0   Code   RO         5701    i.luaT_trybinTM     ltm.o
    0x08011728   0x08011728   0x00000040   Code   RO         3176    i.luaU_dump         ldump.o
    0x08011768   0x08011768   0x0000008c   Code   RO         5771    i.luaU_undump       lundump.o
    0x080117f4   0x080117f4   0x000001e0   Code   RO         5930    i.luaV_concat       lvm.o
    0x080119d4   0x080119d4   0x000000a8   Code   RO         5931    i.luaV_div          lvm.o
    0x08011a7c   0x08011a7c   0x000002aa   Code   RO         5932    i.luaV_equalobj     lvm.o
    0x08011d26   0x08011d26   0x00000002   PAD
    0x08011d28   0x08011d28   0x00001e84   Code   RO         5933    i.luaV_execute      lvm.o
    0x08013bac   0x08013bac   0x00000160   Code   RO         5934    i.luaV_finishOp     lvm.o
    0x08013d0c   0x08013d0c   0x00000104   Code   RO         5935    i.luaV_finishget    lvm.o
    0x08013e10   0x08013e10   0x00000170   Code   RO         5936    i.luaV_finishset    lvm.o
    0x08013f80   0x08013f80   0x000000a4   Code   RO         5937    i.luaV_lessequal    lvm.o
    0x08014024   0x08014024   0x00000068   Code   RO         5938    i.luaV_lessthan     lvm.o
    0x0801408c   0x0801408c   0x0000008c   Code   RO         5939    i.luaV_mod          lvm.o
    0x08014118   0x08014118   0x000000cc   Code   RO         5940    i.luaV_objlen       lvm.o
    0x080141e4   0x080141e4   0x00000054   Code   RO         5941    i.luaV_shiftl       lvm.o
    0x08014238   0x08014238   0x000000dc   Code   RO         5942    i.luaV_tointeger    lvm.o
    0x08014314   0x08014314   0x00000072   Code   RO         5943    i.luaV_tonumber_    lvm.o
    0x08014386   0x08014386   0x00000002   PAD
    0x08014388   0x08014388   0x00000050   Code   RO         3856    i.luaX_init         llex.o
    0x080143d8   0x080143d8   0x00000014   Code   RO         3857    i.luaX_lookahead    llex.o
    0x080143ec   0x080143ec   0x0000006a   Code   RO         3858    i.luaX_newstring    llex.o
    0x08014456   0x08014456   0x00000034   Code   RO         3859    i.luaX_next         llex.o
    0x0801448a   0x0801448a   0x00000002   PAD
    0x0801448c   0x0801448c   0x00000060   Code   RO         3860    i.luaX_setinput     llex.o
    0x080144ec   0x080144ec   0x0000000e   Code   RO         3861    i.luaX_syntaxerror  llex.o
    0x080144fa   0x080144fa   0x00000002   PAD
    0x080144fc   0x080144fc   0x0000004c   Code   RO         3862    i.luaX_token2str    llex.o
    0x08014548   0x08014548   0x00000090   Code   RO         4540    i.luaY_parser       lparser.o
    0x080145d8   0x080145d8   0x00000030   Code   RO         6084    i.luaZ_fill         lzio.o
    0x08014608   0x08014608   0x00000010   Code   RO         6085    i.luaZ_init         lzio.o
    0x08014618   0x08014618   0x0000005e   Code   RO         6086    i.luaZ_read         lzio.o
    0x08014676   0x08014676   0x00000002   PAD
    0x08014678   0x08014678   0x00000024   Code   RO          886    i.lua_absindex      lapi.o
    0x0801469c   0x0801469c   0x0000000c   Code   RO          888    i.lua_atpanic       lapi.o
    0x080146a8   0x080146a8   0x0000005c   Code   RO          889    i.lua_callk         lapi.o
    0x08014704   0x08014704   0x00000074   Code   RO          890    i.lua_checkstack    lapi.o
    0x08014778   0x08014778   0x00000010   Code   RO         4945    i.lua_close         lstate.o
    0x08014788   0x08014788   0x00000074   Code   RO          891    i.lua_compare       lapi.o
    0x080147fc   0x080147fc   0x00000050   Code   RO          892    i.lua_concat        lapi.o
    0x0801484c   0x0801484c   0x00000068   Code   RO          893    i.lua_copy          lapi.o
    0x080148b4   0x080148b4   0x0000004a   Code   RO          894    i.lua_createtable   lapi.o
    0x080148fe   0x080148fe   0x0000003a   Code   RO          895    i.lua_dump          lapi.o
    0x08014938   0x08014938   0x00000008   Code   RO          896    i.lua_error         lapi.o
    0x08014940   0x08014940   0x000000e4   Code   RO          897    i.lua_gc            lapi.o
    0x08014a24   0x08014a24   0x00000010   Code   RO          898    i.lua_getallocf     lapi.o
    0x08014a34   0x08014a34   0x00000022   Code   RO          899    i.lua_getfield      lapi.o
    0x08014a56   0x08014a56   0x00000026   Code   RO          900    i.lua_getglobal     lapi.o
    0x08014a7c   0x08014a7c   0x00000006   Code   RO         2740    i.lua_gethook       ldebug.o
    0x08014a82   0x08014a82   0x00000006   Code   RO         2741    i.lua_gethookcount  ldebug.o
    0x08014a88   0x08014a88   0x00000006   Code   RO         2742    i.lua_gethookmask   ldebug.o
    0x08014a8e   0x08014a8e   0x00000080   Code   RO          901    i.lua_geti          lapi.o
    0x08014b0e   0x08014b0e   0x0000008c   Code   RO         2743    i.lua_getinfo       ldebug.o
    0x08014b9a   0x08014b9a   0x00000068   Code   RO         2744    i.lua_getlocal      ldebug.o
    0x08014c02   0x08014c02   0x00000060   Code   RO          902    i.lua_getmetatable  lapi.o
    0x08014c62   0x08014c62   0x00000038   Code   RO         2745    i.lua_getstack      ldebug.o
    0x08014c9a   0x08014c9a   0x00000064   Code   RO          903    i.lua_gettable      lapi.o
    0x08014cfe   0x08014cfe   0x00000010   Code   RO          904    i.lua_gettop        lapi.o
    0x08014d0e   0x08014d0e   0x00000048   Code   RO          905    i.lua_getupvalue    lapi.o
    0x08014d56   0x08014d56   0x00000032   Code   RO          906    i.lua_getuservalue  lapi.o
    0x08014d88   0x08014d88   0x00000024   Code   RO          907    i.lua_iscfunction   lapi.o
    0x08014dac   0x08014dac   0x0000001e   Code   RO          908    i.lua_isinteger     lapi.o
    0x08014dca   0x08014dca   0x0000002c   Code   RO          909    i.lua_isnumber      lapi.o
    0x08014df6   0x08014df6   0x0000002c   Code   RO          910    i.lua_isstring      lapi.o
    0x08014e22   0x08014e22   0x00000010   Code   RO         2967    i.lua_isyieldable   ldo.o
    0x08014e32   0x08014e32   0x00000022   Code   RO          912    i.lua_len           lapi.o
    0x08014e54   0x08014e54   0x0000008c   Code   RO          913    i.lua_load          lapi.o
    0x08014ee0   0x08014ee0   0x0000009c   Code   RO          720    i.lua_main          mculua.o
    0x08014f7c   0x08014f7c   0x000000d8   Code   RO         4946    i.lua_newstate      lstate.o
    0x08015054   0x08015054   0x00000076   Code   RO         4947    i.lua_newthread     lstate.o
    0x080150ca   0x080150ca   0x00000036   Code   RO          914    i.lua_newuserdata   lapi.o
    0x08015100   0x08015100   0x00000038   Code   RO          915    i.lua_next          lapi.o
    0x08015138   0x08015138   0x000000c4   Code   RO          916    i.lua_pcallk        lapi.o
    0x080151fc   0x080151fc   0x00000018   Code   RO          917    i.lua_pushboolean   lapi.o
    0x08015214   0x08015214   0x00000072   Code   RO          918    i.lua_pushcclosure  lapi.o
    0x08015286   0x08015286   0x00000032   Code   RO          919    i.lua_pushfstring   lapi.o
    0x080152b8   0x080152b8   0x00000014   Code   RO          920    i.lua_pushinteger   lapi.o
    0x080152cc   0x080152cc   0x00000010   Code   RO          921    i.lua_pushlightuserdata  lapi.o
    0x080152dc   0x080152dc   0x00000054   Code   RO          922    i.lua_pushlstring   lapi.o
    0x08015330   0x08015330   0x0000000e   Code   RO          923    i.lua_pushnil       lapi.o
    0x0801533e   0x0801533e   0x00000014   Code   RO          924    i.lua_pushnumber    lapi.o
    0x08015352   0x08015352   0x00000048   Code   RO          925    i.lua_pushstring    lapi.o
    0x0801539a   0x0801539a   0x00000022   Code   RO          926    i.lua_pushthread    lapi.o
    0x080153bc   0x080153bc   0x00000024   Code   RO          927    i.lua_pushvalue     lapi.o
    0x080153e0   0x080153e0   0x00000026   Code   RO          928    i.lua_pushvfstring  lapi.o
    0x08015406   0x08015406   0x00000002   PAD
    0x08015408   0x08015408   0x00000040   Code   RO          929    i.lua_rawequal      lapi.o
    0x08015448   0x08015448   0x0000003e   Code   RO          930    i.lua_rawget        lapi.o
    0x08015486   0x08015486   0x00000048   Code   RO          931    i.lua_rawgeti       lapi.o
    0x080154ce   0x080154ce   0x0000004c   Code   RO          932    i.lua_rawgetp       lapi.o
    0x0801551a   0x0801551a   0x00000046   Code   RO          933    i.lua_rawlen        lapi.o
    0x08015560   0x08015560   0x00000074   Code   RO          934    i.lua_rawset        lapi.o
    0x080155d4   0x080155d4   0x00000062   Code   RO          935    i.lua_rawseti       lapi.o
    0x08015636   0x08015636   0x00000076   Code   RO          936    i.lua_rawsetp       lapi.o
    0x080156ac   0x080156ac   0x00000130   Code   RO         2968    i.lua_resume        ldo.o
    0x080157dc   0x080157dc   0x00000050   Code   RO          937    i.lua_rotate        lapi.o
    0x0801582c   0x0801582c   0x00000022   Code   RO          939    i.lua_setfield      lapi.o
    0x0801584e   0x0801584e   0x00000026   Code   RO          940    i.lua_setglobal     lapi.o
    0x08015874   0x08015874   0x0000002a   Code   RO         2746    i.lua_sethook       ldebug.o
    0x0801589e   0x0801589e   0x000000b2   Code   RO          941    i.lua_seti          lapi.o
    0x08015950   0x08015950   0x00000046   Code   RO         2747    i.lua_setlocal      ldebug.o
    0x08015996   0x08015996   0x000000b6   Code   RO          942    i.lua_setmetatable  lapi.o
    0x08015a4c   0x08015a4c   0x0000003e   Code   RO          944    i.lua_settop        lapi.o
    0x08015a8a   0x08015a8a   0x000000a8   Code   RO          945    i.lua_setupvalue    lapi.o
    0x08015b32   0x08015b32   0x00000062   Code   RO          946    i.lua_setuservalue  lapi.o
    0x08015b94   0x08015b94   0x00000006   Code   RO          947    i.lua_status        lapi.o
    0x08015b9a   0x08015b9a   0x0000001e   Code   RO          948    i.lua_stringtonumber  lapi.o
    0x08015bb8   0x08015bb8   0x00000034   Code   RO          469    i.lua_thread        luathread.o
    0x08015bec   0x08015bec   0x00000026   Code   RO          949    i.lua_toboolean     lapi.o
    0x08015c12   0x08015c12   0x00000046   Code   RO          951    i.lua_tointegerx    lapi.o
    0x08015c58   0x08015c58   0x00000074   Code   RO          952    i.lua_tolstring     lapi.o
    0x08015ccc   0x08015ccc   0x00000044   Code   RO          953    i.lua_tonumberx     lapi.o
    0x08015d10   0x08015d10   0x0000005a   Code   RO          954    i.lua_topointer     lapi.o
    0x08015d6a   0x08015d6a   0x0000001e   Code   RO          955    i.lua_tothread      lapi.o
    0x08015d88   0x08015d88   0x0000002c   Code   RO          956    i.lua_touserdata    lapi.o
    0x08015db4   0x08015db4   0x00000028   Code   RO          957    i.lua_type          lapi.o
    0x08015ddc   0x08015ddc   0x00000010   Code   RO          958    i.lua_typename      lapi.o
    0x08015dec   0x08015dec   0x00000048   Code   RO          959    i.lua_upvalueid     lapi.o
    0x08015e34   0x08015e34   0x0000007a   Code   RO          960    i.lua_upvaluejoin   lapi.o
    0x08015eae   0x08015eae   0x00000002   PAD
    0x08015eb0   0x08015eb0   0x00000014   Code   RO          961    i.lua_version       lapi.o
    0x08015ec4   0x08015ec4   0x00000036   Code   RO          962    i.lua_xmove         lapi.o
    0x08015efa   0x08015efa   0x00000002   PAD
    0x08015efc   0x08015efc   0x000000c4   Code   RO         2969    i.lua_yieldk        ldo.o
    0x08015fc0   0x08015fc0   0x00000068   Code   RO         1867    i.luaopen_base      lbaselib.o
    0x08016028   0x08016028   0x00000034   Code   RO         2461    i.luaopen_coroutine  lcorolib.o
    0x0801605c   0x0801605c   0x00000034   Code   RO         2578    i.luaopen_debug     ldblib.o
    0x08016090   0x08016090   0x00000098   Code   RO         3631    i.luaopen_io        liolib.o
    0x08016128   0x08016128   0x000000c0   Code   RO         4018    i.luaopen_math      lmathlib.o
    0x080161e8   0x080161e8   0x00000034   Code   RO         6142    i.luaopen_os        loslib.o
    0x0801621c   0x0801621c   0x00000130   Code   RO         4208    i.luaopen_package   loadlib.o
    0x0801634c   0x0801634c   0x00000038   Code   RO         5137    i.luaopen_string    lstrlib.o
    0x08016384   0x08016384   0x00000034   Code   RO         5596    i.luaopen_table     ltablib.o
    0x080163b8   0x080163b8   0x00000064   Code   RO         5854    i.luaopen_utf8      lutf8lib.o
    0x0801641c   0x0801641c   0x00000048   Code   RO            4    i.main              main.o
    0x08016464   0x08016464   0x0000004c   Code   RO         4541    i.mainfunc          lparser.o
    0x080164b0   0x080164b0   0x00000108   Code   RO         5451    i.mainposition      ltable.o
    0x080165b8   0x080165b8   0x0000003e   Code   RO         2579    i.makemask          ldblib.o
    0x080165f6   0x080165f6   0x00000002   PAD
    0x080165f8   0x080165f8   0x00000050   Code   RO         4948    i.makeseed          lstate.o
    0x08016648   0x08016648   0x00000020   Code   RO         3336    i.markbeingfnz      lgc.o
    0x08016668   0x08016668   0x00000038   Code   RO         3337    i.markmt            lgc.o
    0x080166a0   0x080166a0   0x00000014   Code   RO         4542    i.markupval         lparser.o
    0x080166b4   0x080166b4   0x00000220   Code   RO         5138    i.match             lstrlib.o
    0x080168d4   0x080168d4   0x00000042   Code   RO         5139    i.match_capture     lstrlib.o
    0x08016916   0x08016916   0x00000110   Code   RO         5140    i.match_class       lstrlib.o
    0x08016a26   0x08016a26   0x00000002   PAD
    0x08016a28   0x08016a28   0x00000088   Code   RO         5141    i.matchbalance      lstrlib.o
    0x08016ab0   0x08016ab0   0x0000006c   Code   RO         5142    i.matchbracketclass  lstrlib.o
    0x08016b1c   0x08016b1c   0x00000056   Code   RO         4019    i.math_abs          lmathlib.o
    0x08016b72   0x08016b72   0x00000026   Code   RO         4020    i.math_acos         lmathlib.o
    0x08016b98   0x08016b98   0x00000026   Code   RO         4021    i.math_asin         lmathlib.o
    0x08016bbe   0x08016bbe   0x00000002   PAD
    0x08016bc0   0x08016bc0   0x00000044   Code   RO         4022    i.math_atan         lmathlib.o
    0x08016c04   0x08016c04   0x0000003e   Code   RO         4023    i.math_ceil         lmathlib.o
    0x08016c42   0x08016c42   0x00000026   Code   RO         4024    i.math_cos          lmathlib.o
    0x08016c68   0x08016c68   0x00000034   Code   RO         4025    i.math_deg          lmathlib.o
    0x08016c9c   0x08016c9c   0x00000026   Code   RO         4026    i.math_exp          lmathlib.o
    0x08016cc2   0x08016cc2   0x0000003e   Code   RO         4027    i.math_floor        lmathlib.o
    0x08016d00   0x08016d00   0x000000b4   Code   RO         4028    i.math_fmod         lmathlib.o
    0x08016db4   0x08016db4   0x000000ac   Code   RO         4029    i.math_log          lmathlib.o
    0x08016e60   0x08016e60   0x00000058   Code   RO         4030    i.math_max          lmathlib.o
    0x08016eb8   0x08016eb8   0x00000058   Code   RO         4031    i.math_min          lmathlib.o
    0x08016f10   0x08016f10   0x00000092   Code   RO         4032    i.math_modf         lmathlib.o
    0x08016fa2   0x08016fa2   0x00000002   PAD
    0x08016fa4   0x08016fa4   0x00000034   Code   RO         4033    i.math_rad          lmathlib.o
    0x08016fd8   0x08016fd8   0x00000138   Code   RO         4034    i.math_random       lmathlib.o
    0x08017110   0x08017110   0x00000024   Code   RO         4035    i.math_randomseed   lmathlib.o
    0x08017134   0x08017134   0x00000026   Code   RO         4036    i.math_sin          lmathlib.o
    0x0801715a   0x0801715a   0x00000026   Code   RO         4037    i.math_sqrt         lmathlib.o
    0x08017180   0x08017180   0x00000026   Code   RO         4038    i.math_tan          lmathlib.o
    0x080171a6   0x080171a6   0x00000034   Code   RO         4039    i.math_toint        lmathlib.o
    0x080171da   0x080171da   0x00000002   PAD
    0x080171dc   0x080171dc   0x00000050   Code   RO         4040    i.math_type         lmathlib.o
    0x0801722c   0x0801722c   0x0000003a   Code   RO         4041    i.math_ult          lmathlib.o
    0x08017266   0x08017266   0x00000044   Code   RO         5143    i.max_expand        lstrlib.o
    0x080172aa   0x080172aa   0x0000003a   Code   RO         5144    i.min_expand        lstrlib.o
    0x080172e4   0x080172e4   0x00000050   Code   RO         4543    i.movegotosout      lparser.o
    0x08017334   0x08017334   0x000000d8   Code   RO         2970    i.moveresults       ldo.o
    0x0801740c   0x0801740c   0x00000090   Code   RO          721    i.msghandler        mculua.o
    0x0801749c   0x0801749c   0x00000064   Code   RO          722    i.multiline         mculua.o
    0x08017500   0x08017500   0x00000032   Code   RO         2101    i.need_value        lcode.o
    0x08017532   0x08017532   0x00000028   Code   RO         2102    i.negatecondition   lcode.o
    0x0801755a   0x0801755a   0x00000002   PAD
    0x0801755c   0x0801755c   0x00000070   Code   RO         4544    i.new_localvar      lparser.o
    0x080175cc   0x080175cc   0x00000022   Code   RO         4545    i.new_localvarliteral_  lparser.o
    0x080175ee   0x080175ee   0x00000002   PAD
    0x080175f0   0x080175f0   0x00000064   Code   RO         1509    i.newbox            lauxlib.o
    0x08017654   0x08017654   0x0000001c   Code   RO         3632    i.newfile           liolib.o
    0x08017670   0x08017670   0x00000078   Code   RO         4546    i.newlabelentry     lparser.o
    0x080176e8   0x080176e8   0x00000028   Code   RO         3633    i.newprefile        liolib.o
    0x08017710   0x08017710   0x000000c8   Code   RO         4547    i.newupvalue        lparser.o
    0x080177d8   0x080177d8   0x0000002a   Code   RO         3634    i.nextc             liolib.o
    0x08017802   0x08017802   0x00000024   Code   RO         2103    i.nilK              lcode.o
    0x08017826   0x08017826   0x00000002   PAD
    0x08017828   0x08017828   0x00000038   Code   RO         4209    i.noenv             loadlib.o
    0x08017860   0x08017860   0x00000038   Code   RO         5145    i.nospecials        lstrlib.o
    0x08017898   0x08017898   0x000000d2   Code   RO         4357    i.numarith          lobject.o
    0x0801796a   0x0801796a   0x00000062   Code   RO         5452    i.numusearray       ltable.o
    0x080179cc   0x080179cc   0x0000004a   Code   RO         5453    i.numusehash        ltable.o
    0x08017a16   0x08017a16   0x00000052   Code   RO         4548    i.open_func         lparser.o
    0x08017a68   0x08017a68   0x0000005c   Code   RO         3635    i.opencheck         liolib.o
    0x08017ac4   0x08017ac4   0x00000018   Code   RO         9878    i.osDelay           RTX_CM3.lib(rt_cmsis.o)
    0x08017adc   0x08017adc   0x00000024   Code   RO         9879    i.osKernelInitialize  RTX_CM3.lib(rt_cmsis.o)
    0x08017b00   0x08017b00   0x0000006c   Code   RO         9881    i.osKernelStart     RTX_CM3.lib(rt_cmsis.o)
    0x08017b6c   0x08017b6c   0x0000002c   Code   RO         9889    i.osMessageCreate   RTX_CM3.lib(rt_cmsis.o)
    0x08017b98   0x08017b98   0x00000018   Code   RO         9890    i.osMessageGet      RTX_CM3.lib(rt_cmsis.o)
    0x08017bb0   0x08017bb0   0x00000018   Code   RO         9891    i.osMessagePut      RTX_CM3.lib(rt_cmsis.o)
    0x08017bc8   0x08017bc8   0x00000020   Code   RO         9896    i.osPoolAlloc       RTX_CM3.lib(rt_cmsis.o)
    0x08017be8   0x08017be8   0x0000002c   Code   RO         9898    i.osPoolCreate      RTX_CM3.lib(rt_cmsis.o)
    0x08017c14   0x08017c14   0x00000020   Code   RO         9899    i.osPoolFree        RTX_CM3.lib(rt_cmsis.o)
    0x08017c34   0x08017c34   0x00000018   Code   RO         9905    i.osSignalSet       RTX_CM3.lib(rt_cmsis.o)
    0x08017c4c   0x08017c4c   0x00000018   Code   RO         9906    i.osSignalWait      RTX_CM3.lib(rt_cmsis.o)
    0x08017c64   0x08017c64   0x0000002c   Code   RO         9907    i.osThreadCreate    RTX_CM3.lib(rt_cmsis.o)
    0x08017c90   0x08017c90   0x00000018   Code   RO         9908    i.osThreadExit      RTX_CM3.lib(rt_cmsis.o)
    0x08017ca8   0x08017ca8   0x00000018   Code   RO         9909    i.osThreadGetId     RTX_CM3.lib(rt_cmsis.o)
    0x08017cc0   0x08017cc0   0x0000000c   Code   RO         9914    i.osTimerCall       RTX_CM3.lib(rt_cmsis.o)
    0x08017ccc   0x08017ccc   0x0000002c   Code   RO         9919    i.osTimerThread     RTX_CM3.lib(rt_cmsis.o)
    0x08017cf8   0x08017cf8   0x00000030   Code   RO         6143    i.os_clock          loslib.o
    0x08017d28   0x08017d28   0x00000154   Code   RO         6144    i.os_date           loslib.o
    0x08017e7c   0x08017e7c   0x00000034   Code   RO         6145    i.os_difftime       loslib.o
    0x08017eb0   0x08017eb0   0x00000022   Code   RO         6283    i.os_error          rtx_conf_cm.o
    0x08017ed2   0x08017ed2   0x00000032   Code   RO         6146    i.os_execute        loslib.o
    0x08017f04   0x08017f04   0x0000004e   Code   RO         6147    i.os_exit           loslib.o
    0x08017f52   0x08017f52   0x00000022   Code   RO         6148    i.os_getenv         loslib.o
    0x08017f74   0x08017f74   0x00000004   Code   RO         6284    i.os_idle_demon     rtx_conf_cm.o
    0x08017f78   0x08017f78   0x0000002c   Code   RO         6149    i.os_remove         loslib.o
    0x08017fa4   0x08017fa4   0x0000003e   Code   RO         6150    i.os_rename         loslib.o
    0x08017fe2   0x08017fe2   0x00000002   PAD
    0x08017fe4   0x08017fe4   0x0000004c   Code   RO         6151    i.os_setlocale      loslib.o
    0x08018030   0x08018030   0x00000028   Code   RO        10578    i.os_tick_init      RTX_CM3.lib(rt_system.o)
    0x08018058   0x08018058   0x00000002   Code   RO        10579    i.os_tick_irqack    RTX_CM3.lib(rt_system.o)
    0x0801805a   0x0801805a   0x00000002   PAD
    0x0801805c   0x0801805c   0x00000128   Code   RO         6152    i.os_time           loslib.o
    0x08018184   0x08018184   0x00000058   Code   RO         6153    i.os_tmpname        loslib.o
    0x080181dc   0x080181dc   0x00000054   Code   RO         5597    i.pack              ltablib.o
    0x08018230   0x08018230   0x0000008a   Code   RO         5146    i.packint           lstrlib.o
    0x080182ba   0x080182ba   0x00000062   Code   RO         1868    i.pairsmeta         lbaselib.o
    0x0801831c   0x0801831c   0x00000050   Code   RO         1510    i.panic             lauxlib.o
    0x0801836c   0x0801836c   0x00000098   Code   RO         4549    i.parlist           lparser.o
    0x08018404   0x08018404   0x000000d4   Code   RO         5598    i.partition         ltablib.o
    0x080184d8   0x080184d8   0x0000004c   Code   RO         2104    i.patchlistaux      lcode.o
    0x08018524   0x08018524   0x00000060   Code   RO         2105    i.patchtestreg      lcode.o
    0x08018584   0x08018584   0x00000034   Code   RO         5147    i.posrelat          lstrlib.o
    0x080185b8   0x080185b8   0x000009d8   Code   RO        11172    i.pow               m_ws.l(pow.o)
    0x08018f90   0x08018f90   0x00000036   Code   RO         4949    i.preinit_thread    lstate.o
    0x08018fc6   0x08018fc6   0x00000018   Code   RO         5148    i.prepstate         lstrlib.o
    0x08018fde   0x08018fde   0x00000002   PAD
    0x08018fe0   0x08018fe0   0x00000060   Code   RO         4550    i.primaryexp        lparser.o
    0x08019040   0x08019040   0x0000004c   Code   RO          723    i.print_version     mculua.o
    0x0801908c   0x0801908c   0x00000014   Code   RO         3338    i.propagateall      lgc.o
    0x080190a0   0x080190a0   0x000000a4   Code   RO         3339    i.propagatemark     lgc.o
    0x08019144   0x08019144   0x00000054   Code   RO         5149    i.push_captures     lstrlib.o
    0x08019198   0x08019198   0x000000b0   Code   RO         5150    i.push_onecapture   lstrlib.o
    0x08019248   0x08019248   0x0000008c   Code   RO         5944    i.pushclosure       lvm.o
    0x080192d4   0x080192d4   0x000000c4   Code   RO         1511    i.pushfuncname      lauxlib.o
    0x08019398   0x08019398   0x000000a4   Code   RO         1512    i.pushglobalfuncname  lauxlib.o
    0x0801943c   0x0801943c   0x00000084   Code   RO          724    i.pushline          mculua.o
    0x080194c0   0x080194c0   0x00000044   Code   RO         4210    i.pushnexttemplate  loadlib.o
    0x08019504   0x08019504   0x00000058   Code   RO         4042    i.pushnumint        lmathlib.o
    0x0801955c   0x0801955c   0x0000002c   Code   RO         4358    i.pushstr           lobject.o
    0x08019588   0x08019588   0x00000060   Code   RO         5855    i.pushutfchar       lutf8lib.o
    0x080195e8   0x080195e8   0x0000004c   Code   RO         3636    i.read_all          liolib.o
    0x08019634   0x08019634   0x0000004a   Code   RO         3637    i.read_chars        liolib.o
    0x0801967e   0x0801967e   0x0000009c   Code   RO         3638    i.read_line         liolib.o
    0x0801971a   0x0801971a   0x00000002   PAD
    0x0801971c   0x0801971c   0x0000018c   Code   RO         3863    i.read_long_string  llex.o
    0x080198a8   0x080198a8   0x000000e4   Code   RO         3639    i.read_number       liolib.o
    0x0801998c   0x0801998c   0x00000138   Code   RO         3864    i.read_numeral      llex.o
    0x08019ac4   0x08019ac4   0x00000298   Code   RO         3865    i.read_string       llex.o
    0x08019d5c   0x08019d5c   0x00000024   Code   RO         4211    i.readable          loadlib.o
    0x08019d80   0x08019d80   0x00000098   Code   RO         3866    i.readdecesc        llex.o
    0x08019e18   0x08019e18   0x0000004a   Code   RO         3640    i.readdigits        liolib.o
    0x08019e62   0x08019e62   0x00000024   Code   RO         3867    i.readhexaesc       llex.o
    0x08019e86   0x08019e86   0x00000002   PAD
    0x08019e88   0x08019e88   0x00000128   Code   RO         3868    i.readutf8esc       llex.o
    0x08019fb0   0x08019fb0   0x0000006c   Code   RO        11621    i.realloc           mc_w.l(mallocr.o)
    0x0801a01c   0x0801a01c   0x000000de   Code   RO         3340    i.reallymarkobject  lgc.o
    0x0801a0fa   0x0801a0fa   0x00000002   PAD
    0x0801a0fc   0x0801a0fc   0x00000098   Code   RO         4551    i.recfield          lparser.o
    0x0801a194   0x0801a194   0x00000052   Code   RO         2971    i.recover           ldo.o
    0x0801a1e6   0x0801a1e6   0x00000002   PAD
    0x0801a1e8   0x0801a1e8   0x0000009c   Code   RO         4552    i.registerlocalvar  lparser.o
    0x0801a284   0x0801a284   0x00000062   Code   RO         5454    i.rehash            ltable.o
    0x0801a2e6   0x0801a2e6   0x00000062   Code   RO         3341    i.remarkupvals      lgc.o
    0x0801a348   0x0801a348   0x00000018   Code   RO         3342    i.removeentry       lgc.o
    0x0801a360   0x0801a360   0x00000024   Code   RO         2106    i.removevalues      lcode.o
    0x0801a384   0x0801a384   0x0000003e   Code   RO         4553    i.removevars        lparser.o
    0x0801a3c2   0x0801a3c2   0x00000078   Code   RO         4554    i.repeatstat        lparser.o
    0x0801a43a   0x0801a43a   0x00000002   PAD
    0x0801a43c   0x0801a43c   0x00000030   Code   RO          725    i.report            mculua.o
    0x0801a46c   0x0801a46c   0x00000006   Code   RO         5151    i.reprepstate       lstrlib.o
    0x0801a472   0x0801a472   0x00000002   PAD
    0x0801a474   0x0801a474   0x00000074   Code   RO         1513    i.resizebox         lauxlib.o
    0x0801a4e8   0x0801a4e8   0x0000004c   Code   RO         3343    i.restartcollection  lgc.o
    0x0801a534   0x0801a534   0x0000007a   Code   RO         2972    i.resume            ldo.o
    0x0801a5ae   0x0801a5ae   0x00000034   Code   RO         2973    i.resume_error      ldo.o
    0x0801a5e2   0x0801a5e2   0x000000ac   Code   RO         4555    i.retstat           lparser.o
    0x0801a68e   0x0801a68e   0x00000032   Code   RO          963    i.reverse           lapi.o
    0x0801a6c0   0x0801a6c0   0x0000001a   Code   RO        10945    i.rt_alloc_box      RTX_CM3.lib(rt_membox.o)
    0x0801a6da   0x0801a6da   0x0000003e   Code   RO        10973    i.rt_alloc_mem      RTX_CM3.lib(rt_memory.o)
    0x0801a718   0x0801a718   0x00000038   Code   RO        10493    i.rt_block          RTX_CM3.lib(rt_task.o)
    0x0801a750   0x0801a750   0x00000048   Code   RO        11045    i.rt_chk_robin      RTX_CM3.lib(rt_robin.o)
    0x0801a798   0x0801a798   0x00000070   Code   RO        10714    i.rt_dec_dly        RTX_CM3.lib(rt_list.o)
    0x0801a808   0x0801a808   0x00000044   Code   RO        10494    i.rt_dispatch       RTX_CM3.lib(rt_task.o)
    0x0801a84c   0x0801a84c   0x00000006   Code   RO        10880    i.rt_dly_wait       RTX_CM3.lib(rt_time.o)
    0x0801a852   0x0801a852   0x00000002   PAD
    0x0801a854   0x0801a854   0x00000050   Code   RO        10671    i.rt_evt_psh        RTX_CM3.lib(rt_event.o)
    0x0801a8a4   0x0801a8a4   0x0000005c   Code   RO        10672    i.rt_evt_set        RTX_CM3.lib(rt_event.o)
    0x0801a900   0x0801a900   0x0000003c   Code   RO        10673    i.rt_evt_wait       RTX_CM3.lib(rt_event.o)
    0x0801a93c   0x0801a93c   0x0000002c   Code   RO        10946    i.rt_free_box       RTX_CM3.lib(rt_membox.o)
    0x0801a968   0x0801a968   0x00000028   Code   RO        10974    i.rt_free_mem       RTX_CM3.lib(rt_memory.o)
    0x0801a990   0x0801a990   0x00000028   Code   RO        10715    i.rt_get_first      RTX_CM3.lib(rt_list.o)
    0x0801a9b8   0x0801a9b8   0x00000008   Code   RO         9924    i.rt_id2obj         RTX_CM3.lib(rt_cmsis.o)
    0x0801a9c0   0x0801a9c0   0x00000048   Code   RO        10495    i.rt_init_context   RTX_CM3.lib(rt_task.o)
    0x0801aa08   0x0801aa08   0x0000001a   Code   RO        10975    i.rt_init_mem       RTX_CM3.lib(rt_memory.o)
    0x0801aa22   0x0801aa22   0x00000002   PAD
    0x0801aa24   0x0801aa24   0x00000018   Code   RO        11046    i.rt_init_robin     RTX_CM3.lib(rt_robin.o)
    0x0801aa3c   0x0801aa3c   0x00000080   Code   RO        11000    i.rt_init_stack     RTX_CM3.lib(hal_cm.o)
    0x0801aabc   0x0801aabc   0x00000008   Code   RO        10792    i.rt_mbx_check      RTX_CM3.lib(rt_mailbox.o)
    0x0801aac4   0x0801aac4   0x0000001a   Code   RO        10793    i.rt_mbx_init       RTX_CM3.lib(rt_mailbox.o)
    0x0801aade   0x0801aade   0x00000002   PAD
    0x0801aae0   0x0801aae0   0x000000f0   Code   RO        10794    i.rt_mbx_psh        RTX_CM3.lib(rt_mailbox.o)
    0x0801abd0   0x0801abd0   0x00000098   Code   RO        10795    i.rt_mbx_send       RTX_CM3.lib(rt_mailbox.o)
    0x0801ac68   0x0801ac68   0x000000b4   Code   RO        10796    i.rt_mbx_wait       RTX_CM3.lib(rt_mailbox.o)
    0x0801ad1c   0x0801ad1c   0x00000044   Code   RO         9925    i.rt_ms2tick        RTX_CM3.lib(rt_cmsis.o)
    0x0801ad60   0x0801ad60   0x0000007c   Code   RO        10582    i.rt_pop_req        RTX_CM3.lib(rt_system.o)
    0x0801addc   0x0801addc   0x00000020   Code   RO        10583    i.rt_psh_req        RTX_CM3.lib(rt_system.o)
    0x0801adfc   0x0801adfc   0x0000005c   Code   RO        10717    i.rt_psq_enq        RTX_CM3.lib(rt_list.o)
    0x0801ae58   0x0801ae58   0x00000048   Code   RO        10718    i.rt_put_dly        RTX_CM3.lib(rt_list.o)
    0x0801aea0   0x0801aea0   0x00000036   Code   RO        10719    i.rt_put_prio       RTX_CM3.lib(rt_list.o)
    0x0801aed6   0x0801aed6   0x00000002   PAD
    0x0801aed8   0x0801aed8   0x00000014   Code   RO        10720    i.rt_put_rdy_first  RTX_CM3.lib(rt_list.o)
    0x0801aeec   0x0801aeec   0x00000034   Code   RO        10721    i.rt_resort_prio    RTX_CM3.lib(rt_list.o)
    0x0801af20   0x0801af20   0x00000006   Code   RO        11001    i.rt_ret_val        RTX_CM3.lib(hal_cm.o)
    0x0801af26   0x0801af26   0x00000008   Code   RO        11002    i.rt_ret_val2       RTX_CM3.lib(hal_cm.o)
    0x0801af2e   0x0801af2e   0x00000028   Code   RO        10722    i.rt_rmv_dly        RTX_CM3.lib(rt_list.o)
    0x0801af56   0x0801af56   0x00000002   PAD
    0x0801af58   0x0801af58   0x00000030   Code   RO        10723    i.rt_rmv_list       RTX_CM3.lib(rt_list.o)
    0x0801af88   0x0801af88   0x00000034   Code   RO        10841    i.rt_sem_psh        RTX_CM3.lib(rt_semaphore.o)
    0x0801afbc   0x0801afbc   0x00000024   Code   RO        10585    i.rt_stk_check      RTX_CM3.lib(rt_system.o)
    0x0801afe0   0x0801afe0   0x00000028   Code   RO        10496    i.rt_switch_req     RTX_CM3.lib(rt_task.o)
    0x0801b008   0x0801b008   0x000000cc   Code   RO        10497    i.rt_sys_init       RTX_CM3.lib(rt_task.o)
    0x0801b0d4   0x0801b0d4   0x00000078   Code   RO        10498    i.rt_sys_start      RTX_CM3.lib(rt_task.o)
    0x0801b14c   0x0801b14c   0x00000040   Code   RO        10587    i.rt_systick        RTX_CM3.lib(rt_system.o)
    0x0801b18c   0x0801b18c   0x00000012   Code   RO         9926    i.rt_tid2ptcb       RTX_CM3.lib(rt_cmsis.o)
    0x0801b19e   0x0801b19e   0x00000002   PAD
    0x0801b1a0   0x0801b1a0   0x00000034   Code   RO         9927    i.rt_timer_insert   RTX_CM3.lib(rt_cmsis.o)
    0x0801b1d4   0x0801b1d4   0x00000088   Code   RO        10499    i.rt_tsk_create     RTX_CM3.lib(rt_task.o)
    0x0801b25c   0x0801b25c   0x0000017c   Code   RO        10500    i.rt_tsk_delete     RTX_CM3.lib(rt_task.o)
    0x0801b3d8   0x0801b3d8   0x0000007c   Code   RO        10502    i.rt_tsk_prio       RTX_CM3.lib(rt_task.o)
    0x0801b454   0x0801b454   0x00000010   Code   RO        10503    i.rt_tsk_self       RTX_CM3.lib(rt_task.o)
    0x0801b464   0x0801b464   0x00000030   Code   RO         3344    i.runafewfinalizers  lgc.o
    0x0801b494   0x0801b494   0x00000068   Code   RO         3869    i.save              llex.o
    0x0801b4fc   0x0801b4fc   0x00000108   Code   RO         5152    i.scanformat        lstrlib.o
    0x0801b604   0x0801b604   0x00000054   Code   RO         4212    i.searcher_C        loadlib.o
    0x0801b658   0x0801b658   0x000000b4   Code   RO         4213    i.searcher_Croot    loadlib.o
    0x0801b70c   0x0801b70c   0x00000054   Code   RO         4214    i.searcher_Lua      loadlib.o
    0x0801b760   0x0801b760   0x0000006c   Code   RO         4215    i.searcher_preload  loadlib.o
    0x0801b7cc   0x0801b7cc   0x000000c8   Code   RO         4216    i.searchpath        loadlib.o
    0x0801b894   0x0801b894   0x0000002a   Code   RO         4556    i.searchupvalue     lparser.o
    0x0801b8be   0x0801b8be   0x0000002c   Code   RO         4557    i.searchvar         lparser.o
    0x0801b8ea   0x0801b8ea   0x00000010   Code   RO         4558    i.semerror          lparser.o
    0x0801b8fa   0x0801b8fa   0x00000040   Code   RO         3345    i.separatetobefnz   lgc.o
    0x0801b93a   0x0801b93a   0x00000022   Code   RO         5599    i.set2              ltablib.o
    0x0801b95c   0x0801b95c   0x000000a8   Code   RO         6154    i.setallfields      loslib.o
    0x0801ba04   0x0801ba04   0x00000044   Code   RO         5455    i.setarrayvector    ltable.o
    0x0801ba48   0x0801ba48   0x00000026   Code   RO         6155    i.setboolfield      loslib.o
    0x0801ba6e   0x0801ba6e   0x00000002   PAD
    0x0801ba70   0x0801ba70   0x00000080   Code   RO         2974    i.seterrorobj       ldo.o
    0x0801baf0   0x0801baf0   0x00000020   Code   RO         6156    i.setfield          loslib.o
    0x0801bb10   0x0801bb10   0x00000090   Code   RO         5456    i.setnodevector     ltable.o
    0x0801bba0   0x0801bba0   0x000000a8   Code   RO         4217    i.setpath           loadlib.o
    0x0801bc48   0x0801bc48   0x0000003c   Code   RO         3346    i.setpause          lgc.o
    0x0801bc84   0x0801bc84   0x0000001e   Code   RO         2580    i.settabsb          ldblib.o
    0x0801bca2   0x0801bca2   0x00000020   Code   RO         2581    i.settabsi          ldblib.o
    0x0801bcc2   0x0801bcc2   0x0000001e   Code   RO         2582    i.settabss          ldblib.o
    0x0801bce0   0x0801bce0   0x00000124   Code   RO         4559    i.simpleexp         lparser.o
    0x0801be04   0x0801be04   0x000000a0   Code   RO        11182    i.sin               m_ws.l(sin.o)
    0x0801bea4   0x0801bea4   0x00000054   Code   RO         5153    i.singlematch       lstrlib.o
    0x0801bef8   0x0801bef8   0x000000e6   Code   RO         3347    i.singlestep        lgc.o
    0x0801bfde   0x0801bfde   0x00000048   Code   RO         4560    i.singlevar         lparser.o
    0x0801c026   0x0801c026   0x00000080   Code   RO         4561    i.singlevaraux      lparser.o
    0x0801c0a6   0x0801c0a6   0x00000002   PAD
    0x0801c0a8   0x0801c0a8   0x00000044   Code   RO         1514    i.skipBOM           lauxlib.o
    0x0801c0ec   0x0801c0ec   0x00000076   Code   RO         3870    i.skip_sep          llex.o
    0x0801c162   0x0801c162   0x00000036   Code   RO         1515    i.skipcomment       lauxlib.o
    0x0801c198   0x0801c198   0x0000001c   Code   RO         4562    i.skipnoopstat      lparser.o
    0x0801c1b4   0x0801c1b4   0x00000078   Code   RO         5600    i.sort              ltablib.o
    0x0801c22c   0x0801c22c   0x00000062   Code   RO         5601    i.sort_comp         ltablib.o
    0x0801c28e   0x0801c28e   0x0000004c   Code   RO        11190    i.sqrt              m_ws.l(sqrt.o)
    0x0801c2da   0x0801c2da   0x0000006a   Code   RO         4950    i.stack_init        lstate.o
    0x0801c344   0x0801c344   0x0000003c   Code   RO         2975    i.stackerror        ldo.o
    0x0801c380   0x0801c380   0x00000020   Code   RO         2976    i.stackinuse        ldo.o
    0x0801c3a0   0x0801c3a0   0x0000005c   Code   RO         5154    i.start_capture     lstrlib.o
    0x0801c3fc   0x0801c3fc   0x0000013a   Code   RO         4563    i.statement         lparser.o
    0x0801c536   0x0801c536   0x0000002c   Code   RO         4564    i.statlist          lparser.o
    0x0801c562   0x0801c562   0x00000002   PAD
    0x0801c564   0x0801c564   0x000000d8   Code   RO         5155    i.str_byte          lstrlib.o
    0x0801c63c   0x0801c63c   0x00000074   Code   RO         5156    i.str_char          lstrlib.o
    0x0801c6b0   0x0801c6b0   0x0000001a   Code   RO         4565    i.str_checkname     lparser.o
    0x0801c6ca   0x0801c6ca   0x00000002   PAD
    0x0801c6cc   0x0801c6cc   0x00000078   Code   RO         5157    i.str_dump          lstrlib.o
    0x0801c744   0x0801c744   0x0000000e   Code   RO         5158    i.str_find          lstrlib.o
    0x0801c752   0x0801c752   0x00000172   Code   RO         5159    i.str_find_aux      lstrlib.o
    0x0801c8c4   0x0801c8c4   0x000002d4   Code   RO         5160    i.str_format        lstrlib.o
    0x0801cb98   0x0801cb98   0x000001dc   Code   RO         5161    i.str_gsub          lstrlib.o
    0x0801cd74   0x0801cd74   0x0000001c   Code   RO         5162    i.str_len           lstrlib.o
    0x0801cd90   0x0801cd90   0x00000058   Code   RO         5163    i.str_lower         lstrlib.o
    0x0801cde8   0x0801cde8   0x0000000e   Code   RO         5164    i.str_match         lstrlib.o
    0x0801cdf6   0x0801cdf6   0x00000002   PAD
    0x0801cdf8   0x0801cdf8   0x000003dc   Code   RO         5165    i.str_pack          lstrlib.o
    0x0801d1d4   0x0801d1d4   0x000000b8   Code   RO         5166    i.str_packsize      lstrlib.o
    0x0801d28c   0x0801d28c   0x00000138   Code   RO         5167    i.str_rep           lstrlib.o
    0x0801d3c4   0x0801d3c4   0x0000005e   Code   RO         5168    i.str_reverse       lstrlib.o
    0x0801d422   0x0801d422   0x00000002   PAD
    0x0801d424   0x0801d424   0x0000008c   Code   RO         5169    i.str_sub           lstrlib.o
    0x0801d4b0   0x0801d4b0   0x000001f0   Code   RO         5170    i.str_unpack        lstrlib.o
    0x0801d6a0   0x0801d6a0   0x00000058   Code   RO         5171    i.str_upper         lstrlib.o
    0x0801d6f8   0x0801d6f8   0x0000001c   Code   RO        11198    i.strtod            m_ws.l(strtod.o)
    0x0801d714   0x0801d714   0x000000b8   Code   RO         4566    i.subexpr           lparser.o
    0x0801d7cc   0x0801d7cc   0x000000a2   Code   RO         4567    i.suffixedexp       lparser.o
    0x0801d86e   0x0801d86e   0x00000012   Code   RO         9929    i.svcDelay          RTX_CM3.lib(rt_cmsis.o)
    0x0801d880   0x0801d880   0x00000070   Code   RO         9930    i.svcKernelInitialize  RTX_CM3.lib(rt_cmsis.o)
    0x0801d8f0   0x0801d8f0   0x00000048   Code   RO         9932    i.svcKernelStart    RTX_CM3.lib(rt_cmsis.o)
    0x0801d938   0x0801d938   0x00000024   Code   RO         9935    i.svcMessageCreate  RTX_CM3.lib(rt_cmsis.o)
    0x0801d95c   0x0801d95c   0x0000003a   Code   RO         9936    i.svcMessageGet     RTX_CM3.lib(rt_cmsis.o)
    0x0801d996   0x0801d996   0x00000036   Code   RO         9937    i.svcMessagePut     RTX_CM3.lib(rt_cmsis.o)
    0x0801d9cc   0x0801d9cc   0x00000028   Code   RO         9942    i.svcPoolCreate     RTX_CM3.lib(rt_cmsis.o)
    0x0801d9f4   0x0801d9f4   0x00000024   Code   RO         9948    i.svcSignalSet      RTX_CM3.lib(rt_cmsis.o)
    0x0801da18   0x0801da18   0x00000054   Code   RO         9949    i.svcSignalWait     RTX_CM3.lib(rt_cmsis.o)
    0x0801da6c   0x0801da6c   0x0000006c   Code   RO         9950    i.svcThreadCreate   RTX_CM3.lib(rt_cmsis.o)
    0x0801dad8   0x0801dad8   0x0000001c   Code   RO         9951    i.svcThreadGetId    RTX_CM3.lib(rt_cmsis.o)
    0x0801daf4   0x0801daf4   0x00000038   Code   RO         9954    i.svcThreadTerminate  RTX_CM3.lib(rt_cmsis.o)
    0x0801db2c   0x0801db2c   0x00000018   Code   RO         9956    i.svcTimerCall      RTX_CM3.lib(rt_cmsis.o)
    0x0801db44   0x0801db44   0x0000001e   Code   RO         2748    i.swapextra         ldebug.o
    0x0801db62   0x0801db62   0x00000066   Code   RO         3348    i.sweeplist         lgc.o
    0x0801dbc8   0x0801dbc8   0x00000044   Code   RO         3349    i.sweepstep         lgc.o
    0x0801dc0c   0x0801dc0c   0x0000001e   Code   RO         3350    i.sweeptolive       lgc.o
    0x0801dc2a   0x0801dc2a   0x0000000a   Code   RO         9963    i.sysPoolAlloc      RTX_CM3.lib(rt_cmsis.o)
    0x0801dc34   0x0801dc34   0x00000014   Code   RO         9964    i.sysPoolFree       RTX_CM3.lib(rt_cmsis.o)
    0x0801dc48   0x0801dc48   0x0000005c   Code   RO         9965    i.sysTimerTick      RTX_CM3.lib(rt_cmsis.o)
    0x0801dca4   0x0801dca4   0x00000006   Code   RO         6256    i.system            lua_cross.o
    0x0801dcaa   0x0801dcaa   0x00000022   Code   RO         1516    i.tag_error         lauxlib.o
    0x0801dccc   0x0801dccc   0x00000064   Code   RO        11202    i.tan               m_ws.l(tan.o)
    0x0801dd30   0x0801dd30   0x000000a8   Code   RO         5602    i.tconcat           ltablib.o
    0x0801ddd8   0x0801ddd8   0x00000022   Code   RO         3641    i.test2             liolib.o
    0x0801ddfa   0x0801ddfa   0x00000002   PAD
    0x0801ddfc   0x0801ddfc   0x00000030   Code   RO         3642    i.test_eof          liolib.o
    0x0801de2c   0x0801de2c   0x000000c4   Code   RO         4568    i.test_then_block   lparser.o
    0x0801def0   0x0801def0   0x0000001a   Code   RO         4569    i.testnext          lparser.o
    0x0801df0a   0x0801df0a   0x00000006   Code   RO         6257    i.time              lua_cross.o
    0x0801df10   0x0801df10   0x00000048   Code   RO          424    i.timeout_thread    timeoutthread.o
    0x0801df58   0x0801df58   0x000000f0   Code   RO         5603    i.tinsert           ltablib.o
    0x0801e048   0x0801e048   0x000001c4   Code   RO         5604    i.tmove             ltablib.o
    0x0801e20c   0x0801e20c   0x00000048   Code   RO         3643    i.tofile            liolib.o
    0x0801e254   0x0801e254   0x0000004a   Code   RO         2107    i.tonumeral         lcode.o
    0x0801e29e   0x0801e29e   0x0000004e   Code   RO         3351    i.traverseCclosure  lgc.o
    0x0801e2ec   0x0801e2ec   0x00000078   Code   RO         3352    i.traverseLclosure  lgc.o
    0x0801e364   0x0801e364   0x000000e0   Code   RO         3353    i.traverseephemeron  lgc.o
    0x0801e444   0x0801e444   0x0000012c   Code   RO         3354    i.traverseproto     lgc.o
    0x0801e570   0x0801e570   0x0000009a   Code   RO         3355    i.traversestrongtable  lgc.o
    0x0801e60a   0x0801e60a   0x000000ce   Code   RO         3356    i.traversetable     lgc.o
    0x0801e6d8   0x0801e6d8   0x0000007e   Code   RO         3357    i.traversethread    lgc.o
    0x0801e756   0x0801e756   0x00000078   Code   RO         3358    i.traverseweakvalue  lgc.o
    0x0801e7ce   0x0801e7ce   0x00000030   Code   RO         2583    i.treatstackoption  ldblib.o
    0x0801e7fe   0x0801e7fe   0x00000002   PAD
    0x0801e800   0x0801e800   0x000000c0   Code   RO         5605    i.tremove           ltablib.o
    0x0801e8c0   0x0801e8c0   0x00000064   Code   RO         2977    i.tryfuncTM         ldo.o
    0x0801e924   0x0801e924   0x0000004c   Code   RO         3871    i.txtToken          llex.o
    0x0801e970   0x0801e970   0x00000094   Code   RO         1517    i.typeerror         lauxlib.o
    0x0801ea04   0x0801ea04   0x00000034   Code   RO         5856    i.u_posrelat        lutf8lib.o
    0x0801ea38   0x0801ea38   0x000000cc   Code   RO          575    i.uart1_init        usart.o
    0x0801eb04   0x0801eb04   0x000000cc   Code   RO          576    i.uart2_init        usart.o
    0x0801ebd0   0x0801ebd0   0x000000d0   Code   RO          577    i.uart3_init        usart.o
    0x0801eca0   0x0801eca0   0x000000d0   Code   RO          578    i.uart4_init        usart.o
    0x0801ed70   0x0801ed70   0x00000032   Code   RO          579    i.uart_init         usart.o
    0x0801eda2   0x0801eda2   0x00000002   PAD
    0x0801eda4   0x0801eda4   0x000001bc   Code   RO          278    i.uart_receive_thread  uartthread.o
    0x0801ef60   0x0801ef60   0x00000034   Code   RO          279    i.uart_send_datas   uartthread.o
    0x0801ef94   0x0801ef94   0x00000114   Code   RO          280    i.uart_send_thread  uartthread.o
    0x0801f0a8   0x0801f0a8   0x00000120   Code   RO          210    i.uart_test_thread  uarttestthread.o
    0x0801f1c8   0x0801f1c8   0x0000003a   Code   RO         3359    i.udata2finalize    lgc.o
    0x0801f202   0x0801f202   0x00000066   Code   RO         5457    i.unbound_search    ltable.o
    0x0801f268   0x0801f268   0x00000088   Code   RO         4570    i.undefgoto         lparser.o
    0x0801f2f0   0x0801f2f0   0x00000038   Code   RO         2584    i.unmakemask        ldblib.o
    0x0801f328   0x0801f328   0x000000c0   Code   RO         5606    i.unpack            ltablib.o
    0x0801f3e8   0x0801f3e8   0x0000010c   Code   RO         5172    i.unpackint         lstrlib.o
    0x0801f4f4   0x0801f4f4   0x00000040   Code   RO         2978    i.unroll            ldo.o
    0x0801f534   0x0801f534   0x00000018   Code   RO         2749    i.upvalname         ldebug.o
    0x0801f54c   0x0801f54c   0x00000074   Code   RO         5857    i.utf8_decode       lutf8lib.o
    0x0801f5c0   0x0801f5c0   0x0000002e   Code   RO         3872    i.utf8esc           llex.o
    0x0801f5ee   0x0801f5ee   0x0000004e   Code   RO         5858    i.utfchar           lutf8lib.o
    0x0801f63c   0x0801f63c   0x00000128   Code   RO         5859    i.utflen            lutf8lib.o
    0x0801f764   0x0801f764   0x000000a4   Code   RO         2108    i.validop           lcode.o
    0x0801f808   0x0801f808   0x00000078   Code   RO         2750    i.varinfo           ldebug.o
    0x0801f880   0x0801f880   0x0000006e   Code   RO         4571    i.whilestat         lparser.o
    0x0801f8ee   0x0801f8ee   0x0000001c   Code   RO         5173    i.writer            lstrlib.o
    0x0801f90a   0x0801f90a   0x00000026   Code   RO         4572    i.yindex            lparser.o
    0x0801f930   0x0801f930   0x00000034   Code   RO          281    i.yu_prints         uartthread.o
    0x0801f964   0x0801f964   0x0000003c   Code   RO          282    i.yu_puts           uartthread.o
    0x0801f9a0   0x0801f9a0   0x0000005c   Code   RO          283    i.yu_readline       uartthread.o
    0x0801f9fc   0x0801f9fc   0x00000010   Data   RO          211    .constdata          uarttestthread.o
    0x0801fa0c   0x0801fa0c   0x00000010   Data   RO          246    .constdata          ledthread.o
    0x0801fa1c   0x0801fa1c   0x00000070   Data   RO          285    .constdata          uartthread.o
    0x0801fa8c   0x0801fa8c   0x00000010   Data   RO          388    .constdata          keythread.o
    0x0801fa9c   0x0801fa9c   0x00000010   Data   RO          425    .constdata          timeoutthread.o
    0x0801faac   0x0801faac   0x00000010   Data   RO          470    .constdata          luathread.o
    0x0801fabc   0x0801fabc   0x00000008   Data   RO          515    .constdata          led.o
    0x0801fac4   0x0801fac4   0x00000004   PAD
    0x0801fac8   0x0801fac8   0x00000090   Data   RO          964    .constdata          lapi.o
    0x0801fb58   0x0801fb58   0x0000010c   Data   RO         1869    .constdata          lbaselib.o
    0x0801fc64   0x0801fc64   0x00000004   PAD
    0x0801fc68   0x0801fc68   0x00000018   Data   RO         2109    .constdata          lcode.o
    0x0801fc80   0x0801fc80   0x00000040   Data   RO         2462    .constdata          lcorolib.o
    0x0801fcc0   0x0801fcc0   0x00000101   Data   RO         2539    .constdata          lctype.o
    0x0801fdc1   0x0801fdc1   0x00000003   PAD
    0x0801fdc4   0x0801fdc4   0x000000a0   Data   RO         2585    .constdata          ldblib.o
    0x0801fe64   0x0801fe64   0x000000e8   Data   RO         3644    .constdata          liolib.o
    0x0801ff4c   0x0801ff4c   0x00000094   Data   RO         3873    .constdata          llex.o
    0x0801ffe0   0x0801ffe0   0x000000e0   Data   RO         4043    .constdata          lmathlib.o
    0x080200c0   0x080200c0   0x00000068   Data   RO         4218    .constdata          loadlib.o
    0x08020128   0x08020128   0x00000110   Data   RO         4359    .constdata          lobject.o
    0x08020238   0x08020238   0x000000ef   Data   RO         4474    .constdata          lopcodes.o
    0x08020327   0x08020327   0x0000002a   Data   RO         4573    .constdata          lparser.o
    0x08020351   0x08020351   0x00000003   PAD
    0x08020354   0x08020354   0x00000094   Data   RO         5174    .constdata          lstrlib.o
    0x080203e8   0x080203e8   0x00000020   Data   RO         5458    .constdata          ltable.o
    0x08020408   0x08020408   0x00000040   Data   RO         5607    .constdata          ltablib.o
    0x08020448   0x08020448   0x00000098   Data   RO         5702    .constdata          ltm.o
    0x080204e0   0x080204e0   0x00000048   Data   RO         5860    .constdata          lutf8lib.o
    0x08020528   0x08020528   0x00000058   Data   RO         6112    .constdata          linit.o
    0x08020580   0x08020580   0x00000094   Data   RO         6157    .constdata          loslib.o
    0x08020614   0x08020614   0x00000068   Data   RO         6286    .constdata          rtx_conf_cm.o
    0x0802067c   0x0802067c   0x00000004   PAD
    0x08020680   0x08020680   0x00000050   Data   RO        11081    .constdata          m_ws.l(acos.o)
    0x080206d0   0x080206d0   0x00000050   Data   RO        11091    .constdata          m_ws.l(asin.o)
    0x08020720   0x08020720   0x00000058   Data   RO        11125    .constdata          m_ws.l(exp.o)
    0x08020778   0x08020778   0x00000038   Data   RO        11151    .constdata          m_ws.l(log.o)
    0x080207b0   0x080207b0   0x00000088   Data   RO        11173    .constdata          m_ws.l(pow.o)
    0x08020838   0x08020838   0x00000081   Data   RO        11264    .constdata          mc_w.l(ctype_o.o)
    0x080208b9   0x080208b9   0x00000003   PAD
    0x080208bc   0x080208bc   0x00000004   Data   RO        11265    .constdata          mc_w.l(ctype_o.o)
    0x080208c0   0x080208c0   0x0000000c   Data   RO        11311    .constdata          mc_w.l(mktime.o)
    0x080208cc   0x080208cc   0x00000056   Data   RO        11314    .constdata          mc_w.l(strftime.o)
    0x08020922   0x08020922   0x00000006   PAD
    0x08020928   0x08020928   0x00000098   Data   RO        11675    .constdata          m_ws.l(atan.o)
    0x080209c0   0x080209c0   0x00000030   Data   RO        11684    .constdata          m_ws.l(cos_i.o)
    0x080209f0   0x080209f0   0x00000008   Data   RO        11704    .constdata          m_ws.l(qnan.o)
    0x080209f8   0x080209f8   0x000000c8   Data   RO        11707    .constdata          m_ws.l(rred.o)
    0x08020ac0   0x08020ac0   0x00000028   Data   RO        11711    .constdata          m_ws.l(sin_i.o)
    0x08020ae8   0x08020ae8   0x00000060   Data   RO        11717    .constdata          m_ws.l(tan_i.o)
    0x08020b48   0x08020b48   0x00000038   Data   RO        11739    .constdata          mc_w.l(ilconv.o)
    0x08020b80   0x08020b80   0x0000000c   Data   RO        11745    .constdata          mc_w.l(localtime_i.o)
    0x08020b8c   0x08020b8c   0x00000004   Data   RO          726    .conststring        mculua.o
    0x08020b90   0x08020b90   0x00000131   Data   RO         1870    .conststring        lbaselib.o
    0x08020cc1   0x08020cc1   0x00000003   PAD
    0x08020cc4   0x08020cc4   0x0000003b   Data   RO         2463    .conststring        lcorolib.o
    0x08020cff   0x08020cff   0x00000001   PAD
    0x08020d00   0x08020d00   0x000000c4   Data   RO         2586    .conststring        ldblib.o
    0x08020dc4   0x08020dc4   0x0000008b   Data   RO         3645    .conststring        liolib.o
    0x08020e4f   0x08020e4f   0x00000001   PAD
    0x08020e50   0x08020e50   0x000000d8   Data   RO         3874    .conststring        llex.o
    0x08020f28   0x08020f28   0x000000b0   Data   RO         4044    .conststring        lmathlib.o
    0x08020fd8   0x08020fd8   0x00000126   Data   RO         4219    .conststring        loadlib.o
    0x080210fe   0x080210fe   0x00000002   PAD
    0x08021100   0x08021100   0x0000015f   Data   RO         4475    .conststring        lopcodes.o
    0x0802125f   0x0802125f   0x00000001   PAD
    0x08021260   0x08021260   0x0000007f   Data   RO         5175    .conststring        lstrlib.o
    0x080212df   0x080212df   0x00000001   PAD
    0x080212e0   0x080212e0   0x00000025   Data   RO         5608    .conststring        ltablib.o
    0x08021305   0x08021305   0x00000003   PAD
    0x08021308   0x08021308   0x000000fb   Data   RO         5703    .conststring        ltm.o
    0x08021403   0x08021403   0x00000001   PAD
    0x08021404   0x08021404   0x00000026   Data   RO         5861    .conststring        lutf8lib.o
    0x0802142a   0x0802142a   0x00000002   PAD
    0x0802142c   0x0802142c   0x0000002b   Data   RO         6113    .conststring        linit.o
    0x08021457   0x08021457   0x00000001   PAD
    0x08021458   0x08021458   0x000000c5   Data   RO         6158    .conststring        loslib.o
    0x0802151d   0x0802151d   0x00000003   PAD
    0x08021520   0x08021520   0x00000005   Data   RO        11740    .conststring        mc_w.l(ilconv.o)
    0x08021525   0x08021525   0x00000003   PAD
    0x08021528   0x08021528   0x00000020   Data   RO        11782    Region$$Table       anon$$obj.o


    Execution Region RW_IRAM1 (Exec base: 0x20000000, Load base: 0x08021548, Size: 0x0000b0c0, Max: 0x0000c000, ABSOLUTE)

    Exec Addr    Load Addr    Size         Type   Attr      Idx    E Section Name        Object

    0x20000000   0x08021548   0x00000004   Data   RW            5    .data               main.o
    0x20000004   0x0802154c   0x00000004   Data   RW          212    .data               uarttestthread.o
    0x20000008   0x08021550   0x00000004   Data   RW          247    .data               ledthread.o
    0x2000000c   0x08021554   0x00000046   Data   RW          286    .data               uartthread.o
    0x20000052   0x0802159a   0x00000002   PAD
    0x20000054   0x0802159c   0x0000000c   Data   RW          389    .data               keythread.o
    0x20000060   0x080215a8   0x00000004   Data   RW          426    .data               timeoutthread.o
    0x20000064   0x080215ac   0x00000004   Data   RW          471    .data               luathread.o
    0x20000068   0x080215b0   0x00000002   Data   RW          670    .data               key.o
    0x2000006a   0x080215b2   0x00000002   PAD
    0x2000006c   0x080215b4   0x00000004   Data   RW          727    .data               mculua.o
    0x20000070   0x080215b8   0x00000008   Data   RW          825    .data               retarget.o
    0x20000078   0x080215c0   0x00000010   Data   RW         6287    .data               rtx_conf_cm.o
    0x20000088   0x080215d0   0x00000014   Data   RW         8109    .data               stm32f10x_rcc.o
    0x2000009c   0x080215e4   0x00000008   Data   RW         9968    .data               RTX_CM3.lib(rt_cmsis.o)
    0x200000a4   0x080215ec   0x00000008   Data   RW        10505    .data               RTX_CM3.lib(rt_task.o)
    0x200000ac   0x080215f4   0x00000008   Data   RW        10590    .data               RTX_CM3.lib(rt_system.o)
    0x200000b4   0x080215fc   0x00000004   Data   RW        10884    .data               RTX_CM3.lib(rt_time.o)
    0x200000b8   0x08021600   0x00000001   Data   RW        11003    .data               RTX_CM3.lib(hal_cm.o)
    0x200000b9   0x08021601   0x00000003   PAD
    0x200000bc   0x08021604   0x00000008   Data   RW        11047    .data               RTX_CM3.lib(rt_robin.o)
    0x200000c4   0x0802160c   0x00000003   Data   RW        11213    .data               mc_w.l(fgetc_u.o)
    0x200000c7   0x0802160f   0x00000001   PAD
    0x200000c8   0x08021610   0x00000004   Data   RW        11254    .data               mc_w.l(stderr.o)
    0x200000cc   0x08021614   0x00000004   Data   RW        11296    .data               mc_w.l(rand.o)
    0x200000d0   0x08021618   0x00000004   Data   RW        11645    .data               mc_w.l(errno.o)
    0x200000d4   0x0802161c   0x00000004   Data   RW        11747    .data               mc_w.l(mvars.o)
    0x200000d8   0x08021620   0x00000004   Data   RW        11748    .data               mc_w.l(mvars.o)
    0x200000dc        -       0x00000228   Zero   RW          284    .bss                uartthread.o
    0x20000304   0x08021624   0x00000004   PAD
    0x20000308        -       0x00002528   Zero   RW         6285    .bss                rtx_conf_cm.o
    0x20002830        -       0x00000034   Zero   RW        10504    .bss                RTX_CM3.lib(rt_task.o)
    0x20002864        -       0x00000030   Zero   RW        10724    .bss                RTX_CM3.lib(rt_list.o)
    0x20002894        -       0x0000002c   Zero   RW        11742    .bss                mc_w.l(localtime_w.o)
    0x200028c0        -       0x00007800   Zero   RW         9819    HEAP                startup_stm32f10x_hd.o
    0x2000a0c0        -       0x00001000   Zero   RW         9818    STACK               startup_stm32f10x_hd.o


==============================================================================

Image component sizes


      Code (inc. data)   RO Data    RW Data    ZI Data      Debug   Object Name

       368         50          0          0          0      12419   dma_stm32f10x.o
       588         66          0          0          0       5814   gpio_stm32f10x.o
       240         34          0          2          0       1627   key.o
       172         30         16         12          0       1846   keythread.o
      5652        106        144          0          0      73591   lapi.o
      5328       1032          0          0          0      44299   lauxlib.o
      2864        446        573          0          0      17751   lbaselib.o
         0          0          0          0          0       6020   lbitlib.o
      5010        258         24          0          0      66504   lcode.o
       848        168        123          0          0      13788   lcorolib.o
         0          0        257          0          0       2990   lctype.o
      2758        444        356          0          0      16564   ldblib.o
      3420        460          0          0          0      45372   ldebug.o
      3548        354          0          0          0      43712   ldo.o
       966         30          0          0          0      25718   ldump.o
       188         14          8          0          0       5614   led.o
        76         10         16          4          0       1628   ledthread.o
       592          0          0          0          0       5463   lfunc.o
      4600         64          0          0          0      49676   lgc.o
        44          4        131          0          0       1148   linit.o
      3830        742        371          0          0      28193   liolib.o
      4326        462        364          0          0      36520   llex.o
      2140        226        400          0          0      13807   lmathlib.o
       292         72          0          0          0       1986   lmem.o
      3030        730        398          0          0      16486   loadlib.o
      2678        188        272          0          0      31336   lobject.o
         0          0        590          0          0        812   lopcodes.o
      1946        454        345          0          0      13149   loslib.o
      8652        774         42          0          0      57054   lparser.o
      1056         16          0          0          0      10582   lstate.o
      1010         24          0          0          0       9038   lstring.o
      9880       1394        275          0          0      42017   lstrlib.o
      2730        134         32          0          0      19521   ltable.o
      2602        334        101          0          0      11448   ltablib.o
       798         90        403          0          0       7306   ltm.o
        14          0          0          0          0       2711   lua_cross.o
        92         22         16          4          0       1612   luathread.o
      1734        280          0          0          0      10426   lundump.o
      1686        292        110          0          0       7495   lutf8lib.o
     12282        492          0          0          0      51378   lvm.o
       158          0          0          0          0       2412   lzio.o
        72          4          0          4          0     269081   main.o
      1482        356          4          4          0       8750   mculua.o
       112         12          0          0          0       1316   misc.o
        38          0          0          8          0       3337   retarget.o
        62          6        104         16       9512       7564   rtx_conf_cm.o
        36          8        304          0      34816        792   startup_stm32f10x_hd.o
       148          6          0          0          0       1276   stm32f10x_exti.o
       342          4          0          0          0       2930   stm32f10x_gpio.o
       340         44          0         20          0       6084   stm32f10x_rcc.o
       206         42          0          0          0       2724   stm32f10x_tim.o
       524         28          0          0          0       6673   stm32f10x_usart.o
       328         28          0          0          0       2025   system_stm32f10x.o
       112         26         16          4          0       1724   timeoutthread.o
       244         30          0          0          0        978   timer2.o
       328         52         16          4          0       2008   uarttestthread.o
      1440        228        112         70        552      11157   uartthread.o
       874         34          0          0          0       2952   usart.o

    ----------------------------------------------------------------------
    105110      11204       5992        156      44884    1148204   Object Totals
         0          0         32          0          0          0   (incl. Generated)
       224          0         37          4          4          0   (incl. Padding)

    ----------------------------------------------------------------------

      Code (inc. data)   RO Data    RW Data    ZI Data      Debug   Library Member Name

       238         24          0          1          0       3312   hal_cm.o
       304         36          0          0          0        768   hal_cm3.o
      1680        200          0          8          0      42418   rt_cmsis.o
       272         18          0          0          0       2650   rt_event.o
       530         34          0          0         48       8253   rt_list.o
       706         14          0          0          0       4787   rt_mailbox.o
       140          0          0          0          0       1925   rt_membox.o
       128          0          0          0          0       2307   rt_memory.o
        96         22          0          8          0       1158   rt_robin.o
        52          4          0          0          0        573   rt_semaphore.o
       298         52          0          8          0       6223   rt_system.o
      1216        174          0          8         52       9649   rt_task.o
         6          0          0          4          0        652   rt_time.o
         4          4          0          0          0        208   svc_table.o
       636         62         80          0          0        188   acos.o
       624         52         80          0          0        168   asin.o
       544         70        152          0          0        124   atan.o
       384         38          0          0          0        144   atan2.o
       220         16          0          0          0         84   ceil.o
       156          8          0          0          0        104   cos.o
       252         22         48          0          0        124   cos_i.o
        32          0          0          0          0         88   difftime.o
        68         10          0          0          0        408   dunder.o
       644         90         88          0          0        204   exp.o
       220         16          0          0          0         84   floor.o
       148          4          0          0          0         88   fmod.o
        40          0          0          0          0         68   fpclassify.o
        88          8          0          0          0         76   frexp.o
       860         52         56          0          0        256   log.o
       228         30          0          0          0        120   log10.o
       152         12          0          0          0         88   log2.o
       170          0          0          0          0         96   poly.o
      2520        190        136          0          0        324   pow.o
         0          0          8          0          0          0   qnan.o
       904         76        200          0          0        140   rred.o
       160         10          0          0          0        108   sin.o
       236         12         40          0          0        128   sin_i.o
        76          0          0          0          0         84   sqrt.o
        28          0          0          0          0         80   strtod.o
       100         10          0          0          0         96   tan.o
       636         50         96          0          0        168   tan_i.o
        64          0          0          0          0         84   _sgetc.o
         8          4        133          0          0         68   ctype_o.o
         0          0          0          0          0          0   entry.o
         0          0          0          0          0          0   entry10a.o
         0          0          0          0          0          0   entry11a.o
         8          4          0          0          0          0   entry2.o
         4          0          0          0          0          0   entry5.o
         0          0          0          0          0          0   entry7b.o
         0          0          0          0          0          0   entry8b.o
        20         10          0          4          0        136   errno.o
        56          6          0          3          0        136   fgetc_u.o
        60          0          0          0          0         84   fgets.o
        52          0          0          0          0         88   fread.o
        36          0          0          0          0         84   fwrite.o
         4          0          0          0          0         68   getc.o
        30          0          0          0          0          0   handlers.o
         0          0         61          0          0          0   ilconv.o
        36          8          0          0          0         68   init.o
        18          0          0          0          0         76   isspace_o.o
         0          0          0          0          0          0   iusefp.o
         0          0          0          0          0          0   iusesemig.o
        98          0          0          0          0         84   ldiv.o
        30          0          0          0          0         68   llshl.o
        36          0          0          0          0         68   llsshr.o
        32          0          0          0          0         68   llushr.o
         8          4          0          0          0         68   localeconv.o
       140          6         12          0          0         76   localtime_i.o
        12          6          0          0         44         68   localtime_w.o
       360         30          0          0          0        356   mallocr.o
        20          0          0          0          0         68   memchr.o
        26          0          0          0          0         80   memcmp.o
        36          0          0          0          0         68   memcpya.o
        36          0          0          0          0        108   memseta.o
       168         18         12          0          0         80   mktime.o
         0          0          0          8          0          0   mvars.o
      2324         90          0          0          0        604   printfa.o
        36         10          0          4          0        136   rand.o
       878         12          0          0          0        216   scanf_fp.o
         0          0          0          0          0          0   semi.o
         0          0          0          4          0          0   stderr.o
        20          0          0          0          0         68   strchr.o
        28          0          0          0          0         76   strcmp.o
         4          0          0          0          0         68   strcoll.o
        18          0          0          0          0         68   strcpy.o
       228        196          0          0          0         68   strerror.o
       916        264         86          0          0        144   strftime.o
        14          0          0          0          0         68   strlen.o
        30          0          0          0          0         80   strncmp.o
        32          0          0          0          0         76   strpbrk.o
        28          0          0          0          0         80   strspn.o
        36          0          0          0          0         80   strstr.o
       156         12          0          0          0        120   strtod.o
        12          0          0          0          0         68   tolower.o
        12          0          0          0          0         68   toupper.o
        44          0          0          0          0         80   uidiv.o
        98          0          0          0          0         92   uldiv.o
        48          0          0          0          0         68   cdcmple.o
        48          0          0          0          0         68   cdrcmple.o
        56          0          0          0          0         88   d2f.o
       334          0          0          0          0        148   dadd.o
       222          0          0          0          0        100   ddiv.o
       186          0          0          0          0        176   depilogue.o
        62          0          0          0          0         80   dfixi.o
        74          0          0          0          0         80   dfixl.o
        48          0          0          0          0         68   dfixul.o
        34          0          0          0          0         76   dflti.o
        40          0          0          0          0         80   dfltl.o
        26          0          0          0          0         76   dfltui.o
        24          0          0          0          0         76   dfltul.o
       228          0          0          0          0         96   dmul.o
       134          0          0          0          0         96   drem.o
        46          0          0          0          0         80   dscalb.o
       162          0          0          0          0        100   dsqrt.o
        38          0          0          0          0         68   f2d.o
       110          0          0          0          0        168   fepilogue.o
        62          0          0          0          0         96   setjmp.o

    ----------------------------------------------------------------------
     24118       2100       1300         64        144      94823   Library Totals
        28          0         12          4          0          0   (incl. Padding)

    ----------------------------------------------------------------------

      Code (inc. data)   RO Data    RW Data    ZI Data      Debug   Library Name

      5670        582          0         37        100      84883   RTX_CM3.lib
     10126        838        984          0          0       3640   m_ws.l
      6312        680        304         23         44       4412   mc_w.l
      1982          0          0          0          0       1888   mf_w.l

    ----------------------------------------------------------------------
     24118       2100       1300         64        144      94823   Library Totals

    ----------------------------------------------------------------------

==============================================================================


      Code (inc. data)   RO Data    RW Data    ZI Data      Debug   

    129228      13304       7292        220      45028    1183639   Grand Totals
    129228      13304       7292        220      45028    1183639   ELF Image Totals
    129228      13304       7292        220          0          0   ROM Totals

==============================================================================

    Total RO  Size (Code + RO Data)               136520 ( 133.32kB)
    Total RW  Size (RW Data + ZI Data)             45248 (  44.19kB)
    Total ROM Size (Code + RO Data + RW Data)     136740 ( 133.54kB)

==============================================================================

